12-08 15:41:01.470 I/netd    ( 3436): firewallSetUidRule(1, 99004, 1) <0.11ms>
12-08 15:41:01.485 I/tflite  ( 9384): Initialized TensorFlow Lite runtime.
12-08 15:41:01.519 W/native  ( 9384): W1208 15:41:01.519811    9662 resource_manager_logger.cc:259] ResourceDataType should not be handled
12-08 15:41:01.548 I/cr_WebViewApkApp( 9686): Launched version=96.0.4664.92 minSdkVersion=29 isBundle=true processName=com.google.android.webview:sandboxed_process0:org.chromium.content.app.SandboxedProcessService0:0
12-08 15:41:01.558 I/cr_ChildProcessService( 9686): Creating new ChildProcessService pid=9686
12-08 15:41:01.558 I/res_send( 3436): retrying_poll: 56 retrying_poll returning 1
12-08 15:41:01.558 I/res_stats( 3436): _res_stats_set_sample: rcode = 0, sec = 199
12-08 15:41:01.558 I/res_cache( 3436): _res_cache_add_stats_sample_locked: adding sample to stats, next = 44, count = 44
12-08 15:41:01.558 I/res_send( 3436): res_nsend: used send_dg 34
12-08 15:41:01.558 E/libnetd_resolv( 3436): ]34
12-08 15:41:01.558 I/res_cache( 3436): _resolv_cache_add: query:
12-08 15:41:01.558 E/libnetd_resolv( 3436): ]34
12-08 15:41:01.558 I/res_cache( 3436): answer_getTTL: TTL = 0
12-08 15:41:01.558 I/res_cache( 3436): cache_dump_mru: MRU LIST (36):  37 36 3 2 10 17 12 16 9 6 4 23 35 34 8 33 32 31 30 29 20 11 28 27 26 25 22 5 7 24 19 18 15 14 13 1
12-08 15:41:01.558 E/libnetd_resolv( 3436): F"34
12-08 15:41:01.558 I/res_cache( 3436): _resolv_cache_lookup: lookup
12-08 15:41:01.558 I/res_cache( 3436): _resolv_cache_lookup: FOUND IN CACHE entry=0xe862c0a0
12-08 15:41:01.559 E/ResolverController( 3436): No valid NAT64 prefix (100, <unspecified>/0)
12-08 15:41:01.597 E/libnetd_resolv( 3436): 236
12-08 15:41:01.597 I/res_cache( 3436): _resolv_cache_lookup: lookup
12-08 15:41:01.598 I/res_cache( 3436): _resolv_cache_lookup: NOT IN CACHE
12-08 15:41:01.598 I/res_cache( 3436): _resolv_populate_res_for_net: netid=100
12-08 15:41:01.598 I/res_stats( 3436): res_stats_usable_server: NS stats: S 43 + E 0 + T 2 + I 0 = 45, rtt = 216, min_samples = 8
12-08 15:41:01.598 I/res_stats( 3436): res_stats_usable_server: success rate 95
12-08 15:41:01.598 I/res_send( 3436): res_nsend: using send_dg
12-08 15:41:01.598 I/res_send( 3436): get_timeout: using timeout of 5000 msec
12-08 15:41:01.598 I/res_send( 3436): retrying_poll: 56 retrying_poll
12-08 15:41:01.714 W/DspManager( 9384): #shouldSkipDspInitialization: false
12-08 15:41:01.715 W/chromium( 9384): [FTL:9384:9662:WARNING:publisher.cc(33)] No subscribers for event
12-08 15:41:01.715 W/chromium( 9384): "assistant.api.events.DeviceStateEvent" from publisher "InitializeInternal"
12-08 15:41:01.715 W/chromium( 9384): [FTL:9384:9662:WARNING:publisher.cc(33)] No subscribers for event
12-08 15:41:01.715 W/chromium( 9384): "assistant.api.events.DeviceStateEvent" from publisher "InitializeInternal"
12-08 15:41:01.715 W/DspManager( 9384): Skip creating new DspHotwordDetector as the same locale of DspHotwordDetector is already created.
12-08 15:41:01.755 W/native  ( 9384): W1208 15:41:01.755257    9667 soda_async_impl.cc:319] Creating soda_impl.
12-08 15:41:01.755 W/native  ( 9384): W1208 15:41:01.755521    9667 soda_async_impl.cc:321] Created with thread priority 0
12-08 15:41:01.759 W/native  ( 9384): W1208 15:41:01.759755    9667 soda_async_impl.cc:319] Creating soda_impl.
12-08 15:41:01.759 W/native  ( 9384): W1208 15:41:01.759929    9667 soda_async_impl.cc:321] Created with thread priority 0
12-08 15:41:01.763 W/putmethod.lati( 8774): Suspending all threads took: 13.561ms
12-08 15:41:01.827 W/native  ( 9384): W1208 15:41:01.827197    9742 soda_async_impl.cc:319] Creating soda_impl.
12-08 15:41:01.827 W/native  ( 9384): W1208 15:41:01.827387    9742 soda_async_impl.cc:321] Created with thread priority -8
12-08 15:41:01.850 W/native  ( 9384): W1208 15:41:01.850000    9746 soda_async_impl.cc:319] Creating soda_impl.
12-08 15:41:01.850 W/native  ( 9384): W1208 15:41:01.850188    9746 soda_async_impl.cc:321] Created with thread priority -8
12-08 15:41:01.865 I/res_send( 3436): retrying_poll: 56 retrying_poll returning 1
12-08 15:41:01.865 I/res_stats( 3436): _res_stats_set_sample: rcode = 0, sec = 267
12-08 15:41:01.865 I/res_cache( 3436): _res_cache_add_stats_sample_locked: adding sample to stats, next = 45, count = 45
12-08 15:41:01.865 I/res_send( 3436): res_nsend: used send_dg 179
12-08 15:41:01.865 E/libnetd_resolv( 3436): 2179
12-08 15:41:01.865 I/res_cache( 3436): _resolv_cache_add: query:
12-08 15:41:01.865 E/libnetd_resolv( 3436): 2179
12-08 15:41:01.865 I/res_cache( 3436): answer_getTTL: TTL = 3600
12-08 15:41:01.865 I/res_cache( 3436): _cache_add_p: entry 38 added (count=37)
12-08 15:41:01.865 I/res_cache( 3436): cache_dump_mru: MRU LIST (37):  38 4 37 36 3 2 10 17 12 16 9 6 23 35 34 8 33 32 31 30 29 20 11 28 27 26 25 22 5 7 24 19 18 15 14 13 1
12-08 15:41:01.866 E/ResolverController( 3436): No valid NAT64 prefix (100, <unspecified>/0)
12-08 15:41:01.900 E/SpeechMicro( 9384): Hotword model is single-channel neuralnet.
12-08 15:41:01.900 E/SpeechMicro( 9384): Bad Mic Detector is enabled and Mic Status is determined by the detector.
12-08 15:41:01.913 I/chatty  ( 9365): uid=10045 com.google.android.gms.persistent expire 1 line
12-08 15:41:01.920 E/SpeechMicro( 9384): Hotword model is single-channel neuralnet.
12-08 15:41:01.928 I/chatty  ( 9384): uid=10049(com.google.android.katniss) AudioInputProce identical 2 lines
12-08 15:41:01.936 E/SpeechMicro( 9384): Hotword model is single-channel neuralnet.
12-08 15:41:01.943 W/chromium( 9384): [FTL:9384:9662:WARNING:publisher.cc(33)] No subscribers for event
12-08 15:41:01.943 W/chromium( 9384): "assistant.api.events.DeviceStateEvent" from publisher "InitializeInternal"
12-08 15:41:01.943 W/native  ( 9384): W1208 15:41:01.943927    9662 assistant_manager_impl.cc:2848] Cannot upload cache
12-08 15:41:01.945 W/chromium( 9384): [FTL:9384:9667:WARNING:publisher.cc(33)] No subscribers for event
12-08 15:41:01.945 W/chromium( 9384): "assistant.api.events.MetricEvent" from publisher "RecordCastEventImpl"
12-08 15:41:01.945 W/chromium( 9384): [FTL:9384:9667:WARNING:publisher.cc(33)] No subscribers for event
12-08 15:41:01.945 W/chromium( 9384): "assistant.api.events.ConversationEvent" from publisher "ActivityManagerImpl"
12-08 15:41:01.967 I/AudioFlinger( 3511): AudioFlinger's thread 0xeded8380 tid=9770 ready to run
12-08 15:41:02.014 W/ActivityManager( 3755): Unable to start service Intent { act=com.google.android.gms.nearby.discovery:ACTION_PERMISSION_CHANGE cmp=com.google.android.gms/.nearby.discovery.service.DiscoveryService } U=0: not found
12-08 15:41:02.016 I/AudioService.RecordingActivityMonitor( 3755): rec update riid:87 uid:10049 session:65 src:HOTWORD pack:com.google.android.katniss
12-08 15:41:02.024 I/chatty  ( 9365): uid=10045 com.google.android.gms.persistent expire 1 line
12-08 15:41:02.026 W/ActivityManager( 3755): Unable to start service Intent { act=com.google.android.gms.nearby.discovery:ACTION_PERMISSION_CHANGE cmp=com.google.android.gms/.nearby.discovery.service.DiscoveryService } U=0: not found
12-08 15:41:02.040 I/chatty  ( 9365): uid=10045(com.google.android.gms) GoogleLocationS expire 3 lines
12-08 15:41:02.044 I/cwmpd   ( 3632): APP_TRACE: pt=1289564055, last=1638936855, next=1638951255, now=1638949262, tmo=1993
12-08 15:41:02.059 W/chromium( 9384): [FTL:9384:9742:WARNING:publisher.cc(33)] No subscribers for event
12-08 15:41:02.059 W/chromium( 9384): "assistant.api.events.MetricEvent" from publisher "UmaMetricsForwarder"
12-08 15:41:02.086 I/AssistStructure( 8477): Flattened final assist data: 29828 bytes, containing 1 windows, 433 views
12-08 15:41:02.204 I/chatty  ( 9437): uid=10045(com.google.android.gms) expire 1 line
12-08 15:41:02.278 W/chromium( 9384): [FTL:9384:9667:WARNING:publisher.cc(33)] No subscribers for event
12-08 15:41:02.278 W/chromium( 9384): "assistant.api.events.ConversationEvent" from publisher "S3Session"
12-08 15:41:02.283 E/libnetd_resolv( 3436): g50
12-08 15:41:02.283 I/res_cache( 3436): _resolv_cache_lookup: lookup
12-08 15:41:02.283 I/res_cache( 3436): _resolv_cache_lookup: NOT IN CACHE
12-08 15:41:02.283 I/res_cache( 3436): _resolv_populate_res_for_net: netid=100
12-08 15:41:02.283 I/res_stats( 3436): res_stats_usable_server: NS stats: S 44 + E 0 + T 2 + I 0 = 46, rtt = 217, min_samples = 8
12-08 15:41:02.283 I/res_stats( 3436): res_stats_usable_server: success rate 95
12-08 15:41:02.283 I/res_send( 3436): res_nsend: using send_dg
12-08 15:41:02.284 I/res_send( 3436): get_timeout: using timeout of 5000 msec
12-08 15:41:02.284 I/res_send( 3436): retrying_poll: 56 retrying_poll
12-08 15:41:02.390 I/chatty  ( 9365): uid=10045 com.google.android.gms.persistent expire 1 line
12-08 15:41:02.480 I/res_send( 3436): retrying_poll: 56 retrying_poll returning 1
12-08 15:41:02.480 I/res_stats( 3436): _res_stats_set_sample: rcode = 0, sec = 196
12-08 15:41:02.480 I/res_cache( 3436): _res_cache_add_stats_sample_locked: adding sample to stats, next = 46, count = 46
12-08 15:41:02.480 I/res_send( 3436): res_nsend: used send_dg 50
12-08 15:41:02.480 E/libnetd_resolv( 3436): g50
12-08 15:41:02.480 I/res_cache( 3436): _resolv_cache_add: query:
12-08 15:41:02.480 E/libnetd_resolv( 3436): g50
12-08 15:41:02.480 I/res_cache( 3436): answer_getTTL: TTL = 0
12-08 15:41:02.480 I/res_cache( 3436): cache_dump_mru: MRU LIST (37):  38 4 37 36 3 2 10 17 12 16 9 6 23 35 34 8 33 32 31 30 29 20 11 28 27 26 25 22 5 7 24 19 18 15 14 13 1
12-08 15:41:02.481 E/libnetd_resolv( 3436): 50
12-08 15:41:02.481 I/res_cache( 3436): _resolv_cache_lookup: lookup
12-08 15:41:02.481 I/res_cache( 3436): _resolv_cache_lookup: FOUND IN CACHE entry=0xe862cc80
12-08 15:41:02.481 E/ResolverController( 3436): No valid NAT64 prefix (100, <unspecified>/0)
12-08 15:41:02.692 I/chatty  ( 9365): uid=10045 com.google.android.gms.persistent expire 2 lines
12-08 15:41:02.748 W/BroadcastQueue( 3755): Background execution not allowed: receiving Intent { act=android.intent.action.DROPBOX_ENTRY_ADDED flg=0x10 (has extras) } to com.google.android.gms/.stats.service.DropBoxEntryAddedReceiver
12-08 15:41:02.750 W/BroadcastQueue( 3755): Background execution not allowed: receiving Intent { act=android.intent.action.DROPBOX_ENTRY_ADDED flg=0x10 (has extras) } to com.google.android.gms/.chimera.GmsIntentOperationService$PersistentTrustedReceiver
12-08 15:41:02.751 W/BroadcastQueue( 3755): Background execution not allowed: receiving Intent { act=android.location.PROVIDERS_CHANGED flg=0x10 (has extras) } to com.google.android.gms/.chimera.GmsIntentOperationService$PersistentTrustedReceiver
12-08 15:41:02.751 W/BroadcastQueue( 3755): Background execution not allowed: receiving Intent { act=android.location.PROVIDERS_CHANGED flg=0x10 (has extras) } to com.google.android.gms/.chimera.GmsIntentOperationService$PersistentTrustedReceiver
12-08 15:41:02.781 W/BroadcastQueue( 3755): Background execution not allowed: receiving Intent { act=com.google.android.location.internal.server.ACTION_RESTARTED flg=0x10 (has extras) } to com.google.android.gms/.chimera.GmsIntentOperationService$PersistentInternalReceiver
12-08 15:41:02.859 E/libnetd_resolv( 3436): 36
12-08 15:41:02.859 I/res_cache( 3436): _resolv_cache_lookup: lookup
12-08 15:41:02.859 I/res_cache( 3436): _resolv_cache_lookup: NOT IN CACHE
12-08 15:41:02.859 I/res_cache( 3436): _resolv_populate_res_for_net: netid=100
12-08 15:41:02.859 I/res_stats( 3436): res_stats_usable_server: NS stats: S 45 + E 0 + T 2 + I 0 = 47, rtt = 217, min_samples = 8
12-08 15:41:02.859 I/res_stats( 3436): res_stats_usable_server: success rate 95
12-08 15:41:02.859 I/res_send( 3436): res_nsend: using send_dg
12-08 15:41:02.859 I/res_send( 3436): get_timeout: using timeout of 5000 msec
12-08 15:41:02.859 I/res_send( 3436): retrying_poll: 56 retrying_poll
12-08 15:41:02.921 I/chatty  ( 9365): uid=10045(com.google.android.gms) highpool[2] expire 1 line
12-08 15:41:02.995 D/Zygote  ( 3439): Forked child process 9804
12-08 15:41:02.999 I/ActivityManager( 3755): Start proc 9804:com.google.android.gms.ui/u0a45 for service {com.google.android.gms/com.google.android.gms.chimera.UiIntentOperationService}
12-08 15:41:03.051 I/chatty  ( 9804): uid=10045 com.google.android.gms.ui expire 9 lines
12-08 15:41:03.090 I/res_send( 3436): retrying_poll: 56 retrying_poll returning 1
12-08 15:41:03.090 I/res_stats( 3436): _res_stats_set_sample: rcode = 0, sec = 231
12-08 15:41:03.090 I/res_cache( 3436): _res_cache_add_stats_sample_locked: adding sample to stats, next = 47, count = 47
12-08 15:41:03.090 I/res_send( 3436): res_nsend: used send_dg 179
12-08 15:41:03.090 E/libnetd_resolv( 3436): 179
12-08 15:41:03.090 I/res_cache( 3436): _resolv_cache_add: query:
12-08 15:41:03.090 E/libnetd_resolv( 3436): 179
12-08 15:41:03.090 I/res_cache( 3436): answer_getTTL: TTL = 3600
12-08 15:41:03.090 I/res_cache( 3436): _cache_add_p: entry 39 added (count=38)
12-08 15:41:03.090 I/res_cache( 3436): cache_dump_mru: MRU LIST (38):  39 6 38 4 37 36 3 2 10 17 12 16 9 23 35 34 8 33 32 31 30 29 20 11 28 27 26 25 22 5 7 24 19 18 15 14 13 1
12-08 15:41:03.091 E/ResolverController( 3436): No valid NAT64 prefix (100, <unspecified>/0)
12-08 15:41:03.773 I/chatty  ( 9804): uid=10045(com.google.android.gms) lowpool[1] expire 1 line
12-08 15:41:03.959 W/native  ( 9384): W1208 15:41:03.959483    9667 conversation_state_manager.cc:178] Received a focus with no |interaction_id|s!
12-08 15:41:03.960 E/chromium( 9384): [FTL:9384:9667:ERROR:action_processor.cc(562)] Module "feedback" tried to
12-08 15:41:03.960 E/chromium( 9384): shadow action_path "feedback.UPLOAD_CRASH_REPORT", but it is already registered
12-08 15:41:03.960 E/chromium( 9384): by "android_feedback"
12-08 15:41:03.961 W/chromium( 9384): [FTL:9384:9667:WARNING:publisher.cc(33)] No subscribers for event
12-08 15:41:03.961 W/chromium( 9384): "assistant.api.events.DeviceStateEvent" from publisher "ProcessSettingsAction"
12-08 15:41:03.962 W/chromium( 9384): [FTL:9384:9667:WARNING:publisher.cc(33)] No subscribers for event
12-08 15:41:03.962 W/chromium( 9384): "assistant.api.events.ConversationEvent" from publisher "S3Session"
12-08 15:41:03.964 W/chromium( 9384): [FTL:9384:9674:WARNING:publisher.cc(33)] No subscribers for event
12-08 15:41:03.964 W/chromium( 9384): "assistant.api.events.MetricEvent" from publisher "RecordCastEventImpl"
12-08 15:41:04.032 W/chromium( 9384): [FTL:9384:9662:WARNING:publisher.cc(33)] No subscribers for event
12-08 15:41:04.032 W/chromium( 9384): "assistant.api.events.DeviceStateEvent" from publisher "InitializeInternal"
12-08 15:41:04.032 W/AssistantWrapperV1( 9384): Going from state[InitializingState] to state[RunningState].
12-08 15:41:04.033 W/LibAssistantLifecycle( 9384): Entered State [RunningState] .
12-08 15:41:04.047 E/libnetd_resolv( 3436): i~34
12-08 15:41:04.047 I/res_cache( 3436): _resolv_cache_lookup: lookup
12-08 15:41:04.047 I/res_cache( 3436): _resolv_cache_lookup: NOT IN CACHE
12-08 15:41:04.047 I/res_cache( 3436): _resolv_populate_res_for_net: netid=100
12-08 15:41:04.047 I/res_stats( 3436): res_stats_usable_server: NS stats: S 46 + E 0 + T 2 + I 0 = 48, rtt = 217, min_samples = 8
12-08 15:41:04.047 I/res_stats( 3436): res_stats_usable_server: success rate 95
12-08 15:41:04.047 I/res_send( 3436): res_nsend: using send_dg
12-08 15:41:04.048 I/res_send( 3436): get_timeout: using timeout of 5000 msec
12-08 15:41:04.048 I/res_send( 3436): retrying_poll: 56 retrying_poll
12-08 15:41:04.079 W/chromium( 9384): [FTL:9384:9662:WARNING:publisher.cc(33)] No subscribers for event
12-08 15:41:04.079 W/chromium( 9384): "assistant.api.events.MetricEvent" from publisher "UmaMetricsForwarder"
12-08 15:41:04.302 I/res_send( 3436): retrying_poll: 56 retrying_poll returning 1
12-08 15:41:04.303 I/res_stats( 3436): _res_stats_set_sample: rcode = 0, sec = 254
12-08 15:41:04.303 I/res_cache( 3436): _res_cache_add_stats_sample_locked: adding sample to stats, next = 48, count = 48
12-08 15:41:04.303 I/res_send( 3436): res_nsend: used send_dg 177
12-08 15:41:04.303 E/libnetd_resolv( 3436): i~177
12-08 15:41:04.303 I/res_cache( 3436): _resolv_cache_add: query:
12-08 15:41:04.303 E/libnetd_resolv( 3436): i~177
12-08 15:41:04.303 I/res_cache( 3436): answer_getTTL: TTL = 3600
12-08 15:41:04.303 I/res_cache( 3436): _cache_add_p: entry 40 added (count=39)
12-08 15:41:04.303 I/res_cache( 3436): cache_dump_mru: MRU LIST (39):  40 39 6 38 4 37 36 3 2 10 17 12 16 9 23 35 34 8 33 32 31 30 29 20 11 28 27 26 25 22 5 7 24 19 18 15 14 13 1
12-08 15:41:04.303 E/ResolverController( 3436): No valid NAT64 prefix (100, <unspecified>/0)
12-08 15:41:04.377 I/chatty  ( 9365): uid=10045(com.google.android.gms) Binder:9365_8 expire 9 lines
12-08 15:41:04.387 D/PhenotypeContext( 9408): Application doesn't implement PhenotypeApplication interface, falling back to globally set context. See go/phenotype-flag#process-stable-init for more info.
12-08 15:41:04.462 E/libnetd_resolv( 3436): }M40
12-08 15:41:04.462 I/res_cache( 3436): _resolv_cache_lookup: lookup
12-08 15:41:04.462 I/res_cache( 3436): _resolv_cache_lookup: FOUND IN CACHE entry=0xe862ce60
12-08 15:41:04.464 E/ResolverController( 3436): No valid NAT64 prefix (100, <unspecified>/0)
12-08 15:41:04.542 V/ClearcutMetricXmitter( 9408): Transmission is done.
12-08 15:41:04.552 I/statsd  ( 3649): ConfigManager This is a duplicate config (10045 175713051)
12-08 15:41:04.583 I/statsd  ( 3649): ConfigManager This is a duplicate config (10045 175713611)
12-08 15:41:04.595 I/statsd  ( 3649): ConfigManager This is a duplicate config (10045 175721243)
12-08 15:41:04.622 I/chatty  ( 9437): uid=10045(com.google.android.gms) expire 4 lines
12-08 15:41:04.773 I/chatty  ( 9437): uid=10045(com.google.android.gms) expire 1 line
12-08 15:41:04.909 I/chatty  ( 9365): uid=10045(com.google.android.gms) lowpool[3] expire 11 lines
12-08 15:41:04.977 D/SMACK   ( 4890): SENT (1):  
12-08 15:41:05.188 E/libnetd_resolv( 3436): '46
12-08 15:41:05.188 I/res_cache( 3436): _resolv_cache_lookup: lookup
12-08 15:41:05.188 I/res_cache( 3436): _resolv_cache_lookup: NOT IN CACHE
12-08 15:41:05.188 I/res_cache( 3436): _resolv_populate_res_for_net: netid=100
12-08 15:41:05.188 I/res_stats( 3436): res_stats_usable_server: NS stats: S 47 + E 0 + T 2 + I 0 = 49, rtt = 218, min_samples = 8
12-08 15:41:05.188 I/res_stats( 3436): res_stats_usable_server: success rate 95
12-08 15:41:05.188 I/res_send( 3436): res_nsend: using send_dg
12-08 15:41:05.189 I/res_send( 3436): get_timeout: using timeout of 5000 msec
12-08 15:41:05.189 I/res_send( 3436): retrying_poll: 56 retrying_poll
12-08 15:41:05.480 I/res_send( 3436): retrying_poll: 56 retrying_poll returning 1
12-08 15:41:05.480 I/res_stats( 3436): _res_stats_set_sample: rcode = 0, sec = 291
12-08 15:41:05.480 I/res_cache( 3436): _res_cache_add_stats_sample_locked: adding sample to stats, next = 49, count = 49
12-08 15:41:05.480 I/res_send( 3436): res_nsend: used send_dg 62
12-08 15:41:05.480 E/libnetd_resolv( 3436): '62
12-08 15:41:05.480 I/res_cache( 3436): _resolv_cache_add: query:
12-08 15:41:05.480 E/libnetd_resolv( 3436): '62
12-08 15:41:05.480 I/res_cache( 3436): answer_getTTL: TTL = 3600
12-08 15:41:05.480 I/res_cache( 3436): _cache_add_p: entry 41 added (count=40)
12-08 15:41:05.480 I/res_cache( 3436): cache_dump_mru: MRU LIST (40):  41 9 40 39 6 38 4 37 36 3 2 10 17 12 16 23 35 34 8 33 32 31 30 29 20 11 28 27 26 25 22 5 7 24 19 18 15 14 13 1
12-08 15:41:05.480 E/ResolverController( 3436): No valid NAT64 prefix (100, <unspecified>/0)
12-08 15:41:05.519 I/assistant( 9384): [INFO:assistant_manager_native.cc(158)] Setting Assistant access tokens.
12-08 15:41:05.572 W/chromium( 9384): [FTL:9384:9662:WARNING:publisher.cc(33)] No subscribers for event
12-08 15:41:05.572 W/chromium( 9384): "assistant.api.events.DeviceStateEvent" from publisher "InitializeInternal"
12-08 15:41:05.586 W/chromium( 9384): [FTL:9384:9667:WARNING:publisher.cc(33)] No subscribers for event
12-08 15:41:05.587 W/chromium( 9384): "assistant.api.events.MetricEvent" from publisher "RecordCastEventImpl"
12-08 15:41:05.587 W/chromium( 9384): [FTL:9384:9667:WARNING:publisher.cc(33)] No subscribers for event
12-08 15:41:05.587 W/chromium( 9384): "assistant.api.events.ConversationEvent" from publisher "ActivityManagerImpl"
12-08 15:41:05.587 W/chromium( 9384): [FTL:9384:9742:WARNING:publisher.cc(33)] No subscribers for event
12-08 15:41:05.587 W/chromium( 9384): "assistant.api.events.MetricEvent" from publisher "UmaMetricsForwarder"
12-08 15:41:05.588 W/native  ( 9384): W1208 15:41:05.588422    9742 soda_async_impl.cc:319] Creating soda_impl.
12-08 15:41:05.588 W/native  ( 9384): W1208 15:41:05.588502    9742 soda_async_impl.cc:321] Created with thread priority -8
12-08 15:41:05.589 W/native  ( 9384): W1208 15:41:05.589830    9742 soda_async_impl.cc:319] Creating soda_impl.
12-08 15:41:05.589 W/native  ( 9384): W1208 15:41:05.589950    9742 soda_async_impl.cc:321] Created with thread priority -8
12-08 15:41:05.609 I/AssistStructure( 8477): Flattened final assist data: 29828 bytes, containing 1 windows, 433 views
12-08 15:41:05.631 E/SpeechMicro( 9384): Hotword model is single-channel neuralnet.
12-08 15:41:05.631 E/SpeechMicro( 9384): Bad Mic Detector is enabled and Mic Status is determined by the detector.
12-08 15:41:05.639 W/native  ( 9384): W1208 15:41:05.639069    9742 hotword_detector.cc:345] No speaker model for user 0
12-08 15:41:05.649 E/SpeechMicro( 9384): Hotword model is single-channel neuralnet.
12-08 15:41:05.663 E/SpeechMicro( 9384): Hotword model is single-channel neuralnet.
12-08 15:41:05.665 W/chromium( 9384): [FTL:9384:9742:WARNING:publisher.cc(33)] No subscribers for event
12-08 15:41:05.665 W/chromium( 9384): "assistant.api.events.MetricEvent" from publisher "UmaMetricsForwarder"
12-08 15:41:05.672 W/chromium( 9384): [FTL:9384:9667:WARNING:publisher.cc(33)] No subscribers for event
12-08 15:41:05.673 W/chromium( 9384): "assistant.api.events.ConversationEvent" from publisher "S3Session"
12-08 15:41:05.674 I/AudioFlinger( 3511): AudioFlinger's thread 0xeded8d40 tid=9876 ready to run
12-08 15:41:05.686 I/AudioService.RecordingActivityMonitor( 3755): rec update riid:95 uid:10049 session:73 src:HOTWORD pack:com.google.android.katniss
12-08 15:41:05.828 V/AvrcpMediaPlayerList( 4155): mPackageChangedBroadcastReceiver: action: android.intent.action.PACKAGE_CHANGED
12-08 15:41:05.829 D/AvrcpMediaPlayerList( 4155): Name of package changed: com.google.android.gms
12-08 15:41:05.846 I/InputReader( 3755): Reconfiguring input devices.  changes=0x00000010
12-08 15:41:05.879 W/Searchables( 3755): No web search activity found
12-08 15:41:05.937 I/chatty  ( 9437): uid=10045(com.google.android.gms) Binder:9437_7 expire 6 lines
12-08 15:41:05.953 I/ContactDirectoryManager( 5378): Directory provider com.google.android.gms(com.google.android.gms.people.gal.provider) returned a NULL cursor.
12-08 15:41:05.978 W/chromium( 9384): [FTL:9384:9705:WARNING:publisher.cc(33)] No subscribers for event
12-08 15:41:05.978 W/chromium( 9384): "assistant.api.events.MetricEvent" from publisher "RecordCastEventImpl"
12-08 15:41:05.978 W/native  ( 9384): W1208 15:41:05.978952    9705 legacy_profile_manager.cc:758] Skipping status report due to missing version info
12-08 15:41:05.984 W/ProcessStats( 3755): Tracking association SourceState{dba8ba8 com.google.android.tvlauncher/10046 Top #4526} whose proc state 1 is better than process ProcessState{1e97fd0 com.google.android.gms.persistent/10045 pkg=com.google.android.gms (sub)} proc state 2 (713 skipped)
12-08 15:41:05.986 E/native  ( 9384): E1208 15:41:05.986193    9678 bidi_streaming_rpc_call.h:216] BidiStreamingRpcCall finished with error: Cancelled
12-08 15:41:06.010 I/chatty  ( 9437): uid=10045(com.google.android.gms) expire 1 line
12-08 15:41:06.120 W/chromium( 9384): [FTL:9384:9667:WARNING:publisher.cc(33)] No subscribers for event
12-08 15:41:06.120 W/chromium( 9384): "assistant.api.events.MetricEvent" from publisher "RecordCastEventImpl"
12-08 15:41:06.121 W/chromium( 9384): [FTL:9384:9667:WARNING:publisher.cc(33)] No subscribers for event
12-08 15:41:06.121 W/chromium( 9384): "assistant.api.events.ConversationEvent" from publisher "ActivityManagerImpl"
12-08 15:41:06.140 I/chatty  ( 9437): uid=10045(com.google.android.gms) lowpool[2] expire 3 lines
12-08 15:41:06.231 I/chatty  ( 9437): uid=10045(com.google.android.gms) highpool[1] expire 2 lines
12-08 15:41:06.242 I/chatty  ( 9437): uid=10045(com.google.android.gms) highpool[2] expire 2 lines
12-08 15:41:06.369 I/chatty  ( 9365): uid=10045(com.google.android.gms) FinalizerDaemon expire 2 lines
12-08 15:41:06.373 W/chromium( 9384): [FTL:9384:9662:WARNING:publisher.cc(33)] No subscribers for event
12-08 15:41:06.373 W/chromium( 9384): "assistant.api.events.DeviceStateEvent" from publisher "InitializeInternal"
12-08 15:41:06.375 I/chromium( 5902): [5902:5902:INFO:debug_endpoint_manager_grpc_client.cc(365)] gRPC client channel state changed to GRPC_CHANNEL_TRANSIENT_FAILURE
12-08 15:41:06.451 I/chatty  ( 9437): uid=10045(com.google.android.gms) HeapTaskDaemon expire 1 line
12-08 15:41:06.454 E/native  ( 9384): E1208 15:41:06.454833    9662 phenotype_manager_impl.cc:139] Sync: Failed to save configuration updates
12-08 15:41:06.455 E/native  ( 9384): E1208 15:41:06.455551    9662 phenotype_fetcher.cc:81] Failed to register phenotype package com.google.libassistant: 1
12-08 15:41:06.796 I/netd    ( 3436): firewallSetUidRule(1, 10014, 1) <0.08ms>
12-08 15:41:07.365 E/libnetd_resolv( 3436): 22
12-08 15:41:07.365 I/res_cache( 3436): _resolv_cache_lookup: lookup
12-08 15:41:07.365 I/res_cache( 3436): _resolv_cache_lookup: NOT IN CACHE
12-08 15:41:07.365 I/res_cache( 3436): _resolv_populate_res_for_net: netid=100
12-08 15:41:07.365 I/res_stats( 3436): res_stats_usable_server: NS stats: S 48 + E 0 + T 2 + I 0 = 50, rtt = 219, min_samples = 8
12-08 15:41:07.365 I/res_stats( 3436): res_stats_usable_server: success rate 96
12-08 15:41:07.365 I/res_send( 3436): res_nsend: using send_dg
12-08 15:41:07.365 I/res_send( 3436): get_timeout: using timeout of 5000 msec
12-08 15:41:07.365 I/res_send( 3436): retrying_poll: 56 retrying_poll
12-08 15:41:07.377 W/System  ( 9296): A resource failed to call end. 
12-08 15:41:07.579 I/res_send( 3436): retrying_poll: 56 retrying_poll returning 1
12-08 15:41:07.579 I/res_stats( 3436): _res_stats_set_sample: rcode = 0, sec = 214
12-08 15:41:07.579 I/res_cache( 3436): _res_cache_add_stats_sample_locked: adding sample to stats, next = 50, count = 50
12-08 15:41:07.579 I/res_send( 3436): res_nsend: used send_dg 38
12-08 15:41:07.579 E/libnetd_resolv( 3436): 38
12-08 15:41:07.579 I/res_cache( 3436): _resolv_cache_add: query:
12-08 15:41:07.580 E/libnetd_resolv( 3436): 38
12-08 15:41:07.580 I/res_cache( 3436): answer_getTTL: TTL = 3600
12-08 15:41:07.580 I/res_cache( 3436): _cache_add_p: entry 42 added (count=41)
12-08 15:41:07.580 I/res_cache( 3436): cache_dump_mru: MRU LIST (41):  42 41 9 40 39 6 38 4 37 36 3 2 10 17 12 16 23 35 34 8 33 32 31 30 29 20 11 28 27 26 25 22 5 7 24 19 18 15 14 13 1
12-08 15:41:07.580 E/ResolverController( 3436): No valid NAT64 prefix (100, <unspecified>/0)
12-08 15:41:07.840 I/netd    ( 3436): firewallSetUidRule(1, 10014, 2) <0.06ms>
12-08 15:41:07.888 I/chatty  ( 9165): uid=10052(com.android.vending) PackageInstalle expire 2 lines
12-08 15:41:07.909 I/chatty  ( 9165): uid=10052(com.android.vending) expire 3 lines
12-08 15:41:07.936 I/chatty  ( 9165): uid=10052(com.android.vending) expire 2 lines
12-08 15:41:08.487 E/libnetd_resolv( 3436): ;39
12-08 15:41:08.487 I/res_cache( 3436): _resolv_cache_lookup: lookup
12-08 15:41:08.487 I/res_cache( 3436): _resolv_cache_lookup: NOT IN CACHE
12-08 15:41:08.487 I/res_cache( 3436): _resolv_populate_res_for_net: netid=100
12-08 15:41:08.487 I/res_stats( 3436): res_stats_usable_server: NS stats: S 49 + E 0 + T 2 + I 0 = 51, rtt = 219, min_samples = 8
12-08 15:41:08.487 I/res_stats( 3436): res_stats_usable_server: success rate 96
12-08 15:41:08.487 I/res_send( 3436): res_nsend: using send_dg
12-08 15:41:08.487 I/res_send( 3436): get_timeout: using timeout of 5000 msec
12-08 15:41:08.487 I/res_send( 3436): retrying_poll: 56 retrying_poll
12-08 15:41:08.682 I/res_send( 3436): retrying_poll: 56 retrying_poll returning 1
12-08 15:41:08.683 I/res_stats( 3436): _res_stats_set_sample: rcode = 0, sec = 196
12-08 15:41:08.683 I/res_cache( 3436): _res_cache_add_stats_sample_locked: adding sample to stats, next = 51, count = 51
12-08 15:41:08.683 I/res_send( 3436): res_nsend: used send_dg 76
12-08 15:41:08.683 E/libnetd_resolv( 3436): ;76
12-08 15:41:08.683 I/res_cache( 3436): _resolv_cache_add: query:
12-08 15:41:08.683 E/libnetd_resolv( 3436): ;76
12-08 15:41:08.683 I/res_cache( 3436): answer_getTTL: TTL = 1795
12-08 15:41:08.683 I/res_cache( 3436): _cache_add_p: entry 43 added (count=42)
12-08 15:41:08.683 I/res_cache( 3436): cache_dump_mru: MRU LIST (42):  43 42 41 9 40 39 6 38 4 37 36 3 2 10 17 12 16 23 35 34 8 33 32 31 30 29 20 11 28 27 26 25 22 5 7 24 19 18 15 14 13 1
12-08 15:41:08.685 E/ResolverController( 3436): No valid NAT64 prefix (100, <unspecified>/0)
12-08 15:41:08.952 E/FFV: HotwordContentProvider( 4966): query(content://atv.hotwordmic/togglestate, null, null, null, null) =1
12-08 15:41:08.955 W/LedRebootStateSrv( 9543): Restore Led Stated to OFF as hardware toggle is on
12-08 15:41:08.956 W/LedModule( 9384): Fall back to legacy LED controller on Q and below devices
12-08 15:41:09.131 W/System  ( 9296): A resource failed to call end. 
12-08 15:41:09.231 W/native  ( 9384): W1208 15:41:09.231834    9667 conversation_state_manager.cc:178] Received a focus with no |interaction_id|s!
12-08 15:41:09.233 E/chromium( 9384): [FTL:9384:9667:ERROR:action_processor.cc(562)] Module "feedback" tried to
12-08 15:41:09.233 E/chromium( 9384): shadow action_path "feedback.UPLOAD_CRASH_REPORT", but it is already registered
12-08 15:41:09.233 E/chromium( 9384): by "android_feedback"
12-08 15:41:09.234 W/chromium( 9384): [FTL:9384:9667:WARNING:publisher.cc(33)] No subscribers for event
12-08 15:41:09.234 W/chromium( 9384): "assistant.api.events.ConversationEvent" from publisher "S3Session"
12-08 15:41:09.256 I/AssistStructure( 8477): Flattened final assist data: 29828 bytes, containing 1 windows, 433 views
12-08 15:41:09.309 W/chromium( 9384): [FTL:9384:9667:WARNING:publisher.cc(33)] No subscribers for event
12-08 15:41:09.309 W/chromium( 9384): "assistant.api.events.ConversationEvent" from publisher "S3Session"
12-08 15:41:09.770 E/libnetd_resolv( 3436): &28
12-08 15:41:09.770 I/res_cache( 3436): _resolv_cache_lookup: lookup
12-08 15:41:09.770 I/res_cache( 3436): _resolv_cache_lookup: NOT IN CACHE
12-08 15:41:09.770 I/res_cache( 3436): _resolv_populate_res_for_net: netid=100
12-08 15:41:09.770 I/res_stats( 3436): res_stats_usable_server: NS stats: S 50 + E 0 + T 2 + I 0 = 52, rtt = 219, min_samples = 8
12-08 15:41:09.770 I/res_stats( 3436): res_stats_usable_server: success rate 96
12-08 15:41:09.771 I/res_send( 3436): res_nsend: using send_dg
12-08 15:41:09.771 I/res_send( 3436): get_timeout: using timeout of 5000 msec
12-08 15:41:09.771 I/res_send( 3436): retrying_poll: 56 retrying_poll
12-08 15:41:10.065 I/res_send( 3436): retrying_poll: 56 retrying_poll returning 1
12-08 15:41:10.066 I/res_stats( 3436): _res_stats_set_sample: rcode = 0, sec = 295
12-08 15:41:10.066 I/res_cache( 3436): _res_cache_add_stats_sample_locked: adding sample to stats, next = 52, count = 52
12-08 15:41:10.066 I/res_send( 3436): res_nsend: used send_dg 44
12-08 15:41:10.066 E/libnetd_resolv( 3436): &44
12-08 15:41:10.066 I/res_cache( 3436): _resolv_cache_add: query:
12-08 15:41:10.066 E/libnetd_resolv( 3436): &44
12-08 15:41:10.066 I/res_cache( 3436): answer_getTTL: TTL = 3600
12-08 15:41:10.066 I/res_cache( 3436): _cache_add_p: entry 44 added (count=43)
12-08 15:41:10.067 I/res_cache( 3436): cache_dump_mru: MRU LIST (43):  44 43 42 41 9 40 39 6 38 4 37 36 3 2 10 17 12 16 23 35 34 8 33 32 31 30 29 20 11 28 27 26 25 22 5 7 24 19 18 15 14 13 1
12-08 15:41:10.068 E/ResolverController( 3436): No valid NAT64 prefix (100, <unspecified>/0)
12-08 15:41:10.466 I/chatty  ( 3283): uid=1000(system) nxserver.proac expire 12 lines
12-08 15:41:11.322 E/URLFetcher( 9296): The responses code is not 200 but 404
12-08 15:41:11.337 E/libnetd_resolv( 3436): 
12-08 15:41:11.337 E/libnetd_resolv( 3436): 25
12-08 15:41:11.337 I/res_cache( 3436): _resolv_cache_lookup: lookup
12-08 15:41:11.337 I/res_cache( 3436): _resolv_cache_lookup: NOT IN CACHE
12-08 15:41:11.337 I/res_cache( 3436): _resolv_populate_res_for_net: netid=100
12-08 15:41:11.337 I/res_stats( 3436): res_stats_usable_server: NS stats: S 51 + E 0 + T 2 + I 0 = 53, rtt = 220, min_samples = 8
12-08 15:41:11.338 I/res_stats( 3436): res_stats_usable_server: success rate 96
12-08 15:41:11.338 I/res_send( 3436): res_nsend: using send_dg
12-08 15:41:11.338 I/res_send( 3436): get_timeout: using timeout of 5000 msec
12-08 15:41:11.338 I/res_send( 3436): retrying_poll: 56 retrying_poll
12-08 15:41:11.838 I/res_send( 3436): retrying_poll: 56 retrying_poll returning 1
12-08 15:41:11.838 I/res_stats( 3436): _res_stats_set_sample: rcode = 0, sec = 500
12-08 15:41:11.839 I/res_cache( 3436): _res_cache_add_stats_sample_locked: adding sample to stats, next = 53, count = 53
12-08 15:41:11.839 I/res_send( 3436): res_nsend: used send_dg 41
12-08 15:41:11.839 E/libnetd_resolv( 3436): 
12-08 15:41:11.839 E/libnetd_resolv( 3436): 41
12-08 15:41:11.839 I/res_cache( 3436): _resolv_cache_add: query:
12-08 15:41:11.839 E/libnetd_resolv( 3436): 
12-08 15:41:11.839 E/libnetd_resolv( 3436): 41
12-08 15:41:11.839 I/res_cache( 3436): answer_getTTL: TTL = 3600
12-08 15:41:11.839 I/res_cache( 3436): _cache_add_p: entry 45 added (count=44)
12-08 15:41:11.840 I/res_cache( 3436): cache_dump_mru: MRU LIST (44):  45 44 43 42 41 9 40 39 6 38 4 37 36 3 2 10 17 12 16 23 35 34 8 33 32 31 30 29 20 11 28 27 26 25 22 5 7 24 19 18 15 14 13 1
12-08 15:41:11.842 E/ResolverController( 3436): No valid NAT64 prefix (100, <unspecified>/0)
12-08 15:41:11.906 I/CasMgrServer: CasManagerServer::ping():127( 3423): count:40, status1:419249240, status2:0, returning 419249240
12-08 15:41:12.048 I/cwmpd   ( 3632): APP_TRACE: pt=1289564055, last=1638936855, next=1638951255, now=1638949272, tmo=1983
12-08 15:41:13.291 I/chromium( 5902): [5902:5902:INFO:metrics_stat_logger.cc(55)] Metrics stat for the past 60 secs : total=2
12-08 15:41:13.291 I/chromium( 5902): [metrics_stat_logger] Setup.eureka_info.Local=2
12-08 15:41:13.291 I/chromium( 5902): [metrics_stat_logger] Setup.eureka_info.Local.200=2
12-08 15:41:13.387 I/netd    ( 3436): firewallSetUidRule(2, 10005, 2) <0.26ms>
12-08 15:41:13.389 I/netd    ( 3436): firewallSetUidRule(1, 10005, 2) <0.19ms>
12-08 15:41:13.861 W/ActivityManager( 3755): stopServiceToken startId 14 is last, but have 2 remaining args
12-08 15:41:13.916 I/netd    ( 3436): firewallSetUidRule(1, 10020, 2) <0.20ms>
12-08 15:41:14.182 E/chromium( 9384): [FTL:9384:9667:ERROR:action_processor.cc(562)] Module "feedback" tried to
12-08 15:41:14.182 E/chromium( 9384): shadow action_path "feedback.UPLOAD_CRASH_REPORT", but it is already registered
12-08 15:41:14.182 E/chromium( 9384): by "android_feedback"
12-08 15:41:14.184 W/chromium( 9384): [FTL:9384:9674:WARNING:publisher.cc(33)] No subscribers for event
12-08 15:41:14.184 W/chromium( 9384): "assistant.api.events.MetricEvent" from publisher "RecordCastEventImpl"
12-08 15:41:14.197 W/chromium( 9384): [FTL:9384:9667:WARNING:publisher.cc(33)] No subscribers for event
12-08 15:41:14.197 W/chromium( 9384): "assistant.api.events.DeviceStateEvent" from publisher "ProcessSettingsAction"
12-08 15:41:14.199 W/chromium( 9384): [FTL:9384:9667:WARNING:publisher.cc(33)] No subscribers for event
12-08 15:41:14.199 W/chromium( 9384): "assistant.api.events.ConversationEvent" from publisher "S3Session"
12-08 15:41:15.387 W/chromium( 9384): [FTL:9384:9662:WARNING:publisher.cc(33)] No subscribers for event
12-08 15:41:15.387 W/chromium( 9384): "assistant.api.events.DeviceStateEvent" from publisher "InitializeInternal"
12-08 15:41:16.603 W/ProcessStats( 3755): Tracking association SourceState{dba8ba8 com.google.android.tvlauncher/10046 Top #4616} whose proc state 1 is better than process ProcessState{1e97fd0 com.google.android.gms.persistent/10045 pkg=com.google.android.gms (sub)} proc state 2 (131 skipped)
12-08 15:41:17.942 I/chatty  ( 9165): uid=10052(com.android.vending) expire 3 lines
12-08 15:41:17.996 I/chatty  ( 6479): uid=10052 com.android.vending:background expire 1 line
12-08 15:41:18.363 I/chatty  ( 9365): uid=10045 com.google.android.gms.persistent expire 10 lines
12-08 15:41:18.939 D/HddTemperatureMonitor1( 4839): ThermalHandler-handleMessage hddTemp = 0
12-08 15:41:19.008 W/hddtemperature@( 3493): type=1400 audit(0.0:598): avc: denied { search } for name="usb1" dev="sysfs" ino=22143 scontext=u:r:hal_hddtemp:s0 tcontext=u:object_r:sysfs_cwmpd:s0 tclass=dir permissive=0
12-08 15:41:19.010 E/HDDTemperatureApi( 3493): cannot open file /sys/class/hwmon/hwmon1/temp1_input err=Permission denied
12-08 15:41:19.010 D/HddTemperatureMonitor1( 4839): new temp = 0, maxTemp=70000
12-08 15:41:21.368 E/libnetd_resolv( 3436): 25
12-08 15:41:21.368 I/res_cache( 3436): _resolv_cache_lookup: lookup
12-08 15:41:21.368 I/res_cache( 3436): _resolv_cache_lookup: FOUND IN CACHE entry=0xe86245b0
12-08 15:41:21.369 E/ResolverController( 3436): No valid NAT64 prefix (100, <unspecified>/0)
12-08 15:41:22.059 I/cwmpd   ( 3632): APP_TRACE: pt=1289564055, last=1638936855, next=1638951255, now=1638949282, tmo=1973
12-08 15:41:22.468 I/chatty  ( 3283): uid=1000(system) nxserver.proac expire 15 lines
12-08 15:41:26.949 W/ProcessStats( 3755): Tracking association SourceState{dba8ba8 com.google.android.tvlauncher/10046 Top #4705} whose proc state 1 is better than process ProcessState{1e97fd0 com.google.android.gms.persistent/10045 pkg=com.google.android.gms (sub)} proc state 2 (134 skipped)
12-08 15:41:29.460 E/libnetd_resolv( 3436): 025
12-08 15:41:29.460 I/res_cache( 3436): _resolv_cache_lookup: lookup
12-08 15:41:29.460 I/res_cache( 3436): _resolv_cache_lookup: FOUND IN CACHE entry=0xe86245b0
12-08 15:41:29.461 E/ResolverController( 3436): No valid NAT64 prefix (100, <unspecified>/0)
12-08 15:41:29.640 I/chatty  ( 9165): uid=10052(com.android.vending) usv expire 7 lines
12-08 15:41:29.651 E/libnetd_resolv( 3436): L37
12-08 15:41:29.651 I/res_cache( 3436): _resolv_cache_lookup: lookup
12-08 15:41:29.651 I/res_cache( 3436): _resolv_cache_lookup: FOUND IN CACHE entry=0xe862cf00
12-08 15:41:29.652 E/ResolverController( 3436): No valid NAT64 prefix (100, <unspecified>/0)
12-08 15:41:32.070 I/cwmpd   ( 3632): APP_TRACE: pt=1289564055, last=1638936855, next=1638951255, now=1638949292, tmo=1963
12-08 15:41:34.643 I/chromium( 5902): [5902:6651:INFO:ssdp_device.c(101)] SSDP packets sent for 120 seconds = 4
12-08 15:41:37.472 I/chatty  ( 3283): uid=1000(system) nxserver.proac expire 15 lines
12-08 15:41:42.079 I/cwmpd   ( 3632): APP_TRACE: pt=1289564055, last=1638936855, next=1638951255, now=1638949302, tmo=1953
12-08 15:41:47.152 I/system_server( 3755): Background concurrent copying GC freed 167701(7395KB) AllocSpace objects, 21(1080KB) LOS objects, 42% free, 11MB/19MB, paused 392us total 518.289ms
12-08 15:41:47.191 I/chatty  ( 9165): uid=10052(com.android.vending) Monitor Thread expire 3 lines
12-08 15:41:52.054 W/ProcessStats( 3755): Tracking association SourceState{dba8ba8 com.google.android.tvlauncher/10046 Top #4714} whose proc state 1 is better than process ProcessState{1e97fd0 com.google.android.gms.persistent/10045 pkg=com.google.android.gms (sub)} proc state 2 (14 skipped)
12-08 15:41:52.067 V/SettingsProvider( 3755): Notifying for 0: content://settings/global/WIFI_QOS_VALUE
12-08 15:41:52.091 I/cwmpd   ( 3632): APP_TRACE: pt=1289564055, last=1638936855, next=1638951255, now=1638949312, tmo=1943
12-08 15:41:52.474 I/chatty  ( 3283): uid=1000(system) nxserver.proac expire 15 lines
12-08 15:41:54.969 D/SMACK   ( 4890): SENT (1):  
12-08 15:42:00.419 W/KatnissIpcConnection( 9543): Will disconnect service connection. .TvLoggerService
12-08 15:42:01.955 I/CasMgrServer: CasManagerServer::ping():127( 3423): count:50, status1:419299294, status2:0, returning 419299294
12-08 15:42:02.101 I/cwmpd   ( 3632): APP_TRACE: pt=1289564055, last=1638936855, next=1638951255, now=1638949322, tmo=1933
12-08 15:42:05.897 W/KatnissIpcConnection( 9384): Will disconnect service connection. .KatnissSearchProcessService
12-08 15:42:05.923 W/ProcessStats( 3755): Tracking association SourceState{dba8ba8 com.google.android.tvlauncher/10046 Top #4736} whose proc state 1 is better than process ProcessState{1e97fd0 com.google.android.gms.persistent/10045 pkg=com.google.android.gms (sub)} proc state 2 (35 skipped)
12-08 15:42:05.946 I/netd    ( 3436): firewallSetUidRule(1, 99004, 2) <0.19ms>
12-08 15:42:07.478 I/chatty  ( 3283): uid=1000(system) nxserver.proac expire 15 lines
12-08 15:42:08.996 W/KatnissIpcConnection( 9543): Will disconnect service connection. .KatnissInteractorProcessService
12-08 15:42:12.111 I/cwmpd   ( 3632): APP_TRACE: pt=1289564055, last=1638936855, next=1638951255, now=1638949332, tmo=1923
12-08 15:42:13.158 I/chromium( 5902): [5902:6612:INFO:wifi_proximity.cc(177)] Request scan.
12-08 15:42:13.291 I/chromium( 5902): [5902:5902:INFO:metrics_stat_logger.cc(55)] Metrics stat for the past 60 secs : total=0
12-08 15:42:13.362 W/ActivityManager( 3755): Stopping service due to app idle: u0a5 -1m17s67ms com.android.statementservice/.DirectStatementService
12-08 15:42:13.366 I/ActivityManager( 3755): Killing 6955:com.google.android.youtube.tv/u0a59 (adj 975): empty #17
12-08 15:42:13.426 D/ConnectivityService( 3755): ConnectivityService NetworkRequestInfo binderDied(NetworkRequest [ TRACK_DEFAULT id=28, [ Capabilities: INTERNET&NOT_RESTRICTED&TRUSTED Uid: 10059] ], android.os.BinderProxy@f8af674)
12-08 15:42:13.426 D/ConnectivityService( 3755): releasing NetworkRequest [ TRACK_DEFAULT id=28, [ Capabilities: INTERNET&NOT_RESTRICTED&TRUSTED Uid: 10059] ] (release request)
12-08 15:42:13.427 I/Zygote  ( 3439): Process 6955 exited due to signal 9 (Killed)
12-08 15:42:13.459 I/libprocessgroup( 3755): Successfully killed process cgroup uid 10059 pid 6955 in 89ms
12-08 15:42:21.037 W/ProcessStats( 3755): Tracking association SourceState{dba8ba8 com.google.android.tvlauncher/10046 Top #4763} whose proc state 1 is better than process ProcessState{1e97fd0 com.google.android.gms.persistent/10045 pkg=com.google.android.gms (sub)} proc state 2 (41 skipped)
12-08 15:42:22.122 I/cwmpd   ( 3632): APP_TRACE: pt=1289564055, last=1638936855, next=1638951255, now=1638949342, tmo=1913
12-08 15:42:22.481 I/chatty  ( 3283): uid=1000(system) nxserver.proac expire 21 lines
12-08 15:42:32.133 I/cwmpd   ( 3632): APP_TRACE: pt=1289564055, last=1638936855, next=1638951255, now=1638949352, tmo=1903
12-08 15:42:42.139 I/cwmpd   ( 3632): APP_TRACE: pt=1289564055, last=1638936855, next=1638951255, now=1638949362, tmo=1893
12-08 15:42:43.163 I/chromium( 5902): [5902:6562:INFO:wifi_frame_histogram_capturer.cc(405)] No histogram or IOCTL data
12-08 15:42:43.172 I/chromium( 5902): [5902:6562:INFO:wifi_util.cc(197)] Current wifi TDLS peers:
12-08 15:42:43.174 I/chromium( 5902): [5902:6562:INFO:wifi_util.cc(199)] 	No peers:
12-08 15:42:43.296 I/chromium( 5902): [5902:5902:INFO:metrics_recorder.cc(188)] Record action: Cast.CecHdmiInputState.Unknown
12-08 15:42:43.296 I/chromium( 5902): [5902:5902:INFO:metrics_recorder.cc(188)] Record action: Cast.CecStandby.Unknown
12-08 15:42:43.485 I/chatty  ( 3283): uid=1000(system) nxserver.proac expire 21 lines
12-08 15:42:44.022 I/chromium( 5902): [5902:5902:INFO:debug_endpoint_manager_grpc_client.cc(365)] gRPC client channel state changed to GRPC_CHANNEL_TRANSIENT_FAILURE
12-08 15:42:44.970 D/SMACK   ( 4890): SENT (1):  
12-08 15:42:50.066 V/SettingsProvider( 3755): Notifying for 0: content://settings/global/WIFI_QOS_VALUE
12-08 15:42:52.009 I/CasMgrServer: CasManagerServer::ping():127( 3423): count:60, status1:419349347, status2:0, returning 419349347
12-08 15:42:52.150 I/cwmpd   ( 3632): APP_TRACE: pt=1289564055, last=1638936855, next=1638951255, now=1638949372, tmo=1883
12-08 15:43:02.159 I/cwmpd   ( 3632): APP_TRACE: pt=1289564055, last=1638936855, next=1638951255, now=1638949382, tmo=1873
12-08 15:43:04.488 I/chatty  ( 3283): uid=1000(system) nxserver.proac expire 15 lines
12-08 15:43:12.167 I/cwmpd   ( 3632): APP_TRACE: pt=1289564055, last=1638936855, next=1638951255, now=1638949392, tmo=1863
12-08 15:43:12.919 I/chromium( 5902): [5902:5902:INFO:grpc_manager_impl.cc(818)] GRPC[uri=]: num_pending_calls=0, num_active_handlers=0, num_free_handlers=0
12-08 15:43:12.932 I/chromium( 5902): [5902:5902:INFO:grpc_manager_impl.cc(818)] GRPC[uri=[::]:0]: num_pending_calls=0, num_active_handlers=3, num_free_handlers=0
12-08 15:43:12.964 I/chromium( 5902): [5902:6613:INFO:grpc_manager_impl.cc(818)] GRPC[uri=binder:com.google.android.apps.mediashell:usonia-ipc-socket]: num_pending_calls=0, num_active_handlers=0, num_free_handlers=0
12-08 15:43:12.972 I/chromium( 5902): [5902:5902:INFO:grpc_manager_impl.cc(818)] GRPC[uri=]: num_pending_calls=0, num_active_handlers=0, num_free_handlers=0
12-08 15:43:12.974 I/chatty  ( 5902): uid=10053(com.google.android.apps.mediashell) identical 1 line
12-08 15:43:12.975 I/chromium( 5902): [5902:5902:INFO:grpc_manager_impl.cc(818)] GRPC[uri=]: num_pending_calls=0, num_active_handlers=0, num_free_handlers=0
12-08 15:43:13.292 I/chromium( 5902): [5902:5902:INFO:metrics_stat_logger.cc(55)] Metrics stat for the past 60 secs : total=5
12-08 15:43:13.292 I/chromium( 5902): [metrics_stat_logger] AppRunning=1
12-08 15:43:13.292 I/chromium( 5902): [metrics_stat_logger] Cast.CecHdmiInputState.Unknown=1
12-08 15:43:13.292 I/chromium( 5902): [metrics_stat_logger] Cast.CecStandby.Unknown=1
12-08 15:43:13.292 I/chromium( 5902): [metrics_stat_logger] Cast.ConnectionType.Wifi=1
12-08 15:43:13.292 I/chromium( 5902): [metrics_stat_logger] Cast.Network.CheckIn=1
12-08 15:43:13.386 I/chromium( 5902): [5902:6613:INFO:grpc_manager_impl.cc(818)] GRPC[uri=[::]:8012]: num_pending_calls=0, num_active_handlers=0, num_free_handlers=0
12-08 15:43:19.139 I/chromium( 5902): [5902:6565:INFO:parent_tracker.cc(326)] Root conflict with [REDACTED]; resolving...
12-08 15:43:19.141 I/chromium( 5902): [5902:6565:INFO:parent_tracker.cc(326)] Root conflict with [REDACTED]; resolving...
12-08 15:43:19.202 E/chromium( 5902): [5902:6565:ERROR:ssl_server_socket_impl.cc(773)] handshake failed; returned -1, SSL error code 1, net_error -100
12-08 15:43:19.202 E/chromium( 5902): [5902:6565:ERROR:ssl_tcp_socket_listener.cc(135)] SSL Handshake error result=-100
12-08 15:43:19.493 I/chatty  ( 3283): uid=1000(system) nxserver.proac expire 15 lines
12-08 15:43:22.178 I/cwmpd   ( 3632): APP_TRACE: pt=1289564055, last=1638936855, next=1638951255, now=1638949402, tmo=1853
12-08 15:43:22.565 I/chromium( 5902): [5902:6565:INFO:parent_tracker.cc(326)] Root conflict with [REDACTED]; resolving...
12-08 15:43:22.565 I/chromium( 5902): [5902:6565:INFO:parent_tracker.cc(326)] Root conflict with [REDACTED]; resolving...
12-08 15:43:22.845 E/chromium( 5902): [5902:6565:ERROR:ssl_server_socket_impl.cc(773)] handshake failed; returned -1, SSL error code 1, net_error -100
12-08 15:43:22.845 E/chromium( 5902): [5902:6565:ERROR:ssl_tcp_socket_listener.cc(135)] SSL Handshake error result=-100
12-08 15:43:31.754 E/libnetd_resolv( 3436): :37
12-08 15:43:31.755 I/res_cache( 3436): _resolv_cache_lookup: lookup
12-08 15:43:31.755 I/res_cache( 3436): _resolv_cache_lookup: NOT IN CACHE
12-08 15:43:31.755 I/res_cache( 3436): _resolv_populate_res_for_net: netid=100
12-08 15:43:31.755 I/res_stats( 3436): res_stats_usable_server: NS stats: S 52 + E 0 + T 2 + I 0 = 54, rtt = 226, min_samples = 8
12-08 15:43:31.755 I/res_stats( 3436): res_stats_usable_server: success rate 96
12-08 15:43:31.755 I/res_send( 3436): res_nsend: using send_dg
12-08 15:43:31.757 I/res_send( 3436): get_timeout: using timeout of 5000 msec
12-08 15:43:31.757 I/res_send( 3436): retrying_poll: 56 retrying_poll
12-08 15:43:31.769 I/res_send( 3436): retrying_poll: 56 retrying_poll returning 1
12-08 15:43:31.769 I/res_stats( 3436): _res_stats_set_sample: rcode = 0, sec = 12
12-08 15:43:31.769 I/res_cache( 3436): _res_cache_add_stats_sample_locked: adding sample to stats, next = 54, count = 54
12-08 15:43:31.769 I/res_send( 3436): res_nsend: used send_dg 126
12-08 15:43:31.769 E/libnetd_resolv( 3436): :126
12-08 15:43:31.769 I/res_cache( 3436): _resolv_cache_add: query:
12-08 15:43:31.769 E/libnetd_resolv( 3436): :126
12-08 15:43:31.769 I/res_cache( 3436): answer_getTTL: TTL = 0
12-08 15:43:31.770 I/res_cache( 3436): cache_dump_mru: MRU LIST (44):  10 45 44 43 42 41 9 40 39 6 38 4 37 36 3 2 17 12 16 23 35 34 8 33 32 31 30 29 20 11 28 27 26 25 22 5 7 24 19 18 15 14 13 1
12-08 15:43:32.189 I/cwmpd   ( 3632): APP_TRACE: pt=1289564055, last=1638936855, next=1638951255, now=1638949412, tmo=1843
12-08 15:43:34.395 I/chromium( 5902): [5902:6651:INFO:ssdp_device.c(101)] SSDP packets sent for 120 seconds = 1
12-08 15:43:34.493 I/chatty  ( 3283): uid=1000(system) nxserver.proac expire 18 lines
12-08 15:43:34.970 D/SMACK   ( 4890): SENT (1):  
12-08 15:43:42.060 I/CasMgrServer: CasManagerServer::ping():127( 3423): count:70, status1:419399398, status2:0, returning 419399398
12-08 15:43:42.197 I/cwmpd   ( 3632): APP_TRACE: pt=1289564055, last=1638936855, next=1638951255, now=1638949422, tmo=1833
12-08 15:43:52.207 I/cwmpd   ( 3632): APP_TRACE: pt=1289564055, last=1638936855, next=1638951255, now=1638949432, tmo=1823
12-08 15:43:52.497 I/chatty  ( 3283): uid=1000(system) nxserver.proac expire 15 lines
