12-08 15:40:16.486 I/SystemConfig( 8381): Adding association: com.google.android.as <- com.android.providers.media
12-08 15:40:16.486 I/SystemConfig( 8381): Adding association: com.google.android.as <- com.android.providers.telephony
12-08 15:40:16.487 I/SystemConfig( 8381): Adding association: com.google.android.as <- com.android.systemui
12-08 15:40:16.487 I/SystemConfig( 8381): Adding association: com.google.android.as <- com.google.android.gms
12-08 15:40:16.487 I/SystemConfig( 8381): Adding association: com.google.android.as <- com.google.android.gsf
12-08 15:40:16.557 W/SystemConfig( 8381): No directory /product/etc/sysconfig, skipping
12-08 15:40:16.578 W/SystemConfig( 8381): No directory /product_services/etc/sysconfig, skipping
12-08 15:40:16.579 W/SystemConfig( 8381): No directory /product_services/etc/permissions, skipping
12-08 15:40:17.179 I/ActivityManager( 3755): Start proc 8410:com.google.android.gms/u0a45 for service {com.google.android.gms/com.google.android.gms.chimera.GmsIntentOperationService}
12-08 15:40:17.186 W/PackageParser( 8381): Unknown element under <manifest>: queries at /data/user_de/0/com.google.android.gms/app_chimera/m/00000008/AdsDynamite.apk Binary XML file line #11
12-08 15:40:17.284 W/PackageParser( 8381): Unknown element under <manifest>: queries at /data/user_de/0/com.google.android.gms/app_chimera/m/00000010/dl-AdsFdrDynamite.integ_214106404000000.apk Binary XML file line #11
12-08 15:40:18.430 W/BroadcastQueue( 3755): Background execution not allowed: receiving Intent { act=com.google.android.chimera.MODULE_CONFIGURATION_CHANGED flg=0x10 (has extras) } to com.google.android.gms/.chimera.GmsIntentOperationService$PersistentInternalReceiver
12-08 15:40:19.658 D/ConnectivityService( 3755): ConnectivityService NetworkRequestInfo binderDied(NetworkRequest [ LISTEN id=22, [ Capabilities: INTERNET&NOT_RESTRICTED&TRUSTED Uid: 10052] ], android.os.BinderProxy@e2598ad)
12-08 15:40:19.659 D/ConnectivityService( 3755): ConnectivityService NetworkRequestInfo binderDied(NetworkRequest [ TRACK_DEFAULT id=21, [ Capabilities: INTERNET&NOT_RESTRICTED&TRUSTED Uid: 10052] ], android.os.BinderProxy@d54e7e2)
12-08 15:40:19.660 I/ActivityManager( 3755): Process com.android.vending (pid 6302) has died: cch+5 CEM 
12-08 15:40:19.660 D/ConnectivityService( 3755): releasing NetworkRequest [ TRACK_DEFAULT id=21, [ Capabilities: INTERNET&NOT_RESTRICTED&TRUSTED Uid: 10052] ] (release request)
12-08 15:40:19.717 D/ConnectivityService( 3755): ConnectivityService NetworkRequestInfo binderDied(NetworkRequest [ TRACK_DEFAULT id=18, [ Capabilities: INTERNET&NOT_RESTRICTED&TRUSTED Uid: 10030] ], android.os.BinderProxy@312630)
12-08 15:40:19.720 I/ActivityManager( 3755): Process com.netflix.ninja (pid 6093) has died: svcb SVC 
12-08 15:40:19.722 D/ConnectivityService( 3755): releasing NetworkRequest [ TRACK_DEFAULT id=18, [ Capabilities: INTERNET&NOT_RESTRICTED&TRUSTED Uid: 10030] ] (release request)
12-08 15:40:19.724 W/ActivityManager( 3755): Scheduling restart of crashed service com.netflix.ninja/.NetflixService in 1000ms
12-08 15:40:19.846 D/ConnectivityService( 3755): ConnectivityService NetworkRequestInfo binderDied(NetworkRequest [ TRACK_DEFAULT id=31, [ Capabilities: INTERNET&NOT_RESTRICTED&TRUSTED Uid: 10044] ], android.os.BinderProxy@5ce13f4)
12-08 15:40:19.847 D/ConnectivityService( 3755): ConnectivityService NetworkRequestInfo binderDied(NetworkRequest [ LISTEN id=32, [ Capabilities: INTERNET&NOT_RESTRICTED&TRUSTED&FOREGROUND Uid: 10044] ], android.os.BinderProxy@58b071d)
12-08 15:40:19.847 D/ConnectivityService( 3755): releasing NetworkRequest [ TRACK_DEFAULT id=31, [ Capabilities: INTERNET&NOT_RESTRICTED&TRUSTED Uid: 10044] ] (release request)
12-08 15:40:19.853 D/NotificationListeners( 3755): Removing active service ComponentInfo{com.google.android.tvrecommendations/com.google.android.tvrecommendations.NotificationsService}
12-08 15:40:19.855 I/ActivityManager( 3755): Process com.google.android.tvrecommendations (pid 8081) has died: fore BFGS
12-08 15:40:19.856 E/NotificationListeners( 3755): unable to notify listener (removed): android.service.notification.INotificationListener$Stub$Proxy@2d6a2b
12-08 15:40:19.856 E/NotificationListeners( 3755): android.os.DeadObjectException
12-08 15:40:19.856 E/NotificationListeners( 3755): 	at android.os.BinderProxy.transactNative(Native Method)
12-08 15:40:19.856 E/NotificationListeners( 3755): 	at android.os.BinderProxy.transact(BinderProxy.java:510)
12-08 15:40:19.856 E/NotificationListeners( 3755): 	at android.service.notification.INotificationListener$Stub$Proxy.onNotificationRemoved(INotificationListener.java:534)
12-08 15:40:19.856 E/NotificationListeners( 3755): 	at com.android.server.notification.NotificationManagerService$NotificationListeners.notifyRemoved(NotificationManagerService.java:8254)
12-08 15:40:19.856 E/NotificationListeners( 3755): 	at com.android.server.notification.NotificationManagerService$NotificationListeners.access$9200(NotificationManagerService.java:7856)
12-08 15:40:19.856 E/NotificationListeners( 3755): 	at com.android.server.notification.NotificationManagerService$NotificationListeners$3.run(NotificationManagerService.java:8068)
12-08 15:40:19.856 E/NotificationListeners( 3755): 	at android.os.Handler.handleCallback(Handler.java:883)
12-08 15:40:19.856 E/NotificationListeners( 3755): 	at android.os.Handler.dispatchMessage(Handler.java:100)
12-08 15:40:19.856 E/NotificationListeners( 3755): 	at android.os.Looper.loop(Looper.java:214)
12-08 15:40:19.856 E/NotificationListeners( 3755): 	at com.android.server.SystemServer.run(SystemServer.java:547)
12-08 15:40:19.856 E/NotificationListeners( 3755): 	at com.android.server.SystemServer.main(SystemServer.java:355)
12-08 15:40:19.856 E/NotificationListeners( 3755): 	at java.lang.reflect.Method.invoke(Native Method)
12-08 15:40:19.856 E/NotificationListeners( 3755): 	at com.android.internal.os.RuntimeInit$MethodAndArgsCaller.run(RuntimeInit.java:504)
12-08 15:40:19.856 E/NotificationListeners( 3755): 	at com.android.internal.os.ZygoteInit.main(ZygoteInit.java:908)
12-08 15:40:19.856 V/NotificationListeners( 3755): 0 notification listener connection lost: ComponentInfo{com.google.android.tvrecommendations/com.google.android.tvrecommendations.NotificationsService}
12-08 15:40:19.857 W/ActivityManager( 3755): Scheduling restart of crashed service com.google.android.tvrecommendations/.NotificationsService in 1000ms
12-08 15:40:19.858 I/ActivityManager( 3755): Killing 5090:com.google.android.tvlauncher/u0a46 (adj 0): depends on provider com.google.android.tvrecommendations/.NotificationContentProvider in dying proc com.google.android.tvrecommendations (adj 0)
12-08 15:40:19.985 W/ActivityManager( 3755): Slow operation: 73ms so far, now at startProcess: returned from zygote!
12-08 15:40:19.985 W/ActivityManager( 3755): Slow operation: 74ms so far, now at startProcess: done updating battery stats
12-08 15:40:19.986 W/ActivityManager( 3755): Slow operation: 74ms so far, now at startProcess: building log message
12-08 15:40:19.986 I/ActivityManager( 3755): Start proc 8450:com.google.android.tv.remote.service/u0a50 for service {com.google.android.tv.remote.service/com.google.android.tv.remote.service.AtvSearchAssistantService}
12-08 15:40:19.986 W/ActivityManager( 3755): Slow operation: 74ms so far, now at startProcess: starting to update pids map
12-08 15:40:19.988 W/ActivityManager( 3755): Slow operation: 76ms so far, now at startProcess: done updating pids map
12-08 15:40:20.049 I/WindowManager( 3755): WIN DEATH: Window{ba7eba3 u0 com.google.android.tvlauncher/com.google.android.tvlauncher.MainActivity}
12-08 15:40:20.126 W/ActivityManager( 3755): Stopping service due to app idle: u0a50 -2m24s226ms com.google.android.tv.remote.service/.RemoteService
12-08 15:40:20.149 W/ActivityManager( 3755): setHasOverlayUi called on unknown pid: 5090
12-08 15:40:20.202 W/ActivityManager( 3755): Slow operation: 51ms so far, now at startProcess: returned from zygote!
12-08 15:40:20.202 W/ActivityManager( 3755): Slow operation: 53ms so far, now at startProcess: done updating battery stats
12-08 15:40:20.203 W/ActivityManager( 3755): Slow operation: 53ms so far, now at startProcess: building log message
12-08 15:40:20.203 I/ActivityManager( 3755): Start proc 8477:com.google.android.tvlauncher/u0a46 for activity {com.google.android.tvlauncher/com.google.android.tvlauncher.MainActivity}
12-08 15:40:20.203 W/ActivityManager( 3755): Slow operation: 53ms so far, now at startProcess: starting to update pids map
12-08 15:40:20.203 W/ActivityManager( 3755): Slow operation: 53ms so far, now at startProcess: done updating pids map
12-08 15:40:20.367 W/ActivityManager( 3755): Slow operation: 114ms so far, now at attachApplicationLocked: after mServices.attachApplicationLocked
12-08 15:40:20.374 W/InputMethodManagerService( 3755): Session failed to close due to remote exception
12-08 15:40:20.374 W/InputMethodManagerService( 3755): android.os.DeadObjectException
12-08 15:40:20.374 W/InputMethodManagerService( 3755): 	at android.os.BinderProxy.transactNative(Native Method)
12-08 15:40:20.374 W/InputMethodManagerService( 3755): 	at android.os.BinderProxy.transact(BinderProxy.java:510)
12-08 15:40:20.374 W/InputMethodManagerService( 3755): 	at com.android.internal.view.IInputMethodSession$Stub$Proxy.finishSession(IInputMethodSession.java:419)
12-08 15:40:20.374 W/InputMethodManagerService( 3755): 	at com.android.server.inputmethod.InputMethodManagerService.finishSessionLocked(InputMethodManagerService.java:2333)
12-08 15:40:20.374 W/InputMethodManagerService( 3755): 	at com.android.server.inputmethod.InputMethodManagerService.clearClientSessionLocked(InputMethodManagerService.java:2324)
12-08 15:40:20.374 W/InputMethodManagerService( 3755): 	at com.android.server.inputmethod.InputMethodManagerService.clearCurMethodLocked(InputMethodManagerService.java:2351)
12-08 15:40:20.374 W/InputMethodManagerService( 3755): 	at com.android.server.inputmethod.InputMethodManagerService.onServiceDisconnected(InputMethodManagerService.java:2378)
12-08 15:40:20.374 W/InputMethodManagerService( 3755): 	at android.app.LoadedApk$ServiceDispatcher.doDeath(LoadedApk.java:1969)
12-08 15:40:20.374 W/InputMethodManagerService( 3755): 	at android.app.LoadedApk$ServiceDispatcher$RunConnection.run(LoadedApk.java:1984)
12-08 15:40:20.374 W/InputMethodManagerService( 3755): 	at android.os.Handler.handleCallback(Handler.java:883)
12-08 15:40:20.374 W/InputMethodManagerService( 3755): 	at android.os.Handler.dispatchMessage(Handler.java:100)
12-08 15:40:20.374 W/InputMethodManagerService( 3755): 	at android.os.Looper.loop(Looper.java:214)
12-08 15:40:20.374 W/InputMethodManagerService( 3755): 	at com.android.server.SystemServer.run(SystemServer.java:547)
12-08 15:40:20.374 W/InputMethodManagerService( 3755): 	at com.android.server.SystemServer.main(SystemServer.java:355)
12-08 15:40:20.374 W/InputMethodManagerService( 3755): 	at java.lang.reflect.Method.invoke(Native Method)
12-08 15:40:20.374 W/InputMethodManagerService( 3755): 	at com.android.internal.os.RuntimeInit$MethodAndArgsCaller.run(RuntimeInit.java:504)
12-08 15:40:20.374 W/InputMethodManagerService( 3755): 	at com.android.internal.os.ZygoteInit.main(ZygoteInit.java:908)
12-08 15:40:20.389 I/ActivityManager( 3755): Process com.google.android.inputmethod.latin (pid 4451) has died: prcp IMPB
12-08 15:40:20.392 W/ActivityManager( 3755): Scheduling restart of crashed service com.google.android.inputmethod.latin/com.android.inputmethod.latin.LatinIME in 10466ms
12-08 15:40:20.816 W/ContextImpl( 5504): Calling a method in the system process without a qualified user: android.app.ContextImpl.bindService:1649 android.content.ContextWrapper.bindService:705 com.google.android.tv.assistant.led.AssistantLedService.onCreate:67 android.app.ActivityThread.handleCreateService:3953 android.app.ActivityThread.access$1500:219 
12-08 15:40:20.818 D/ConnectivityService( 3755): requestNetwork for uid/pid:10049/8342 NetworkRequest [ TRACK_DEFAULT id=33, [ Capabilities: INTERNET&NOT_RESTRICTED&TRUSTED Uid: 10049] ]
12-08 15:40:20.835 W/ActivityTaskManager( 3755): Activity top resumed state loss timeout for ActivityRecord{3795d93 u0 com.google.android.tvlauncher/.MainActivity t128}
12-08 15:40:20.843 W/ActivityTaskManager( 3755): Activity pause timeout for ActivityRecord{3795d93 u0 com.google.android.tvlauncher/.MainActivity t128}
12-08 15:40:20.924 W/ActivityManager( 3755): Slow operation: 66ms so far, now at startProcess: returned from zygote!
12-08 15:40:20.925 W/ActivityManager( 3755): Slow operation: 66ms so far, now at startProcess: done updating battery stats
12-08 15:40:20.925 W/ActivityManager( 3755): Slow operation: 66ms so far, now at startProcess: building log message
12-08 15:40:20.925 I/ActivityManager( 3755): Start proc 8517:com.google.android.tvrecommendations/u0a44 for service {com.google.android.tvrecommendations/com.google.android.tvrecommendations.NotificationsService}
12-08 15:40:20.925 W/ActivityManager( 3755): Slow operation: 66ms so far, now at startProcess: starting to update pids map
12-08 15:40:20.925 W/ActivityManager( 3755): Slow operation: 67ms so far, now at startProcess: done updating pids map
12-08 15:40:21.166 I/ActivityTaskManager( 3755): Config changes=30 {1.0 ?mcc?mnc [en_US] ldltr sw540dp w960dp h540dp 320dpi lrg long land television -touch qwerty/v/v dpad/v winConfig={ mBounds=Rect(0, 0 - 1920, 1080) mAppBounds=Rect(0, 0 - 1920, 1080) mWindowingMode=fullscreen mDisplayWindowingMode=fullscreen mActivityType=undefined mAlwaysOnTop=undefined mRotation=ROTATION_0} s.72}
12-08 15:40:21.196 W/ActivityManager( 3755): Slow operation: 86ms so far, now at startProcess: returned from zygote!
12-08 15:40:21.315 I/ActivityTaskManager( 3755): Override config changes=30 {1.0 ?mcc?mnc [en_US] ldltr sw540dp w960dp h540dp 320dpi lrg long land television -touch qwerty/v/v dpad/v winConfig={ mBounds=Rect(0, 0 - 1920, 1080) mAppBounds=Rect(0, 0 - 1920, 1080) mWindowingMode=fullscreen mDisplayWindowingMode=fullscreen mActivityType=undefined mAlwaysOnTop=undefined mRotation=ROTATION_0} s.72} for displayId=0
12-08 15:40:21.385 W/ActivityManager( 3755): Slow operation: 276ms so far, now at startProcess: done updating battery stats
12-08 15:40:21.385 W/ActivityManager( 3755): Slow operation: 276ms so far, now at startProcess: building log message
12-08 15:40:21.385 I/ActivityManager( 3755): Start proc 8564:com.google.android.katniss:search/u0a49 for service {com.google.android.katniss/com.google.android.apps.tvsearch.controller.libas.KatnissSearchProcessService}
12-08 15:40:21.385 W/ActivityManager( 3755): Slow operation: 276ms so far, now at startProcess: starting to update pids map
12-08 15:40:21.392 W/ActivityManager( 3755): Slow operation: 282ms so far, now at startProcess: done updating pids map
12-08 15:40:21.494 E/WindowManager( 3755): App trying to use insecure INPUT_FEATURE_NO_INPUT_CHANNEL flag. Ignoring
12-08 15:40:22.095 D/ConnectivityService( 3755): Returning BLOCKED NetworkInfo to uid=10046
12-08 15:40:22.271 E/WifiService( 3755): Permission violation - getConfiguredNetworks not allowed for uid=10044, packageName=com.google.android.tvrecommendations, reason=java.lang.SecurityException: UID 10044 has no location permission
12-08 15:40:22.340 V/NotificationListeners( 3755): 0 notification listener service connected: ComponentInfo{com.google.android.tvrecommendations/com.google.android.tvrecommendations.NotificationsService}
12-08 15:40:22.367 E/WindowManager( 3755): App trying to use insecure INPUT_FEATURE_NO_INPUT_CHANNEL flag. Ignoring
12-08 15:40:22.394 E/WifiService( 3755): Permission violation - getConfiguredNetworks not allowed for uid=10044, packageName=com.google.android.tvrecommendations, reason=java.lang.SecurityException: UID 10044 has no location permission
12-08 15:40:22.423 E/WifiService( 3755): Permission violation - getConfiguredNetworks not allowed for uid=10044, packageName=com.google.android.tvrecommendations, reason=java.lang.SecurityException: UID 10044 has no location permission
12-08 15:40:22.739 D/ConnectivityService( 3755): requestNetwork for uid/pid:10044/8517 NetworkRequest [ TRACK_DEFAULT id=34, [ Capabilities: INTERNET&NOT_RESTRICTED&TRUSTED Uid: 10044] ]
12-08 15:40:23.448 W/WindowManager( 3755): App freeze timeout expired.
12-08 15:40:23.451 W/WindowManager( 3755): Force clearing freeze: AppWindowToken{ff3e5c9 token=Token{7e1d1d0 ActivityRecord{3795d93 u0 com.google.android.tvlauncher/.MainActivity t128}}}
12-08 15:40:23.475 W/KeyphraseEnrollmentInfo( 8342): No enrollment application supports the given keyphrase/locale: 'Ok Google'/en_US
12-08 15:40:23.514 E/WindowManager( 3755): App trying to use insecure INPUT_FEATURE_NO_INPUT_CHANNEL flag. Ignoring
12-08 15:40:24.206 W/ActivityManager( 3755): Slow operation: 140ms so far, now at startProcess: returned from zygote!
12-08 15:40:24.206 W/ActivityManager( 3755): Slow operation: 141ms so far, now at startProcess: done updating battery stats
12-08 15:40:24.206 W/ActivityManager( 3755): Slow operation: 141ms so far, now at startProcess: building log message
12-08 15:40:24.207 I/ActivityManager( 3755): Start proc 8745:com.google.android.webview:sandboxed_process0:org.chromium.content.app.SandboxedProcessService0:0/u0i3 for  {com.google.android.katniss/org.chromium.content.app.SandboxedProcessService0:0}
12-08 15:40:24.207 W/ActivityManager( 3755): Slow operation: 141ms so far, now at startProcess: starting to update pids map
12-08 15:40:24.208 W/ActivityManager( 3755): Slow operation: 143ms so far, now at startProcess: done updating pids map
12-08 15:40:24.317 I/ActivityTaskManager( 3755): Activity reported stop, but no longer stopping: ActivityRecord{3795d93 u0 com.google.android.tvlauncher/.MainActivity t128}
12-08 15:40:24.414 W/ProcessStats( 3755): Tracking association SourceState{290f542 com.google.android.tvlauncher/10046 Top #3359} whose proc state 1 is better than process ProcessState{1e97fd0 com.google.android.gms.persistent/10045 pkg=com.google.android.gms (sub)} proc state 2 (666 skipped)
12-08 15:40:24.549 W/ActivityManager( 3755): Slow operation: 124ms so far, now at startProcess: returned from zygote!
12-08 15:40:24.549 W/ActivityManager( 3755): Slow operation: 124ms so far, now at startProcess: done updating battery stats
12-08 15:40:24.550 W/ActivityManager( 3755): Slow operation: 124ms so far, now at startProcess: building log message
12-08 15:40:24.550 I/ActivityManager( 3755): Start proc 8774:com.google.android.inputmethod.latin/u0a65 for service {com.google.android.inputmethod.latin/com.android.inputmethod.latin.LatinIME}
12-08 15:40:24.550 W/ActivityManager( 3755): Slow operation: 124ms so far, now at startProcess: starting to update pids map
12-08 15:40:24.554 W/ActivityManager( 3755): Slow operation: 128ms so far, now at startProcess: done updating pids map
12-08 15:40:25.961 I/SystemConfig( 8410): Adding association: com.google.android.as <- com.android.providers.contacts
12-08 15:40:25.962 I/SystemConfig( 8410): Adding association: com.google.android.as <- com.android.providers.media
12-08 15:40:25.962 I/SystemConfig( 8410): Adding association: com.google.android.as <- com.android.providers.telephony
12-08 15:40:25.962 I/SystemConfig( 8410): Adding association: com.google.android.as <- com.android.systemui
12-08 15:40:25.962 I/SystemConfig( 8410): Adding association: com.google.android.as <- com.google.android.gms
12-08 15:40:25.962 I/SystemConfig( 8410): Adding association: com.google.android.as <- com.google.android.gsf
12-08 15:40:26.932 W/SystemConfig( 8410): No directory /product/etc/sysconfig, skipping
12-08 15:40:26.992 W/SystemConfig( 8410): No directory /product_services/etc/sysconfig, skipping
12-08 15:40:26.992 W/SystemConfig( 8410): No directory /product_services/etc/permissions, skipping
12-08 15:40:28.915 W/PackageParser( 8410): Unknown element under <manifest>: queries at /data/user_de/0/com.google.android.gms/app_chimera/m/00000008/AdsDynamite.apk Binary XML file line #11
12-08 15:40:29.683 W/PackageParser( 8410): Unknown element under <manifest>: queries at /data/user_de/0/com.google.android.gms/app_chimera/m/00000010/dl-AdsFdrDynamite.integ_214106404000000.apk Binary XML file line #11
12-08 15:40:29.798 D/ConnectivityService( 3755): Blocked status changed to true for 10052(23) on netId 100
12-08 15:40:29.799 D/ConnectivityService( 3755): Blocked status changed to true for 10052(26) on netId 100
12-08 15:40:29.800 D/ConnectivityService( 3755): Blocked status changed to true for 10052(27) on netId 100
12-08 15:40:29.991 W/ActivityManager( 3755): Unable to start service Intent { act=com.google.android.gms.nearby.discovery:ACTION_INIT_MESSAGES_PATH cmp=com.google.android.gms/.nearby.discovery.service.DiscoveryService } U=0: not found
12-08 15:40:30.664 W/PackageParser( 8410): Unknown element under <manifest>: queries at /data/user_de/0/com.google.android.gms/app_chimera/m/00000008/AdsDynamite.apk Binary XML file line #11
12-08 15:40:31.100 W/PackageParser( 8410): Unknown element under <manifest>: queries at /data/user_de/0/com.google.android.gms/app_chimera/m/00000010/dl-AdsFdrDynamite.integ_214106404000000.apk Binary XML file line #11
12-08 15:40:32.303 W/BroadcastQueue( 3755): Background execution not allowed: receiving Intent { act=com.google.android.location.internal.server.ACTION_RESTARTED flg=0x10 (has extras) } to com.google.android.gms/.chimera.GmsIntentOperationService$PersistentInternalReceiver
12-08 15:40:32.615 W/ActivityManager( 3755): Slow operation: 52ms so far, now at startProcess: returned from zygote!
12-08 15:40:32.615 W/ActivityManager( 3755): Slow operation: 53ms so far, now at startProcess: done updating battery stats
12-08 15:40:32.615 W/ActivityManager( 3755): Slow operation: 53ms so far, now at startProcess: building log message
12-08 15:40:32.615 I/ActivityManager( 3755): Start proc 8933:com.google.android.gms.unstable/u0a45 for service {com.google.android.gms/com.google.android.gms.droidguard.DroidGuardService}
12-08 15:40:32.615 W/ActivityManager( 3755): Slow operation: 53ms so far, now at startProcess: starting to update pids map
12-08 15:40:32.619 W/ActivityManager( 3755): Slow operation: 56ms so far, now at startProcess: done updating pids map
12-08 15:40:34.432 W/ProcessStats( 3755): Tracking association SourceState{1014ece com.google.android.tvlauncher/10046 Top #3600} whose proc state 1 is better than process ProcessState{4e581ef com.google.android.tvrecommendations/10044 pkg=com.google.android.tvrecommendations (sub)} proc state 2 (576 skipped)
12-08 15:40:34.702 W/ActivityManager( 3755): Unable to start service Intent { cmp=com.google.android.gms/.fido.fido2.pollux.CableAuthenticatorService } U=0: not found
12-08 15:40:34.724 W/ActivityManager( 3755): Unable to start service Intent { cmp=com.google.android.gms/.fido.authenticator.service.AuthenticatorService } U=0: not found
12-08 15:40:39.292 W/PackageParser( 8410): Unknown element under <manifest>: queries at /data/user_de/0/com.google.android.gms/app_chimera/m/00000008/AdsDynamite.apk Binary XML file line #11
12-08 15:40:39.526 W/PackageParser( 8410): Unknown element under <manifest>: queries at /data/user_de/0/com.google.android.gms/app_chimera/m/00000010/dl-AdsFdrDynamite.integ_214106404000000.apk Binary XML file line #11
12-08 15:40:41.145 D/NsdService( 3755): mdnssd [start-service]
12-08 15:40:41.356 D/NsdService( 3755): New client listening to asynchronous messages
12-08 15:40:41.356 D/NsdService( 3755): New client, channel: com.android.internal.util.AsyncChannel@ae0af3c messenger: android.os.Messenger@b7714c5
12-08 15:40:41.379 D/NsdService( 3755): Register service
12-08 15:40:41.394 D/NsdService( 3755): registerService: 3 name: qqqqqqqqq, type: _androidtvremote2._tcp., host: null, port: 6466, txtRecord: bt=64:12:36:1E:66:0D
12-08 15:40:41.395 D/NsdService( 3755): mdnssd [register, 3, qqqqqqqqq, _androidtvremote2._tcp., 6466, FGJ0PTY0OjEyOjM2OjFFOjY2OjBE]
12-08 15:40:41.412 D/NsdService( 3755): Register 2 3
12-08 15:40:42.190 D/NsdService( 3755): Native daemon message SERVICE_REGISTERED: 606 3 "qqqqqqqqq"
12-08 15:40:43.619 I/DropBoxManagerService( 3755): add tag=keymaster isTagEnabled=true flags=0x0
12-08 15:40:44.637 W/ProcessStats( 3755): Tracking association SourceState{1014ece com.google.android.tvlauncher/10046 Top #3889} whose proc state 1 is better than process ProcessState{4e581ef com.google.android.tvrecommendations/10044 pkg=com.google.android.tvrecommendations (sub)} proc state 2 (458 skipped)
12-08 15:40:45.625 W/BroadcastQueue( 3755): Background execution not allowed: receiving Intent { act=android.intent.action.DROPBOX_ENTRY_ADDED flg=0x10 (has extras) } to com.google.android.gms/.stats.service.DropBoxEntryAddedReceiver
12-08 15:40:45.625 W/BroadcastQueue( 3755): Background execution not allowed: receiving Intent { act=android.intent.action.DROPBOX_ENTRY_ADDED flg=0x10 (has extras) } to com.google.android.gms/.chimera.GmsIntentOperationService$PersistentTrustedReceiver
12-08 15:40:46.814 I/ActivityManager( 3755): Start proc 9165:com.android.vending/u0a52 for broadcast {com.android.vending/com.google.android.finsky.checkin.CheckinReceiver}
12-08 15:40:47.620 D/ConnectivityService( 3755): requestNetwork for uid/pid:10052/9165 NetworkRequest [ TRACK_DEFAULT id=37, [ Capabilities: INTERNET&NOT_RESTRICTED&TRUSTED Uid: 10052] ]
12-08 15:40:48.247 D/ConnectivityService( 3755): Blocked status changed to false for 10052(23) on netId 100
12-08 15:40:48.247 D/ConnectivityService( 3755): Blocked status changed to false for 10052(26) on netId 100
12-08 15:40:48.248 D/ConnectivityService( 3755): Blocked status changed to false for 10052(27) on netId 100
12-08 15:40:48.249 D/ConnectivityService( 3755): Blocked status changed to false for 10052(37) on netId 100
12-08 15:40:48.250 D/ConnectivityService( 3755): Blocked status changed to false for 10052(38) on netId 100
12-08 15:40:48.767 D/ConnectivityService( 3755): Returning UNBLOCKED NetworkInfo to uid=10052
12-08 15:40:49.174 E/NotificationService( 3755): Suppressing notification from package by user request.
12-08 15:40:50.007 D/ConnectivityService( 3755): Blocked status changed to true for 10052(23) on netId 100
12-08 15:40:50.007 D/ConnectivityService( 3755): Blocked status changed to true for 10052(26) on netId 100
12-08 15:40:50.008 D/ConnectivityService( 3755): Blocked status changed to true for 10052(27) on netId 100
12-08 15:40:50.008 D/ConnectivityService( 3755): Blocked status changed to true for 10052(37) on netId 100
12-08 15:40:50.009 D/ConnectivityService( 3755): Blocked status changed to true for 10052(38) on netId 100
12-08 15:40:54.036 V/SettingsProvider( 3755): Notifying for 0: content://settings/global/WIFI_QOS_VALUE
12-08 15:40:55.974 W/ProcessStats( 3755): Tracking association SourceState{1014ece com.google.android.tvlauncher/10046 Top #4013} whose proc state 1 is better than process ProcessState{4e581ef com.google.android.tvrecommendations/10044 pkg=com.google.android.tvrecommendations (sub)} proc state 2 (200 skipped)
12-08 15:40:56.182 I/ActivityManager( 3755): Start proc 9296:com.android.statementservice/u0a5 for broadcast {com.android.statementservice/com.android.statementservice.IntentFilterVerificationReceiver}
12-08 15:40:56.185 W/PackageManager( 3755): Cannot whitelist unknown permission: android.permission.QUERY_ALL_PACKAGES
12-08 15:40:56.185 W/PackageManager( 3755): Cannot whitelist unknown permission: android.permission.RENOUNCE_PERMISSIONS
12-08 15:40:56.185 W/PackageManager( 3755): Cannot whitelist unknown permission: android.permission.SCHEDULE_PRIORITIZED_ALARM
12-08 15:40:56.185 W/PackageManager( 3755): Cannot whitelist unknown permission: android.permission.PRE_FACTORY_RESET
12-08 15:40:56.185 W/PackageManager( 3755): Cannot whitelist unknown permission: android.permission.MANAGE_FACTORY_RESET_PROTECTION
12-08 15:40:56.185 W/PackageManager( 3755): Cannot whitelist unknown permission: com.google.android.apps.enterprise.dmagent.permission.AutoSyncPermission
12-08 15:40:56.185 W/PackageManager( 3755): Cannot whitelist unknown permission: android.car.permission.CAR_POWER
12-08 15:40:56.185 W/PackageManager( 3755): Cannot whitelist unknown permission: com.google.android.wearable.WRITE_SETTINGS
12-08 15:40:56.185 W/PackageManager( 3755): Cannot whitelist unknown permission: com.felicanetworks.mfc.permission.MFC_ACCESS
12-08 15:40:56.185 W/PackageManager( 3755): Cannot whitelist unknown permission: com.felicanetworks.mfc.mfi.permission.MFI_ACCESS
12-08 15:40:56.185 W/PackageManager( 3755): Cannot whitelist unknown permission: android.permission.ACCESS_CONTEXT_HUB
12-08 15:40:56.185 W/PackageManager( 3755): Cannot whitelist unknown permission: android.permission.BROADCAST_CLOSE_SYSTEM_DIALOGS
12-08 15:40:56.187 W/PackageManager( 3755): Cannot whitelist unknown permission: android.permission.INSTALL_LOCATION_TIME_ZONE_PROVIDER_SERVICE
12-08 15:40:56.188 W/PackageManager( 3755): Cannot whitelist unknown permission: android.permission.BLUETOOTH_CONNECT
12-08 15:40:56.188 W/PackageManager( 3755): Cannot whitelist unknown permission: android.permission.BLUETOOTH_SCAN
12-08 15:40:56.188 W/PackageManager( 3755): Cannot whitelist unknown permission: android.permission.BLUETOOTH_ADVERTISE
12-08 15:40:56.188 W/PackageManager( 3755): Cannot whitelist unknown permission: com.google.android.googlequicksearchbox.permission.PAUSE_HOTWORD
12-08 15:40:56.188 W/PackageManager( 3755): Cannot whitelist unknown permission: android.permission.COMPANION_APPROVE_WIFI_CONNECTIONS
12-08 15:40:56.188 W/PackageManager( 3755): Cannot whitelist unknown permission: android.permission.UWB
12-08 15:40:56.188 W/PackageManager( 3755): Cannot whitelist unknown permission: android.permission.NEARBY_WIFI_DEVICES
12-08 15:40:56.188 W/PackageManager( 3755): Cannot whitelist unknown permission: com.sec.android.app.myfiles.permission.READ
12-08 15:40:56.188 W/PackageManager( 3755): Cannot whitelist unknown permission: com.sec.android.app.myfiles.permission.WRITE
12-08 15:40:56.188 W/PackageManager( 3755): Cannot whitelist unknown permission: com.sec.android.gallery3d.provider2.READ
12-08 15:40:56.188 W/PackageManager( 3755): Cannot whitelist unknown permission: com.sec.android.gallery3d.provider2.WRITE
12-08 15:40:56.188 W/PackageManager( 3755): Cannot whitelist unknown permission: android.permission.UWB_PRIVILEGED
12-08 15:40:56.188 W/PackageManager( 3755): Cannot whitelist unknown permission: android.permission.UWB_RANGING
12-08 15:40:56.188 W/PackageManager( 3755): Cannot whitelist unknown permission: com.google.pixel.exo.BIND_TO_BOOTSTRAPPING
12-08 15:40:56.188 W/PackageManager( 3755): Cannot whitelist unknown permission: com.google.android.gms.auth.authzen.permission.DEVICE_SYNC_FINISHED
12-08 15:40:56.188 W/PackageManager( 3755): Cannot whitelist unknown permission: com.google.android.hangouts.START_HANGOUT
12-08 15:40:56.188 W/PackageManager( 3755): Cannot whitelist unknown permission: com.google.android.setupwizard.SETUP_PROGRESS_SERVICE
12-08 15:40:56.188 W/PackageManager( 3755): Cannot whitelist unknown permission: android.car.permission.CAR_POWERTRAIN
12-08 15:40:56.188 W/PackageManager( 3755): Cannot whitelist unknown permission: android.car.permission.CAR_ENERGY
12-08 15:40:56.188 W/PackageManager( 3755): Cannot whitelist unknown permission: android.car.permission.CAR_ENERGY_PORTS
12-08 15:40:56.188 W/PackageManager( 3755): Cannot whitelist unknown permission: android.car.permission.CAR_EXTERIOR_LIGHTS
12-08 15:40:56.188 W/PackageManager( 3755): Cannot whitelist unknown permission: android.car.permission.CAR_INFO
12-08 15:40:56.188 W/PackageManager( 3755): Cannot whitelist unknown permission: android.car.permission.CAR_MILEAGE
12-08 15:40:56.188 W/PackageManager( 3755): Cannot whitelist unknown permission: android.car.permission.CAR_TIRES
12-08 15:40:56.188 W/PackageManager( 3755): Cannot whitelist unknown permission: android.car.permission.CONTROL_CAR_CLIMATE
12-08 15:40:56.188 W/PackageManager( 3755): Cannot whitelist unknown permission: android.car.permission.CONTROL_CAR_DOORS
12-08 15:40:56.188 W/PackageManager( 3755): Cannot whitelist unknown permission: android.car.permission.CONTROL_CAR_EXTERIOR_LIGHTS
12-08 15:40:56.188 W/PackageManager( 3755): Cannot whitelist unknown permission: android.car.permission.CONTROL_CAR_MIRRORS
12-08 15:40:56.188 W/PackageManager( 3755): Cannot whitelist unknown permission: android.car.permission.CONTROL_CAR_SEATS
12-08 15:40:56.188 W/PackageManager( 3755): Cannot whitelist unknown permission: android.car.permission.CONTROL_CAR_WINDOWS
12-08 15:40:56.188 W/PackageManager( 3755): Cannot whitelist unknown permission: android.car.permission.READ_CAR_DISPLAY_UNITS
12-08 15:40:56.188 W/PackageManager( 3755): Cannot whitelist unknown permission: com.google.android.permission.ACCESSIBILITY_SCAN_SERVICE
12-08 15:40:56.188 W/PackageManager( 3755): Cannot whitelist unknown permission: com.google.android.clockwork.settings.SHOW_FACTORY_RESET_CONFIRMATION
12-08 15:40:56.188 W/PackageManager( 3755): Cannot whitelist unknown permission: com.google.android.wearable.READ_SETTINGS
12-08 15:40:56.188 W/PackageManager( 3755): Cannot whitelist unknown permission: com.google.android.wearable.permission.URI_REDIRECT_TO_REMOTE
12-08 15:40:56.188 W/PackageManager( 3755): Cannot whitelist unknown permission: android.permission.READ_MEDIA_AUDIO
12-08 15:40:56.188 W/PackageManager( 3755): Cannot whitelist unknown permission: android.permission.READ_MEDIA_IMAGES
12-08 15:40:56.188 W/PackageManager( 3755): Cannot whitelist unknown permission: android.permission.READ_MEDIA_VIDEO
12-08 15:40:56.189 W/PackageManager( 3755): Cannot whitelist unknown permission: android.permission.DOMAIN_VERIFICATION_AGENT
12-08 15:40:56.189 W/PackageManager( 3755): Cannot whitelist unknown permission: com.google.android.apps.now.OPT_IN_WIZARD
12-08 15:40:56.189 W/PackageManager( 3755): Cannot whitelist unknown permission: com.google.android.setupwizard.SETUP_COMPAT_SERVICE
12-08 15:40:56.189 W/PackageManager( 3755): Cannot whitelist unknown permission: android.permission.MANAGE_TIME_AND_ZONE_DETECTION
12-08 15:40:56.189 W/PackageManager( 3755): Cannot whitelist unknown permission: android.permission.UPDATE_FONTS
12-08 15:40:56.189 W/PackageManager( 3755): Cannot whitelist unknown permission: com.google.android.gms.game.notifications.permission.WRITE
12-08 15:40:56.189 W/PackageManager( 3755): Cannot whitelist unknown permission: com.google.android.launcher.permission.RECEIVE_LAUNCH_BROADCASTS
12-08 15:40:56.189 W/PackageManager( 3755): Cannot whitelist unknown permission: android.permission.HIGH_SAMPLING_RATE_SENSORS
12-08 15:40:56.189 W/PackageManager( 3755): Cannot whitelist unknown permission: com.google.android.gms.auth.authzen.permission.KEY_REGISTRATION_FINISHED
12-08 15:40:56.389 I/RoleManagerService( 3755): Granting default permissions...
12-08 15:40:56.421 I/ActivityManager( 3755): Force stopping com.google.android.gms appid=10045 user=0: pkg removed
12-08 15:40:56.422 I/ActivityManager( 3755): Killing 8342:com.google.android.katniss:interactor/u0a49 (adj 100): stop com.google.android.gms
12-08 15:40:56.454 W/ActivityManager( 3755): Scheduling restart of crashed service com.google.android.katniss/com.google.android.apps.gsa.binaries.tv.logging.clearcut.libas.ipc.TvLoggerService in 1000ms
12-08 15:40:56.454 W/ActivityManager( 3755): Scheduling restart of crashed service com.google.android.katniss/.search.serviceapi.KatnissVoiceInteractionService in 83996ms
12-08 15:40:56.454 W/ActivityManager( 3755): Scheduling restart of crashed service com.google.android.katniss/com.google.android.apps.tvsearch.voice.KatnissVoiceInteractionSessionService in 10999ms
12-08 15:40:56.455 W/ActivityManager( 3755): Scheduling restart of crashed service com.google.android.katniss/com.google.android.apps.tvsearch.controller.services.KatnissInteractorProcessService in 20999ms
12-08 15:40:56.456 I/ActivityManager( 3755): Killing 8381:com.google.android.gms.persistent/u0a45 (adj 100): stop com.google.android.gms
12-08 15:40:56.458 W/ActivityManager( 3755): Scheduling restart of crashed service com.google.android.gms/.stats.eastworld.EastworldService in 30996ms
12-08 15:40:56.459 W/ActivityManager( 3755): Scheduling restart of crashed service com.google.android.gms/.gcm.nts.SchedulerService in 40996ms
12-08 15:40:56.459 W/ActivityManager( 3755): Scheduling restart of crashed service com.google.android.gms/.tron.CollectionService in 50996ms
12-08 15:40:56.460 W/ActivityManager( 3755): Scheduling restart of crashed service com.google.android.gms/.common.stats.GmsCoreStatsService in 60995ms
12-08 15:40:56.460 W/ActivityManager( 3755): Scheduling restart of crashed service com.google.android.gms/.chimera.PersistentInternalBoundBrokerService in 70995ms
12-08 15:40:56.460 W/ActivityManager( 3755): Scheduling restart of crashed service com.google.android.gms/.lockbox.service.LockboxBrokerService in 93990ms
12-08 15:40:56.461 W/ActivityManager( 3755): Scheduling restart of crashed service com.google.android.gms/com.google.android.location.internal.server.GoogleLocationService in 103989ms
12-08 15:40:56.461 W/ActivityManager( 3755): Scheduling restart of crashed service com.google.android.gms/com.google.android.location.internal.GoogleLocationManagerService in 113988ms
12-08 15:40:56.462 W/ActivityManager( 3755): Scheduling restart of crashed service com.google.android.gms/com.google.android.location.internal.PendingIntentCallbackService in 123988ms
12-08 15:40:56.462 W/ActivityManager( 3755): Scheduling restart of crashed service com.google.android.gms/.chimera.PersistentDirectBootAwareApiService in 123988ms
12-08 15:40:56.463 W/ActivityManager( 3755): Scheduling restart of crashed service com.google.android.gms/.deviceconnection.service.DeviceConnectionWatcherService in 133987ms
12-08 15:40:56.463 W/ActivityManager( 3755): Scheduling restart of crashed service com.google.android.gms/.chimera.PersistentIntentOperationService in 143987ms
12-08 15:40:56.464 W/ActivityManager( 3755): Scheduling restart of crashed service com.google.android.gms/.auth.setup.devicesignals.LockScreenService in 153987ms
12-08 15:40:56.464 W/ActivityManager( 3755): Scheduling restart of crashed service com.google.android.gms/.presencemanager.service.PresenceManagerPresenceReportService in 163987ms
12-08 15:40:56.464 W/ActivityManager( 3755): Scheduling restart of crashed service com.google.android.gms/.chimera.PersistentApiService in 173986ms
12-08 15:40:56.465 W/ActivityManager( 3755): Scheduling restart of crashed service com.google.android.gms/.gcm.GcmService in 183986ms
12-08 15:40:56.465 W/ActivityManager( 3755): Scheduling restart of crashed service com.google.android.gms/.chimera.PersistentBoundBrokerService in 193986ms
12-08 15:40:56.467 I/ActivityManager( 3755): Killing 8933:com.google.android.gms.unstable/u0a45 (adj 100): stop com.google.android.gms
12-08 15:40:56.468 W/ActivityManager( 3755): Scheduling restart of crashed service com.google.android.gms/.droidguard.DroidGuardService in 203983ms
12-08 15:40:56.469 I/ActivityManager( 3755): Killing 8410:com.google.android.gms/u0a45 (adj 100): stop com.google.android.gms
12-08 15:40:56.470 W/ActivityManager( 3755): Scheduling restart of crashed service com.google.android.gms/.chimera.GmsBoundBrokerService in 70985ms
12-08 15:40:56.470 W/ActivityManager( 3755): Scheduling restart of crashed service com.google.android.gms/.chimera.GmsIntentOperationService in 203981ms
12-08 15:40:56.471 I/ActivityManager( 3755): Killing 8450:com.google.android.tv.remote.service/u0a50 (adj 100): stop com.google.android.gms
12-08 15:40:56.473 W/ActivityManager( 3755): Scheduling restart of crashed service com.google.android.tv.remote.service/.AtvRemoteProviderService in 883936ms
12-08 15:40:56.473 W/ActivityManager( 3755): Scheduling restart of crashed service com.google.android.tv.remote.service/.AtvSearchAssistantService in 213978ms
12-08 15:40:56.473 W/ActivityManager( 3755): Scheduling restart of crashed service com.google.android.tv.remote.service/.RemoteService in 223978ms
12-08 15:40:56.474 I/ActivityManager( 3755): Killing 8564:com.google.android.katniss:search/u0a49 (adj 0): stop com.google.android.gms
12-08 15:40:56.478 I/ActivityManager( 3755): Killing 8745:com.google.android.webview:sandboxed_process0:org.chromium.content.app.SandboxedProcessService0:0/u0a49i3 (adj 0): isolated not needed
12-08 15:40:56.486 I/ActivityManager( 3755):   Force stopping service ServiceRecord{b99daff u0 com.google.android.gms/.common.stats.GmsCoreStatsService}
12-08 15:40:56.486 I/ActivityManager( 3755):   Force stopping service ServiceRecord{6198c09 u0 com.google.android.gms/com.google.android.location.internal.GoogleLocationManagerService}
12-08 15:40:56.487 I/ActivityManager( 3755):   Force stopping service ServiceRecord{8069f2b u0 com.google.android.gms/com.google.android.location.internal.server.GoogleLocationService}
12-08 15:40:56.487 I/ActivityManager( 3755):   Force stopping service ServiceRecord{3645ff5 u0 com.google.android.gms/.chimera.PersistentIntentOperationService}
12-08 15:40:56.487 I/ActivityManager( 3755):   Force stopping service ServiceRecord{3e8b6ed u0 com.google.android.gms/.chimera.PersistentDirectBootAwareApiService}
12-08 15:40:56.487 I/ActivityManager( 3755):   Force stopping service ServiceRecord{5c53b94 u0 com.google.android.gms/.chimera.GmsIntentOperationService}
12-08 15:40:56.487 I/ActivityManager( 3755):   Force stopping service ServiceRecord{2b46174 u0 com.google.android.gms/.presencemanager.service.PresenceManagerPresenceReportService}
12-08 15:40:56.487 I/ActivityManager( 3755):   Force stopping service ServiceRecord{e0a6271 u0 com.google.android.gms/.gcm.nts.SchedulerService}
12-08 15:40:56.487 I/ActivityManager( 3755):   Force stopping service ServiceRecord{d73880c u0 com.google.android.gms/.tron.CollectionService}
12-08 15:40:56.487 I/ActivityManager( 3755):   Force stopping service ServiceRecord{8b996f4 u0 com.google.android.gms/.chimera.GmsBoundBrokerService}
12-08 15:40:56.487 I/ActivityManager( 3755):   Force stopping service ServiceRecord{708e13 u0 com.google.android.gms/.chimera.PersistentBoundBrokerService}
12-08 15:40:56.487 I/ActivityManager( 3755):   Force stopping service ServiceRecord{1959344 u0 com.google.android.gms/.chimera.PersistentApiService}
12-08 15:40:56.487 I/ActivityManager( 3755):   Force stopping service ServiceRecord{f5679ce u0 com.google.android.gms/.stats.eastworld.EastworldService}
12-08 15:40:56.487 I/ActivityManager( 3755):   Force stopping service ServiceRecord{973818 u0 com.google.android.gms/.gcm.GcmService}
12-08 15:40:56.487 I/ActivityManager( 3755):   Force stopping service ServiceRecord{329f1e5 u0 com.google.android.gms/.auth.setup.devicesignals.LockScreenService}
12-08 15:40:56.487 I/ActivityManager( 3755):   Force stopping service ServiceRecord{36cec82 u0 com.google.android.gms/.deviceconnection.service.DeviceConnectionWatcherService}
12-08 15:40:56.519 W/BroadcastQueue( 3755): Background execution not allowed: receiving Intent { act=android.intent.action.PACKAGE_REMOVED dat=package:com.google.android.gms flg=0x4000010 (has extras) } to com.android.tv/.receiver.PackageIntentsReceiver
12-08 15:40:56.519 W/BroadcastQueue( 3755): Background execution not allowed: receiving Intent { act=android.intent.action.PACKAGE_REMOVED dat=package:com.google.android.gms flg=0x4000010 (has extras) } to com.android.vending/com.google.android.finsky.packagemanager.impl.PackageMonitorReceiverImpl$RegisteredReceiver
12-08 15:40:56.519 W/BroadcastQueue( 3755): Background execution not allowed: receiving Intent { act=android.intent.action.PACKAGE_REMOVED dat=package:com.google.android.gms flg=0x4000010 (has extras) } to com.android.vending/com.google.android.finsky.instantapps.appmanagement.InstantAppRemoveMonitor
12-08 15:40:56.519 W/BroadcastQueue( 3755): Background execution not allowed: receiving Intent { act=android.intent.action.PACKAGE_REMOVED dat=package:com.google.android.gms flg=0x4000010 (has extras) } to com.google.android.gms/.games.chimera.GamesSystemBroadcastReceiverProxy
12-08 15:40:56.541 W/BroadcastQueue( 3755): Background execution not allowed: receiving Intent { act=android.intent.action.PACKAGE_REMOVED dat=package:com.google.android.gms flg=0x4000010 (has extras) } to com.google.android.gms/.chimera.GmsIntentOperationService$PersistentTrustedReceiver
12-08 15:40:56.541 W/BroadcastQueue( 3755): Background execution not allowed: receiving Intent { act=android.intent.action.PACKAGE_REMOVED dat=package:com.google.android.gms flg=0x4000010 (has extras) } to com.technicolor.leanbacklauncher.partnercustomizer/.PartnerReceiver
12-08 15:40:56.547 D/ConnectivityService( 3755): ConnectivityService NetworkRequestInfo binderDied(NetworkRequest [ TRACK_DEFAULT id=33, [ Capabilities: INTERNET&NOT_RESTRICTED&TRUSTED Uid: 10049] ], android.os.BinderProxy@f853d93)
12-08 15:40:56.547 I/ActivityManager( 3755): Force stopping com.google.android.gms appid=10045 user=0: pkg removed
12-08 15:40:56.547 I/ActivityManager( 3755): Killing 0:com.google.android.gms/u0a45 (adj -10000): stop com.google.android.gms
12-08 15:40:56.549 D/ConnectivityService( 3755): releasing NetworkRequest [ TRACK_DEFAULT id=33, [ Capabilities: INTERNET&NOT_RESTRICTED&TRUSTED Uid: 10049] ] (release request)
12-08 15:40:56.592 E/ActivityManager( 3755): startProcessLocked processName:com.google.android.gms with non-zero startSeq:89
12-08 15:40:56.608 I/DropBoxManagerService( 3755): add tag=system_server_wtf isTagEnabled=true flags=0x2
12-08 15:40:56.616 W/ActivityManager( 3755): Slow operation: 72ms so far, now at startProcess: returned from zygote!
12-08 15:40:56.622 W/Looper  ( 3755): Slow dispatch took 218ms android.ui h=com.android.server.am.ActivityManagerService$UiHandler c=null m=53
12-08 15:40:56.623 E/KernelCpuUidUserSysTimeReader( 3755): Negative user/sys time delta for UID=10062
12-08 15:40:56.623 E/KernelCpuUidUserSysTimeReader( 3755): Prev times: u=1592000 s=437000 Curr times: u=1225000 s=310000
12-08 15:40:56.629 W/Looper  ( 3755): Slow dispatch took 202ms main h=android.app.ActivityThread$H c=android.app.-$$Lambda$LoadedApk$ReceiverDispatcher$Args$_BumDX2UKsnxLVrE6UJsJZkotuA@42e9afc m=0
12-08 15:40:56.629 W/Looper  ( 3755): Slow delivery took 237ms main h=android.os.Handler c=android.app.-$$Lambda$LoadedApk$ReceiverDispatcher$Args$_BumDX2UKsnxLVrE6UJsJZkotuA@5f8f585 m=0
12-08 15:40:56.647 W/Looper  ( 3755): Slow dispatch took 234ms android.fg h=android.os.Handler c=android.app.-$$Lambda$LoadedApk$ReceiverDispatcher$Args$_BumDX2UKsnxLVrE6UJsJZkotuA@eaf7fa6 m=0
12-08 15:40:56.648 W/ActivityManager( 3755): ProcessRecord{a021de7 0:com.google.android.gms/u0a45} start not valid, killing pid=9327, seq=90,expected=89;
12-08 15:40:56.648 W/ActivityManager( 3755): Slow operation: 101ms so far, now at startProcess: asking zygote to start proc
12-08 15:40:56.653 I/RoleManagerService( 3755): Granting default permissions...
12-08 15:40:56.655 D/NsdService( 3755): Client disconnected
12-08 15:40:56.655 D/NsdService( 3755): Terminating client-ID 2 global-ID 3 type 393225
12-08 15:40:56.655 D/NsdService( 3755): mdnssd [stop-register, 3]
12-08 15:40:56.665 D/NsdService( 3755): mdnssd [stop-service]
12-08 15:40:56.667 E/ActivityManager( 3755): Timeout waiting for provider com.google.android.gms/10045 for provider com.google.android.gms.people.gal.provider providerRunning=false caller=android.process.acore/10014
12-08 15:40:56.669 E/ActivityThread( 5378): Failed to find provider info for com.google.android.gms.people.gal.provider
12-08 15:40:56.669 I/DropBoxManagerService( 3755): add tag=system_server_wtf isTagEnabled=true flags=0x2
12-08 15:40:56.685 W/InputManager( 3755): Failed to notify process 8381 that input devices changed, assuming it died.
12-08 15:40:56.685 W/InputManager( 3755): android.os.DeadObjectException
12-08 15:40:56.685 W/InputManager( 3755): 	at android.os.BinderProxy.transactNative(Native Method)
12-08 15:40:56.685 W/InputManager( 3755): 	at android.os.BinderProxy.transact(BinderProxy.java:510)
12-08 15:40:56.685 W/InputManager( 3755): 	at android.hardware.input.IInputDevicesChangedListener$Stub$Proxy.onInputDevicesChanged(IInputDevicesChangedListener.java:126)
12-08 15:40:56.685 W/InputManager( 3755): 	at com.android.server.input.InputManagerService$InputDevicesChangedListenerRecord.notifyInputDevicesChanged(InputManagerService.java:2252)
12-08 15:40:56.685 W/InputManager( 3755): 	at com.android.server.input.InputManagerService.deliverInputDevicesChanged(InputManagerService.java:821)
12-08 15:40:56.685 W/InputManager( 3755): 	at com.android.server.input.InputManagerService.access$500(InputManagerService.java:124)
12-08 15:40:56.685 W/InputManager( 3755): 	at com.android.server.input.InputManagerService$InputManagerHandler.handleMessage(InputManagerService.java:2128)
12-08 15:40:56.685 W/InputManager( 3755): 	at android.os.Handler.dispatchMessage(Handler.java:107)
12-08 15:40:56.685 W/InputManager( 3755): 	at android.os.Looper.loop(Looper.java:214)
12-08 15:40:56.685 W/InputManager( 3755): 	at android.os.HandlerThread.run(HandlerThread.java:67)
12-08 15:40:56.685 W/InputManager( 3755): 	at com.android.server.ServiceThread.run(ServiceThread.java:44)
12-08 15:40:56.687 D/ConnectivityService( 3755): ConnectivityService NetworkRequestInfo binderDied(NetworkRequest [ LISTEN id=36, [ Capabilities: NOT_RESTRICTED Uid: 10045] ], android.os.BinderProxy@ddbb339)
12-08 15:40:56.715 W/ActivityManager( 3755): Slow operation: 169ms so far, now at startProcess: returned from zygote!
