12-08 15:47:12.471 I/vol.Events( 4190): writeEvent level_changed STREAM_SYSTEM 5
12-08 15:47:12.475 I/vol.Events( 4190): writeEvent level_changed STREAM_MUSIC 10
12-08 15:47:12.493 W/HDMI    ( 3755): [1]:Unexpected broadcast message: <Feature Abort> 0F:00:90:04
12-08 15:47:12.526 W/NEXUS   ( 3288): bape_mixer_dsp: Some PCM Playback may be lost as 128 bytes were not consumed even after waiting 
12-08 15:47:12.540 W/NEXUS   ( 3288): nexus_statistics_module: audio[Low] include/linuxkernel/driver/nexus_driver_body.h:148 102 msec 
12-08 15:47:12.540 W/NEXUS   ( 3288): nexus_statistics_api: NEXUS_AudioMixer_Stop[audio:Low] 103 msec 
12-08 15:47:12.540 E/NEXUS   ( 3288): bape_pll: PLL 1 not available on this chip 
12-08 15:47:12.540 E/NEXUS   ( 3288): Error BERR_INVALID_PARAMETER(0x2) at magnum/portinginterface/ape/src/raaga/bape_pll.c:836 
12-08 15:47:12.572 I/chatty  ( 9365): uid=10045(com.google.android.gms) Binder:9365_1 expire 8 lines
12-08 15:47:12.623 I/chatty  ( 9437): uid=10045(com.google.android.gms) expire 2 lines
12-08 15:47:12.632 I/chatty  ( 9437): uid=10045(com.google.android.gms) Binder:9437_9 expire 2 lines
12-08 15:47:12.712 I/HdmiCec ( 4104): getVendorId Broadcom
12-08 15:47:12.712 I/HdmiCec ( 4104): addLogicalAddress PLAYBACK_1
12-08 15:47:12.713 I/HdmiCec ( 4104): getVendorId Broadcom
12-08 15:47:12.908 D/ConnectivityService( 3755): requestNetwork for uid/pid:10045/9437 NetworkRequest [ TRACK_DEFAULT id=40, [ Capabilities: INTERNET&NOT_RESTRICTED&TRUSTED Uid: 10045] ]
12-08 15:47:12.911 I/chatty  ( 3755): uid=1000(system) EthernetService expire 6 lines
12-08 15:47:12.974 E/libnetd_resolv( 3436): tq46
12-08 15:47:12.975 I/res_cache( 3436): _resolv_cache_lookup: lookup
12-08 15:47:12.975 I/res_cache( 3436): _resolv_cache_lookup: FOUND IN CACHE entry=0xe862cdc0
12-08 15:47:12.975 E/ResolverController( 3436): No valid NAT64 prefix (100, <unspecified>/0)
12-08 15:47:13.014 I/assistant( 9384): [INFO:assistant_manager_native.cc(158)] Setting Assistant access tokens.
12-08 15:47:13.016 W/chromium( 9384): [FTL:9384:9662:WARNING:publisher.cc(33)] No subscribers for event
12-08 15:47:13.016 W/chromium( 9384): "assistant.api.events.DeviceStateEvent" from publisher "InitializeInternal"
12-08 15:47:13.073 I/chromium( 5902): [5902:6639:INFO:wifi_frame_histogram_capturer.cc(405)] No histogram or IOCTL data
12-08 15:47:13.078 I/chromium( 5902): [5902:6639:INFO:wifi_util.cc(197)] Current wifi TDLS peers:
12-08 15:47:13.079 I/chromium( 5902): [5902:6639:INFO:wifi_util.cc(199)] 	No peers:
12-08 15:47:13.089 E/OneTouchPlayService( 4978): start oneTouchPlay
12-08 15:47:13.291 I/chromium( 5902): [5902:5902:INFO:metrics_recorder.cc(188)] Record action: Cast.CecHdmiInputState.Active
12-08 15:47:13.291 I/chromium( 5902): [5902:5902:INFO:metrics_recorder.cc(188)] Record action: Cast.CecStandby.On
12-08 15:47:13.293 I/chromium( 5902): [5902:5902:INFO:metrics_stat_logger.cc(55)] Metrics stat for the past 60 secs : total=11
12-08 15:47:13.293 I/chromium( 5902): [metrics_stat_logger] AppRunning=1
12-08 15:47:13.293 I/chromium( 5902): [metrics_stat_logger] Cast.CecHdmiInputState.Active=1
12-08 15:47:13.293 I/chromium( 5902): [metrics_stat_logger] Cast.CecHdmiInputState.UnknownToActive=1
12-08 15:47:13.293 I/chromium( 5902): [metrics_stat_logger] Cast.CecStandby.On=1
12-08 15:47:13.293 I/chromium( 5902): [metrics_stat_logger] Cast.CecStandby.UnknownToOn=1
12-08 15:47:13.293 I/chromium( 5902): [metrics_stat_logger] Cast.ConnectionType.Wifi=1
12-08 15:47:13.293 I/chromium( 5902): [metrics_stat_logger] Cast.Network.CheckIn=1
12-08 15:47:13.293 I/chromium( 5902): [metrics_stat_logger] Cast.Platform.OutputResolution=1
12-08 15:47:13.293 I/chromium( 5902): [metrics_stat_logger] CastV2.Receiver.DeviceStatus.Out=6
12-08 15:47:13.293 I/chromium( 5902): [metrics_stat_logger] CastV2.Receiver.DeviceStatus.Out.Broadcast=3
12-08 15:47:13.293 I/chromium( 5902): [metrics_stat_logger] VolumeUnmuted=1
12-08 15:47:13.345 I/HdmiCec ( 4104): isConnected(HDMI1) 1
12-08 15:47:13.346 W/Looper  ( 3755): Slow dispatch took 258ms main h=android.os.Handler c=com.android.server.hdmi.HdmiControlService$4@1838613 m=0
12-08 15:47:13.484 E/HdmiCec ( 4104): sendMessage NACK
12-08 15:47:13.557 E/HdmiCec ( 4104): sendMessage NACK
12-08 15:47:13.557 W/HdmiCecController( 3755): Failed to send <Give System Audio Mode Status> 45:7D with errorCode=1
12-08 15:47:13.558 W/Looper  ( 3755): Slow delivery took 254ms main h=android.os.Handler c=com.android.server.hdmi.HdmiControlService$BinderService$5@e16706f m=0
12-08 15:47:13.558 W/Looper  ( 3755): Slow dispatch took 212ms main h=android.os.Handler c=com.android.server.hdmi.HdmiControlService$BinderService$5@e16706f m=0
12-08 15:47:13.558 W/Looper  ( 3755): Drained
12-08 15:47:13.879 I/chatty  ( 9437): uid=10045(com.google.android.gms) ChromiumNet expire 1 line
12-08 15:47:13.986 E/OneTouchPlayService( 4978): One touch play success
12-08 15:47:14.004 I/chatty  ( 9437): uid=10045(com.google.android.gms) expire 1 line
12-08 15:47:14.098 I/chromium( 5902): [5902:5902:INFO:metrics_recorder.cc(188)] cast event: Cloud.Transport.Https.StatusChange.Out
12-08 15:47:14.121 E/libnetd_resolv( 3436): LH37
12-08 15:47:14.121 I/res_cache( 3436): _resolv_cache_lookup: lookup
12-08 15:47:14.121 I/res_cache( 3436): _resolv_cache_lookup: FOUND IN CACHE entry=0xe862d180
12-08 15:47:14.244 I/chatty  ( 9165): uid=10052(com.android.vending) expire 53 lines
12-08 15:47:14.278 I/chatty  ( 9165): uid=10052(com.android.vending) expire 2 lines
12-08 15:47:14.286 I/chatty  ( 9165): uid=10052(com.android.vending) expire 3 lines
12-08 15:47:14.322 I/chatty  ( 9165): uid=10052(com.android.vending) ProcessRecovery expire 2 lines
12-08 15:47:14.344 I/chatty  ( 9165): uid=10052(com.android.vending) expire 19 lines
12-08 15:47:14.440 D/Zygote  ( 3439): Forked child process 10004
12-08 15:47:14.444 I/ActivityManager( 3755): Start proc 10004:com.google.android.gms.unstable/u0a45 for service {com.google.android.gms/com.google.android.gms.droidguard.DroidGuardService}
12-08 15:47:14.463 D/ConnectivityService( 3755): Returning UNBLOCKED NetworkInfo to uid=10052
12-08 15:47:14.468 I/chatty  (10004): uid=10045 com.google.android.gms.unstable expire 9 lines
12-08 15:47:14.526 W/HDMI    ( 3755): [1]:Unhandled cec command:<Report Power Status> 04:90:00
12-08 15:47:14.547 I/chatty  ( 9165): uid=10052(com.android.vending) bgExecutor #2 expire 4 lines
12-08 15:47:14.759 I/chatty  ( 9165): uid=10052(com.android.vending) Thread-5 expire 1 line
12-08 15:47:14.779 E/libnetd_resolv( 3436): U40
12-08 15:47:14.780 I/res_cache( 3436): _resolv_cache_lookup: lookup
12-08 15:47:14.780 I/res_cache( 3436): _resolv_cache_lookup: FOUND IN CACHE entry=0xe862d0e0
12-08 15:47:14.780 E/ResolverController( 3436): No valid NAT64 prefix (100, <unspecified>/0)
12-08 15:47:14.945 I/chromium( 5902): [5902:5902:INFO:metrics_recorder.cc(188)] cast event: Cloud.Transport.Https.StatusChange.Out.Success
12-08 15:47:15.007 I/chatty  (10004): uid=10045(com.google.android.gms) lowpool[0] expire 1 line
12-08 15:47:15.013 I/chatty  (10004): uid=10045(com.google.android.gms) lowpool[1] expire 1 line
12-08 15:47:15.271 E/libnetd_resolv( 3436): d;36
12-08 15:47:15.271 I/res_cache( 3436): _resolv_cache_lookup: lookup
12-08 15:47:15.271 I/res_cache( 3436): _resolv_cache_lookup: FOUND IN CACHE entry=0xe86d3300
12-08 15:47:15.272 E/ResolverController( 3436): No valid NAT64 prefix (100, <unspecified>/0)
12-08 15:47:15.721 D/ConnectivityService( 3755): requestNetwork for uid/pid:10045/9365 NetworkRequest [ TRACK_DEFAULT id=42, [ Capabilities: INTERNET&NOT_RESTRICTED&TRUSTED Uid: 10045] ]
12-08 15:47:15.805 E/libnetd_resolv( 3436): 9#36
12-08 15:47:15.805 I/res_cache( 3436): _resolv_cache_lookup: lookup
12-08 15:47:15.805 I/res_cache( 3436): _resolv_cache_lookup: FOUND IN CACHE entry=0xe86d3300
12-08 15:47:15.826 W/bt_btif ( 4155): bta_dm_acl_change info: 0x0
12-08 15:47:15.828 D/bt_btif_dm( 4155): remote version info [74:9e:a5:02:2a:4a]: 0, 0, 0
12-08 15:47:15.845 D/RemotePairing-InnerSrv( 6178): receiving  action android.bluetooth.device.action.ACL_CONNECTED
12-08 15:47:15.851 D/RemotePairing-Util( 6178): Technicolor Remote is jade specific remote control
12-08 15:47:15.851 D/RemotePairing-InnerSrv( 6178): 74:9E:A5:02:2A:4A get acl_connected at 585702 s
12-08 15:47:15.852 D/AtvRemote.BleDeviceManager( 9408): Bluetooth device 74:9E:A5:02:2A:4A has connected
12-08 15:47:15.868 V/AtvRemote.UserSetupCompleteObserver( 9408): User setup is complete
12-08 15:47:15.868 V/AtvRemote.UserSetupCompleteObserver( 9408): TV User setup is complete
12-08 15:47:15.870 I/AtvRemote.UserMicPrivacyObserver( 9408): Microphone privacy is not supported
12-08 15:47:15.878 V/AtvRemote.BleDeviceConnection( 9408): Connecting to 74:9E:A5:02:2A:4A (Technicolor Remote)
12-08 15:47:15.883 D/BluetoothGatt( 9408): connect() - device: 74:9E:A5:02:2A:4A, auto: false
12-08 15:47:15.883 D/BluetoothGatt( 9408): registerApp()
12-08 15:47:15.883 D/BluetoothGatt( 9408): registerApp() - UUID=841c457e-c9bc-46dd-9ed7-e21e1fd70176
12-08 15:47:15.888 W/ActivityManager( 3755): Unable to start service Intent { act=android.bluetooth.device.action.ACL_CONNECTED cmp=com.google.android.gms/.nearby.discovery.service.DiscoveryService (has extras) } U=0: not found
12-08 15:47:15.910 I/bt_stack( 4155): [INFO:gatt_api.cc(947)] GATT_Register 6a41a17c-7eeb-8cda-55bd-c57e422f45d1
12-08 15:47:15.910 I/bt_stack( 4155): [INFO:gatt_api.cc(967)] allocated gatt_if=5
12-08 15:47:15.916 D/BluetoothGatt( 9408): onClientRegistered() - status=0 clientIf=5
12-08 15:47:15.921 D/bt_btif_config( 4155): btif_get_address_type: Device [74:9e:a5:02:2a:4a] address type 0
12-08 15:47:15.921 D/bt_btif_config( 4155): btif_get_device_type: Device [74:9e:a5:02:2a:4a] type 2
12-08 15:47:15.922 I/bt_stack( 4155): [INFO:gatt_api.cc(1105)] GATT_Connectgatt_if=5, address=74:9e:a5:02:2a:4a
12-08 15:47:15.923 D/BluetoothGatt( 9408): onClientConnectionState() - status=0 clientIf=5 device=74:9E:A5:02:2A:4A
12-08 15:47:15.924 D/BluetoothGatt( 9408): discoverServices() - device: 74:9E:A5:02:2A:4A
12-08 15:47:15.925 W/bt_btm  ( 4155): Security Manager: BTM_SetEncryption busy, enqueue request
12-08 15:47:15.931 D/bt_bta_gattc( 4155): bta_gattc_get_gatt_db
12-08 15:47:15.941 D/BluetoothGatt( 9408): onSearchComplete() = Device=74:9E:A5:02:2A:4A Status=0
12-08 15:47:15.942 D/BluetoothGatt( 9408): setCharacteristicNotification() - uuid: ab5e0004-5a21-4f05-bc7d-af01f617b664 enable: true
12-08 15:47:15.947 D/BluetoothGatt( 9408): setCharacteristicNotification() - uuid: ab5e0003-5a21-4f05-bc7d-af01f617b664 enable: true
12-08 15:47:15.955 D/BluetoothGatt( 9408): setCharacteristicNotification() - uuid: 00002a4d-0000-1000-8000-00805f9b34fb enable: true
12-08 15:47:15.959 D/BluetoothGatt( 9408): setCharacteristicNotification() - uuid: 00002a4d-0000-1000-8000-00805f9b34fb enable: true
12-08 15:47:16.041 I/chatty  ( 3283): uid=1000(system) bipc expire 2 lines
12-08 15:47:16.043 I/chatty  ( 4867): uid=1000(system) RenderThread expire 7 lines
12-08 15:47:16.074 I/chatty  ( 3515): uid=1000(system) Binder:3515_3 expire 9 lines
12-08 15:47:16.076 I/hwservicemanager( 3200): getTransport: Cannot find entry android.hardware.graphics.mapper@3.0::IMapper/default in either framework or device manifest.
12-08 15:47:16.080 I/chatty  ( 6479): uid=10052 com.android.vending:background expire 1 line
12-08 15:47:16.101 I/chatty  ( 4867): uid=1000(system) BcmGrallocHal expire 10 lines
12-08 15:47:16.101 I/chatty  ( 6479): uid=10052 com.android.vending:background expire 2 lines
12-08 15:47:16.165 W/bt_stack( 4155): [WARNING:bta_gattc_api.cc(652)] notification already registered
12-08 15:47:16.165 W/bt_stack( 4155): [WARNING:bta_gattc_api.cc(652)] notification already registered
12-08 15:47:16.168 W/bt_btif ( 4155): btif_hh_upstreams_evt: BTA_HH_OPN_EVT: handle=16, status =0
12-08 15:47:16.168 W/bt_btif ( 4155): BTA_HH_OPEN_EVT: Found device...Getting dscp info for handle ... 16
12-08 15:47:16.168 I/bt_btif_dm( 4155): get_cod remote_cod = 0x00001f00
12-08 15:47:16.168 I/bt_btif_dm( 4155): get_cod remote_cod = 0x00001f00
12-08 15:47:16.171 W/bt_btif ( 4155): btif_hh_upstreams_evt: name = Technicolor Remote
12-08 15:47:16.171 W/bt_btif ( 4155): bta_hh_co_send_hid_info: fd = 101, name = [Technicolor Remote], dscp_len = 117
12-08 15:47:16.171 W/bt_btif ( 4155): bta_hh_co_send_hid_info: vendor_id = 0x02af, product_id = 0x0305, version= 0x0011,ctry_code=0x00
12-08 15:47:16.172 D/BluetoothAdapterService( 4155): getAdapterService() - returning com.android.bluetooth.btservice.AdapterService@f27ed96
12-08 15:47:16.172 D/BluetoothAdapterService( 4155): isQuetModeEnabled() - Enabled = false
12-08 15:47:16.173 D/BluetoothAdapterService( 4155): getAdapterService() - returning com.android.bluetooth.btservice.AdapterService@f27ed96
12-08 15:47:16.174 V/BluetoothDatabase( 4155): getProfilePriority: 74:9E:A5:02:2A:4A, profile=4, priority = 100
12-08 15:47:16.174 W/bt_btif ( 4155): bta_hh_co_send_hid_info: wrote descriptor to fd = 101, dscp_len = 117, result = 0
12-08 15:47:16.177 D/BluetoothHidHostService( 4155): Connection state 74:9E:A5:02:2A:4A: 0->2
12-08 15:47:16.183 D/AdapterProperties( 4155): PROFILE_CONNECTION_STATE_CHANGE: profile=4, device=74:9E:A5:02:2A:4A, 0 -> 2
12-08 15:47:16.183 W/bt_stack( 4155): [WARNING:btif_hh.cc(430)]  Device 74:9e:a5:02:2a:4a already added
12-08 15:47:16.183 W/bt_btif ( 4155): btif_hh_upstreams_evt: Device already added 
12-08 15:47:16.184 W/AdapterProperties( 4155): PROFILE_CONNECTION_STATE_CHANGE: unexpected transition for profile=4, device=74:9E:A5:02:2A:4A, 0 -> 2
12-08 15:47:16.184 D/AdapterProperties( 4155): ADAPTER_CONNECTION_STATE_CHANGE: 74:9E:A5:02:2A:4A: 0 -> 2
12-08 15:47:16.184 W/AdapterProperties( 4155): ADAPTER_CONNECTION_STATE_CHANGE: unexpected transition for profile=4, device=74:9E:A5:02:2A:4A, 0 -> 2
12-08 15:47:16.192 W/BroadcastQueue( 3755): Background execution not allowed: receiving Intent { act=android.bluetooth.adapter.action.CONNECTION_STATE_CHANGED flg=0x4000010 (has extras) } to com.google.android.gms/.chimera.GmsIntentOperationService$PersistentTrustedReceiver
12-08 15:47:16.196 I/bcm-gr  ( 3458):   reg (ST:0xe986c150): cm:T::s-blk:0x4a3c::s-addr:2f8390000::p-blk:0x4a44::p-addr:2f8391000::526x98::sz:206192::use:0x900:0x1:0x2::act:3458
12-08 15:47:16.204 I/chatty  ( 4867): uid=1000(system) olSvc.Bluetooth expire 55 lines
12-08 15:47:16.209 D/TCH-BT-BluetoothInfoService( 4890): onReceive(): action: android.bluetooth.input.profile.action.CONNECTION_STATE_CHANGED, dev: Technicolor Remote, conn: true
12-08 15:47:16.209 D/TCH-BT-BluetoothInfoService( 4890): BTInpputDevice connection state changed to 2
12-08 15:47:16.220 I/bt_stack( 4155): [INFO:gatt_api.cc(947)] GATT_Register dad977ad-1459-d806-244e-10972154f84b
12-08 15:47:16.220 I/bt_stack( 4155): [INFO:gatt_api.cc(967)] allocated gatt_if=6
12-08 15:47:16.221 I/chatty  ( 4867): uid=1000(system) Binder:4867_3 expire 3 lines
12-08 15:47:16.222 D/bt_btif_config( 4155): btif_get_address_type: Device [74:9e:a5:02:2a:4a] address type 0
12-08 15:47:16.222 D/bt_btif_config( 4155): btif_get_device_type: Device [74:9e:a5:02:2a:4a] type 2
12-08 15:47:16.222 I/bt_stack( 4155): [INFO:gatt_api.cc(1105)] GATT_Connectgatt_if=6, address=74:9e:a5:02:2a:4a
12-08 15:47:16.228 I/chatty  ( 4867): uid=1000(system) vc.GattCallback expire 3 lines
12-08 15:47:16.238 I/chatty  ( 6479): uid=10052(com.android.vending) HeapTaskDaemon expire 1 line
12-08 15:47:16.243 D/bt_bta_gattc( 4155): bta_gattc_get_gatt_db
12-08 15:47:16.250 I/chatty  ( 3755): uid=1000(system) InputReader expire 3 lines
12-08 15:47:16.252 I/TCH-BT-BluetoothInfoService( 4890): populateBluetoothInfoUtil(): Paired dev name: A2, addr: FC:58:FA:0C:F2:CF, devClass: 1024, btGatt: null, batteryLevel : -1
12-08 15:47:16.263 I/chatty  ( 3755): uid=1000(system) InputDispatcher expire 1 line
12-08 15:47:16.264 D/BluetoothGatt( 4890): connect() - device: 74:9E:A5:02:2A:4A, auto: false
12-08 15:47:16.265 D/BluetoothGatt( 4890): registerApp()
12-08 15:47:16.265 D/BluetoothGatt( 4890): registerApp() - UUID=258e4112-df3a-42c7-bf23-a2387234d1c2
12-08 15:47:16.278 I/bt_stack( 4155): [INFO:gatt_api.cc(947)] GATT_Register 1bcc6a5e-738b-4255-e36b-aaaa17a7b6fc
12-08 15:47:16.278 I/bt_stack( 4155): [INFO:gatt_api.cc(967)] allocated gatt_if=7
12-08 15:47:16.280 I/TCH-BT-BluetoothInfoService( 4890): populateBluetoothInfoUtil(): Paired dev name: Technicolor Remote, addr: 74:9E:A5:02:2A:4A, devClass: 7936, btGatt: android.bluetooth.BluetoothGatt@53ec2ba, batteryLevel : -1
12-08 15:47:16.280 D/BluetoothGatt( 4890): onClientRegistered() - status=0 clientIf=7
12-08 15:47:16.282 D/bt_btif_config( 4155): btif_get_address_type: Device [74:9e:a5:02:2a:4a] address type 0
12-08 15:47:16.283 D/bt_btif_config( 4155): btif_get_device_type: Device [74:9e:a5:02:2a:4a] type 2
12-08 15:47:16.283 I/bt_stack( 4155): [INFO:gatt_api.cc(1105)] GATT_Connectgatt_if=7, address=74:9e:a5:02:2a:4a
12-08 15:47:16.284 D/BluetoothGatt( 4890): onClientConnectionState() - status=0 clientIf=7 device=74:9E:A5:02:2A:4A
12-08 15:47:16.284 D/BluetoothGatt( 4890): discoverServices() - device: 74:9E:A5:02:2A:4A
12-08 15:47:16.293 D/bt_bta_gattc( 4155): bta_gattc_get_gatt_db
12-08 15:47:16.301 D/BluetoothGatt( 4890): onSearchComplete() = Device=74:9E:A5:02:2A:4A Status=0
12-08 15:47:16.316 I/TCH-BT-BluetoothInfoService( 4890): populateBluetoothInfoUtil(): Paired dev name: Technicolor Remote, addr: 74:9E:A5:02:2B:63, devClass: 7936, btGatt: null, batteryLevel : -1
12-08 15:47:16.348 I/chatty  ( 6479): uid=10052(com.android.vending) DownloadService expire 1 line
12-08 15:47:16.358 I/chatty  ( 6479): uid=10052(com.android.vending) DownloadService expire 4 lines
12-08 15:47:16.363 I/chatty  ( 3755): uid=1000(system) HeapTaskDaemon expire 1 line
12-08 15:47:16.383 E/Clearcut-EventLogger( 8477): Unexpected log parameter notification_indicator_total
12-08 15:47:16.399 E/libnetd_resolv( 3436): 37
12-08 15:47:16.399 I/res_cache( 3436): _resolv_cache_lookup: lookup
12-08 15:47:16.399 I/res_cache( 3436): _resolv_cache_lookup: FOUND IN CACHE entry=0xe862cf00
12-08 15:47:16.412 I/chatty  ( 9165): uid=10052(com.android.vending) bgExecutor #3 expire 3 lines
12-08 15:47:16.437 I/chatty  ( 9165): uid=10052(com.android.vending) expire 1 line
12-08 15:47:16.530 I/chatty  ( 3283): uid=1000(system) nxserver.proac expire 3 lines
12-08 15:47:16.539 I/chatty  ( 3283): uid=1000(system) bipc expire 2 lines
12-08 15:47:16.540 I/chatty  (10004): uid=10045(com.google.android.gms) Binder:10004_1 expire 5 lines
12-08 15:47:16.576 E/Clearcut-EventLogger( 8477): Unexpected log parameter tray_notification_count
12-08 15:47:16.800 I/TCH-BT-BluetoothInfoService( 4890): Battery level: 93 dAddr 74:9E:A5:02:2A:4A
12-08 15:47:16.801 E/TCH-BT-BluetoothInfoService( 4890): Humsa: battery level 93
12-08 15:47:16.801 D/BluetoothGatt( 4890): close()
12-08 15:47:16.801 D/BluetoothGatt( 4890): unregisterApp() - mClientIf=7
12-08 15:47:16.803 I/bt_stack( 4155): [INFO:gatt_api.cc(1219)] GATT_Disconnect conn_id=0x0007
12-08 15:47:16.803 E/BtGatt.ContextMap( 4155): Context not found for ID 7
12-08 15:47:16.896 D/AtvRemote.BleDeviceConnection( 9408): Successfully connected to 74:9E:A5:02:2A:4A
12-08 15:47:16.896 I/AtvRemote.ABridgeX( 9408): Total number of connected audio devices is 1
12-08 15:47:16.897 V/Spec04  ( 9408): Requesting remote capabilities (spec 0.4e)
12-08 15:47:16.903 V/AtvRemote.BleDeviceConnection( 9408): Sending command 0x0A to 74:9E:A5:02:2A:4A
12-08 15:47:17.053 E/libnetd_resolv( 3436): j43
12-08 15:47:17.053 I/res_cache( 3436): _resolv_cache_lookup: lookup
12-08 15:47:17.053 I/res_cache( 3436): _resolv_cache_lookup: NOT IN CACHE
12-08 15:47:17.053 I/res_cache( 3436): _resolv_populate_res_for_net: netid=100
12-08 15:47:17.053 I/res_stats( 3436): res_stats_usable_server: NS stats: S 54 + E 0 + T 2 + I 0 = 56, rtt = 221, min_samples = 8
12-08 15:47:17.053 I/res_stats( 3436): res_stats_usable_server: success rate 96
12-08 15:47:17.053 I/res_send( 3436): res_nsend: using send_dg
12-08 15:47:17.054 I/res_send( 3436): get_timeout: using timeout of 5000 msec
12-08 15:47:17.054 I/res_send( 3436): retrying_poll: 56 retrying_poll
12-08 15:47:17.139 V/AtvRemote.BleDeviceConnection( 9408): GATT command is sent in 242ms
12-08 15:47:17.240 V/SettingsProvider( 3755): Notifying for 0: content://settings/global/rcu_battery_74:9E:A5:02:2A:4A
12-08 15:47:17.259 I/res_send( 3436): retrying_poll: 56 retrying_poll returning 1
12-08 15:47:17.259 I/res_stats( 3436): _res_stats_set_sample: rcode = 0, sec = 205
12-08 15:47:17.259 I/res_cache( 3436): _res_cache_add_stats_sample_locked: adding sample to stats, next = 56, count = 56
12-08 15:47:17.259 I/res_send( 3436): res_nsend: used send_dg 88
12-08 15:47:17.259 E/libnetd_resolv( 3436): j88
12-08 15:47:17.259 I/res_cache( 3436): _resolv_cache_add: query:
12-08 15:47:17.260 E/libnetd_resolv( 3436): j88
12-08 15:47:17.260 I/res_cache( 3436): answer_getTTL: TTL = 358
12-08 15:47:17.260 I/res_cache( 3436): _cache_add_p: entry 46 added (count=45)
12-08 15:47:17.260 I/res_cache( 3436): cache_dump_mru: MRU LIST (45):  46 10 23 12 19 7 9 3 6 45 44 43 42 41 40 39 38 4 37 36 2 17 16 35 34 8 33 32 31 30 29 20 11 28 27 26 25 22 5 24 18 15 14 13 1
12-08 15:47:17.336 I/chatty  ( 4867): uid=1000(system) olSvc.Bluetooth expire 2 lines
12-08 15:47:17.337 D/BluetoothGatt( 4867): setCharacteristicNotification() - uuid: 00002a4d-0000-1000-8000-00805f9b34fb enable: true
12-08 15:47:17.338 D/RemoteControlSvc( 4867): Config character GattHidReport notification on : true
12-08 15:47:17.338 W/RemoteControlSvc( 4867): No IR config service discovered
12-08 15:47:17.338 W/RemoteControlSvc( 4867): No RCU test automation service discovered
12-08 15:47:17.338 D/RemoteControlSvc( 4867): No RCU backlight service discovered
12-08 15:47:17.342 I/bcm-gr  ( 4867): unreg (ST:0xef525ce0): cm:U::s-blk:0x49c0::s-addr:2f8390000::p-blk:0x49c8::p-addr:2f8391000::526x98::sz:206192::use:0x900:0x1:0x2::act:4867
12-08 15:47:17.361 W/WindowManager( 3755): removeWindowToken: Attempted to remove non-existing token: android.os.Binder@19970ff
12-08 15:47:17.362 I/NotificationService( 3755): cancelToast pkg=com.technicolor.android.remotecontrolservice callback=android.app.ITransientNotification$Stub$Proxy@8b4578c
12-08 15:47:17.362 W/WindowManager( 3755): removeWindowToken: Attempted to remove non-existing token: android.os.Binder@19970ff
12-08 15:47:17.365 D/FFV: AwzdController( 4966): msg={ when=-2ms what=1 arg1=1 obj=com.technicolor.awzdcontroller.AwzdController$1@59a4b58 target=com.technicolor.awzdcontroller.AwzdController$MainHandler }
12-08 15:47:17.365 W/FFV: AwzdController( 4966): flipflopSpeaker but Awzd not detected
12-08 15:47:17.391 I/bcm-gr  ( 4867):   reg (ST:0xef528e50): cm:U::s-blk:0x4d4c::s-addr:2f83c4000::p-blk:0x4d54::p-addr:2f83c5000::484x98::sz:189728::use:0x900:0x1:0x2::act:4867
12-08 15:47:17.455 I/bcm-gr  ( 3458):   reg (ST:0xe986c1c0): cm:T::s-blk:0x4dec::s-addr:2f83c4000::p-blk:0x4df4::p-addr:2f83c5000::484x98::sz:189728::use:0x900:0x1:0x2::act:3458
12-08 15:47:17.676 I/Spec    ( 9408): Capability response: v0.4, codec: 1/1, frame size: 20/134
12-08 15:47:17.726 D/RemoteControlSvc( 4867): HID report notification val FF06, properties 12
12-08 15:47:17.730 E/Resources( 8477): force change config_useFixedVolume to 0
12-08 15:47:17.759 W/AudioFlinger( 3511): createTrack_l(): mismatch between requested flags (00000004) and output flags (00000002)
12-08 15:47:17.773 I/GoogleInputMethodService( 8774): GoogleInputMethodService.onFinishInput():3466 
12-08 15:47:17.775 I/GoogleInputMethodService( 8774): GoogleInputMethodService.onStartInput():2045 
12-08 15:47:17.777 I/DeviceUnlockedTag( 8774): DeviceUnlockedTag.notifyDeviceLockStatusChanged():38 Notify device unlocked.
12-08 15:47:17.795 D/AF::TrackHandle( 3511): OpPlayAudio: track:64 usage:13 not muted
12-08 15:47:17.801 E/libnetd_resolv( 3436): .:57
12-08 15:47:17.801 I/res_cache( 3436): _resolv_cache_lookup: lookup
12-08 15:47:17.801 I/res_cache( 3436): _resolv_cache_lookup: NOT IN CACHE
12-08 15:47:17.801 I/res_cache( 3436): _resolv_populate_res_for_net: netid=100
12-08 15:47:17.801 I/res_stats( 3436): res_stats_usable_server: NS stats: S 55 + E 0 + T 2 + I 0 = 57, rtt = 221, min_samples = 8
12-08 15:47:17.801 I/res_stats( 3436): res_stats_usable_server: success rate 96
12-08 15:47:17.801 I/res_send( 3436): res_nsend: using send_dg
12-08 15:47:17.802 I/res_send( 3436): get_timeout: using timeout of 5000 msec
12-08 15:47:17.802 I/res_send( 3436): retrying_poll: 56 retrying_poll
12-08 15:47:17.872 D/RemoteControlSvc( 4867): HID report notification val 0000, properties 12
12-08 15:47:17.877 I/bcm-gr  ( 3458): unreg (ST:0xe986c150): cm:T::s-blk:0x4a3c::s-addr:2f8390000::p-blk:0x4a44::p-addr:2f8391000::526x98::sz:206192::use:0x900:0x1:0x2::act:3458
12-08 15:47:17.901 I/chatty  ( 6479): uid=10052 com.android.vending:background expire 1 line
12-08 15:47:17.920 I/chatty  ( 9165): uid=10052(com.android.vending) expire 3 lines
12-08 15:47:17.995 I/res_send( 3436): retrying_poll: 56 retrying_poll returning 1
12-08 15:47:17.995 I/res_stats( 3436): _res_stats_set_sample: rcode = 0, sec = 193
12-08 15:47:17.995 I/res_cache( 3436): _res_cache_add_stats_sample_locked: adding sample to stats, next = 57, count = 57
12-08 15:47:17.995 I/res_send( 3436): res_nsend: used send_dg 73
12-08 15:47:17.995 E/libnetd_resolv( 3436): .:73
12-08 15:47:17.995 I/res_cache( 3436): _resolv_cache_add: query:
12-08 15:47:18.005 I/chatty  ( 9165): uid=10052(com.android.vending) expire 1 line
12-08 15:47:18.018 E/libnetd_resolv( 3436): .:73
12-08 15:47:18.018 I/res_cache( 3436): answer_getTTL: TTL = 1469
12-08 15:47:18.018 I/res_cache( 3436): _cache_add_p: entry 47 added (count=46)
12-08 15:47:18.018 I/res_cache( 3436): cache_dump_mru: MRU LIST (46):  47 46 10 23 12 19 7 9 3 6 45 44 43 42 41 40 39 38 4 37 36 2 17 16 35 34 8 33 32 31 30 29 20 11 28 27 26 25 22 5 24 18 15 14 13 1
12-08 15:47:18.019 E/ResolverController( 3436): No valid NAT64 prefix (100, <unspecified>/0)
12-08 15:47:18.054 D/AudioFlinger( 3511): mixer(0xf1800c40) throttle end: throttle time(30)
12-08 15:47:18.492 I/chatty  ( 9437): uid=10045(com.google.android.gms) lowpool[3] expire 8 lines
12-08 15:47:18.514 D/AudioFlinger( 3511): mixer(0xf1800c40) throttle end: throttle time(9)
12-08 15:47:18.701 D/RemoteControlSvc( 4867): HID report notification val FF03, properties 12
12-08 15:47:18.736 W/AudioFlinger( 3511): createTrack_l(): mismatch between requested flags (00000004) and output flags (00000002)
12-08 15:47:18.754 D/AF::TrackHandle( 3511): OpPlayAudio: track:65 usage:13 not muted
12-08 15:47:18.783 D/NetworkSecurityConfig( 8477): No Network Security Config specified, using platform default
12-08 15:47:18.791 E/libnetd_resolv( 3436): K29
12-08 15:47:18.791 I/res_cache( 3436): _resolv_cache_lookup: lookup
12-08 15:47:18.791 I/res_cache( 3436): _resolv_cache_lookup: NOT IN CACHE
12-08 15:47:18.791 I/res_cache( 3436): _resolv_populate_res_for_net: netid=100
12-08 15:47:18.791 I/res_stats( 3436): res_stats_usable_server: NS stats: S 56 + E 0 + T 2 + I 0 = 58, rtt = 220, min_samples = 8
12-08 15:47:18.791 I/res_stats( 3436): res_stats_usable_server: success rate 96
12-08 15:47:18.791 I/res_send( 3436): res_nsend: using send_dg
12-08 15:47:18.791 I/res_send( 3436): get_timeout: using timeout of 5000 msec
12-08 15:47:18.791 I/res_send( 3436): retrying_poll: 56 retrying_poll
12-08 15:47:18.807 I/GoogleInputMethodService( 8774): GoogleInputMethodService.onFinishInput():3466 
12-08 15:47:18.808 I/GoogleInputMethodService( 8774): GoogleInputMethodService.onStartInput():2045 
12-08 15:47:18.809 I/DeviceUnlockedTag( 8774): DeviceUnlockedTag.notifyDeviceLockStatusChanged():38 Notify device unlocked.
12-08 15:47:18.846 D/RemoteControlSvc( 4867): HID report notification val 0000, properties 12
12-08 15:47:18.854 D/AudioFlinger( 3511): mixer(0xf1800c40) throttle end: throttle time(10)
12-08 15:47:19.011 I/res_send( 3436): retrying_poll: 56 retrying_poll returning 1
12-08 15:47:19.011 I/res_stats( 3436): _res_stats_set_sample: rcode = 0, sec = 220
12-08 15:47:19.011 I/res_cache( 3436): _res_cache_add_stats_sample_locked: adding sample to stats, next = 58, count = 58
12-08 15:47:19.012 I/res_send( 3436): res_nsend: used send_dg 285
12-08 15:47:19.012 E/libnetd_resolv( 3436): K285
12-08 15:47:19.012 I/res_cache( 3436): _resolv_cache_add: query:
12-08 15:47:19.012 E/libnetd_resolv( 3436): K285
12-08 15:47:19.012 I/res_cache( 3436): answer_getTTL: TTL = 3514
12-08 15:47:19.012 I/res_cache( 3436): _cache_add_p: entry 48 added (count=47)
12-08 15:47:19.012 I/res_cache( 3436): cache_dump_mru: MRU LIST (47):  48 47 46 10 23 12 19 7 9 3 6 45 44 43 42 41 40 39 38 4 37 36 2 17 16 35 34 8 33 32 31 30 29 20 11 28 27 26 25 22 5 24 18 15 14 13 1
12-08 15:47:19.013 E/ResolverController( 3436): No valid NAT64 prefix (100, <unspecified>/0)
12-08 15:47:19.194 D/AudioFlinger( 3511): mixer(0xf1800c40) throttle end: throttle time(10)
12-08 15:47:19.213 W/hddtemperature@( 3493): type=1400 audit(0.0:600): avc: denied { search } for name="usb1" dev="sysfs" ino=22143 scontext=u:r:hal_hddtemp:s0 tcontext=u:object_r:sysfs_cwmpd:s0 tclass=dir permissive=0
12-08 15:47:19.214 D/HddTemperatureMonitor1( 4839): ThermalHandler-handleMessage hddTemp = 0
12-08 15:47:19.214 E/HDDTemperatureApi( 3493): cannot open file /sys/class/hwmon/hwmon1/temp1_input err=Permission denied
12-08 15:47:19.215 D/HddTemperatureMonitor1( 4839): new temp = 0, maxTemp=70000
12-08 15:47:19.291 D/RemoteControlSvc( 4867): HID report notification val FF06, properties 12
12-08 15:47:19.316 I/GoogleInputMethodService( 8774): GoogleInputMethodService.onFinishInput():3466 
12-08 15:47:19.316 I/GoogleInputMethodService( 8774): GoogleInputMethodService.onStartInput():2045 
12-08 15:47:19.323 I/DeviceUnlockedTag( 8774): DeviceUnlockedTag.notifyDeviceLockStatusChanged():38 Notify device unlocked.
12-08 15:47:19.344 I/chatty  ( 9365): uid=10045(com.google.android.gms) lowpool[1] expire 1 line
12-08 15:47:19.380 I/bcm-gr  ( 4867): unreg (ST:0xef528e50): cm:U::s-blk:0x4d4c::s-addr:2f83c4000::p-blk:0x4d54::p-addr:2f83c5000::484x98::sz:189728::use:0x900:0x1:0x2::act:4867
12-08 15:47:19.383 D/RemoteControlSvc( 4867): HID report notification val 0000, properties 12
12-08 15:47:19.401 W/NotificationService( 3755): Toast already killed. pkg=com.technicolor.android.remotecontrolservice callback=android.app.ITransientNotification$Stub$Proxy@d0a8bec
12-08 15:47:19.482 W/WindowManager( 3755): Unable to start animation, surface is null or no children.
12-08 15:47:19.531 I/nxserver( 3283):  roid.tvlauncher processs, pid 8477 is persistent persistent
12-08 15:47:19.531 I/nxserver( 3283):  score_adj for pid 8477, corrected from 0 to -15 
12-08 15:47:19.531 D/nxserver( 3283): free BHPA = 988 , or V2 234, nbcalls 194
12-08 15:47:19.557 D/AudioFlinger( 3511): mixer(0xf1800c40) throttle end: throttle time(17)
12-08 15:47:19.607 I/chatty  ( 6479): uid=10052 com.android.vending:background expire 1 line
12-08 15:47:19.617 I/chatty  ( 9365): uid=10045 com.google.android.gms.persistent expire 7 lines
12-08 15:47:19.626 D/RemoteControlSvc( 4867): HID report notification val FF06, properties 12
12-08 15:47:19.661 W/AudioFlinger( 3511): createTrack_l(): mismatch between requested flags (00000004) and output flags (00000002)
12-08 15:47:19.670 I/chatty  ( 9365): uid=10045(com.google.android.gms) Binder:9365_4 expire 1 line
12-08 15:47:19.677 I/GoogleInputMethodService( 8774): GoogleInputMethodService.onFinishInput():3466 
12-08 15:47:19.678 I/GoogleInputMethodService( 8774): GoogleInputMethodService.onStartInput():2045 
12-08 15:47:19.679 I/DeviceUnlockedTag( 8774): DeviceUnlockedTag.notifyDeviceLockStatusChanged():38 Notify device unlocked.
12-08 15:47:19.693 D/AF::TrackHandle( 3511): OpPlayAudio: track:66 usage:13 not muted
12-08 15:47:19.695 I/chatty  ( 6479): uid=10052 com.android.vending:background expire 1 line
12-08 15:47:19.704 I/chatty  ( 9165): uid=10052(com.android.vending) expire 3 lines
12-08 15:47:19.736 D/AudioFlinger( 3511): mixer(0xf1800c40) throttle end: throttle time(9)
12-08 15:47:19.748 I/chatty  ( 9165): uid=10052(com.android.vending) bgExecutor #1 expire 1 line
12-08 15:47:19.759 I/chatty  ( 9165): uid=10052(com.android.vending) expire 1 line
12-08 15:47:19.874 D/AudioFlinger( 3511): mixer(0xf1800c40) throttle end: throttle time(10)
12-08 15:47:19.896 I/bcm-gr  ( 3458): unreg (ST:0xe986c1c0): cm:T::s-blk:0x4dec::s-addr:2f83c4000::p-blk:0x4df4::p-addr:2f83c5000::484x98::sz:189728::use:0x900:0x1:0x2::act:3458
12-08 15:47:19.968 D/RemoteControlSvc( 4867): HID report notification val 0000, properties 12
12-08 15:47:20.186 W/ProcessStats( 3755): Tracking association SourceState{4dc4538 com.google.android.gms.persistent/10045 Top #5076} whose proc state 1 is better than process ProcessState{30b911 com.google.android.gms.unstable/10045 pkg=com.google.android.gms (sub)} proc state 2 (110 skipped)
12-08 15:47:20.211 D/RemoteControlSvc( 4867): HID report notification val FF05, properties 12
12-08 15:47:20.234 D/AudioFlinger( 3511): mixer(0xf1800c40) throttle end: throttle time(19)
12-08 15:47:20.315 D/RemoteControlSvc( 4867): HID report notification val 0000, properties 12
12-08 15:47:20.320 I/ActivityTaskManager( 3755): START u0 {act=com.android.tv.action.OPEN_NOTIFICATIONS_PANEL pkg=com.google.android.tvrecommendations cmp=com.google.android.tvrecommendations/.NotificationsSidePanelActivity} from uid 10046
12-08 15:47:20.339 W/AudioFlinger( 3511): createTrack_l(): mismatch between requested flags (00000004) and output flags (00000002)
12-08 15:47:20.367 W/ActivityThread( 8517): handleWindowVisibility: no activity for token android.os.BinderProxy@b37830a
12-08 15:47:20.376 I/lowmemorykiller( 3514):  com.google.android.tvlauncher processs, pid 8477 is persistent
12-08 15:47:20.376 I/lowmemorykiller( 3514):  score_adj for id 8477, corrected from 100 to -800 
12-08 15:47:20.388 I/lowmemorykiller( 3514):  com.android.providers.tv processs, pid 5273 is persistent
12-08 15:47:20.388 I/lowmemorykiller( 3514):  score_adj for id 5273, corrected from 100 to -800 
12-08 15:47:20.439 I/chatty  ( 3755): uid=1000(system) Binder:3755_14 expire 1 line
12-08 15:47:20.448 D/AF::TrackHandle( 3511): OpPlayAudio: track:67 usage:13 not muted
12-08 15:47:20.463 E/WindowManager( 3755): App trying to use insecure INPUT_FEATURE_NO_INPUT_CHANNEL flag. Ignoring
12-08 15:47:20.501 D/AudioFlinger( 3511): mixer(0xf1800c40) throttle end: throttle time(24)
12-08 15:47:20.512 I/NEXUS   ( 3283): nxserverlib: 
12-08 15:47:20.512 I/NEXUS   ( 3283): AWnG(0xee264400) registering as '69,0x3ed1f770x38d82849,AWnG' verified
12-08 15:47:20.518 I/NEXUS   ( 8517): nexus_platform_os: 
12-08 15:47:20.518 I/NEXUS   ( 8517): automatically downgraded to eUntrusted
12-08 15:47:20.551 E/VC5     ( 8517): process name to enable log vendor.v3d.log_level.com.google.android.tvrecommendations
12-08 15:47:20.578 I/GoogleInputMethodService( 8774): GoogleInputMethodService.onFinishInput():3466 
12-08 15:47:20.580 I/GoogleInputMethodService( 8774): GoogleInputMethodService.onStartInput():2045 
12-08 15:47:20.581 I/DeviceUnlockedTag( 8774): DeviceUnlockedTag.notifyDeviceLockStatusChanged():38 Notify device unlocked.
12-08 15:47:20.584 I/hwservicemanager( 3200): getTransport: Cannot find entry android.hardware.graphics.mapper@3.0::IMapper/default in either framework or device manifest.
12-08 15:47:20.584 W/Gralloc3( 8517): mapper 3.x is not supported
12-08 15:47:20.601 I/nxwrap  ( 8517): join(stbdy): client already registered, ignoring.
12-08 15:47:20.602 I/bcm-gr  ( 8517):   reg (ST:0xef528520): cm:U::s-blk:0x5b8c::s-addr:2f8390000::p-blk:0x5b94::p-addr:2f8391000::1920x1080::sz:8294400::use:0x900:0x1:0x2::act:8517
12-08 15:47:20.606 E/VC5     ( 8517): process name to enable log vendor.v3d.log_level.com.google.android.tvrecommendations
12-08 15:47:20.608 W/libprocessgroup( 8517): Attribute LowCapacityCPUs is already defined
12-08 15:47:20.608 W/libprocessgroup( 8517): Attribute HighCapacityCPUs is already defined
12-08 15:47:20.608 W/libprocessgroup( 8517): Attribute MaxCapacityCPUs is already defined
12-08 15:47:20.608 W/libprocessgroup( 8517): Attribute MemLimit is already defined
12-08 15:47:20.608 W/libprocessgroup( 8517): Attribute MemSoftLimit is already defined
12-08 15:47:20.608 W/libprocessgroup( 8517): Attribute MemSwappiness is already defined
12-08 15:47:20.608 W/libprocessgroup( 8517): Attribute STuneBoost is already defined
12-08 15:47:20.608 W/libprocessgroup( 8517): Attribute STunePreferIdle is already defined
12-08 15:47:20.608 W/libprocessgroup( 8517): Attribute UClampMin is already defined
12-08 15:47:20.608 W/libprocessgroup( 8517): Attribute UClampMax is already defined
12-08 15:47:20.658 W/NEXUS   ( 3288): nexus_memory: DTU MEMC:0 allocated 8388608 bytes in 36msec 
12-08 15:47:20.659 I/chatty  ( 3457): uid=1000(system) HwBinder:3457_2 expire 4 lines
12-08 15:47:20.660 I/chatty  ( 3515): uid=1000(system) Binder:3515_2 expire 1 line
12-08 15:47:20.721 W/NotifsPanelAdapter( 8517): onFocusChanged: still computing layout => scheduling
12-08 15:47:20.729 I/bcm-gr  ( 8517):   reg (ST:0xef5289f0): cm:U::s-blk:0x5c08::s-addr:2fab22000::p-blk:0x5c10::p-addr:2fab23000::1920x1080::sz:8294400::use:0x900:0x1:0x2::act:8517
12-08 15:47:20.736 I/bcm-gr  ( 3458):   reg (ST:0xe986c150): cm:T::s-blk:0x5c28::s-addr:2f8390000::p-blk:0x5c30::p-addr:2f8391000::1920x1080::sz:8294400::use:0x900:0x1:0x2::act:3458
12-08 15:47:20.739 I/chatty  ( 3755): uid=1000(system) android.bg expire 2 lines
12-08 15:47:20.743 I/bcm-gr  ( 8517):   reg (ST:0xef528a60): cm:U::s-blk:0x5c4c::s-addr:2fa338000::p-blk:0x5c54::p-addr:2fa339000::1920x1080::sz:8294400::use:0x900:0x1:0x2::act:8517
12-08 15:47:20.763 I/bcm-gr  ( 3458):   reg (ST:0xe986c1c0): cm:T::s-blk:0x5c70::s-addr:2fab22000::p-blk:0x5c78::p-addr:2fab23000::1920x1080::sz:8294400::use:0x900:0x1:0x2::act:3458
12-08 15:47:20.781 D/AudioFlinger( 3511): mixer(0xf1800c40) throttle end: throttle time(9)
12-08 15:47:20.782 I/bcm-gr  ( 3458):   reg (ST:0xe986c230): cm:T::s-blk:0x5ca0::s-addr:2fa338000::p-blk:0x5ca8::p-addr:2fa339000::1920x1080::sz:8294400::use:0x900:0x1:0x2::act:3458
12-08 15:47:20.807 I/bt_stack( 4155): [INFO:hearing_aid.cc(1770)] GetDeviceCount: Not initialized yet
12-08 15:47:20.808 I/GoogleInputMethodService( 8774): GoogleInputMethodService.onFinishInput():3466 
12-08 15:47:20.809 I/GoogleInputMethodService( 8774): GoogleInputMethodService.onStartInput():2045 
12-08 15:47:20.811 I/DeviceUnlockedTag( 8774): DeviceUnlockedTag.notifyDeviceLockStatusChanged():38 Notify device unlocked.
12-08 15:47:20.870 W/WindowManager( 3755): Unable to start animation, surface is null or no children.
12-08 15:47:20.939 E/libnetd_resolv( 3436): W34
12-08 15:47:20.939 I/res_cache( 3436): _resolv_cache_lookup: lookup
12-08 15:47:20.939 I/res_cache( 3436): _resolv_cache_lookup: FOUND IN CACHE entry=0xe862c0a0
12-08 15:47:20.940 E/ResolverController( 3436): No valid NAT64 prefix (100, <unspecified>/0)
12-08 15:47:20.948 I/chatty  ( 9365): uid=10045(com.google.android.gms) GCMWriter expire 1 line
12-08 15:47:20.999 D/RemoteControlSvc( 4867): HID report notification val FF08, properties 12
12-08 15:47:21.004 E/Resources( 8517): force change config_useFixedVolume to 0
12-08 15:47:21.025 E/libnetd_resolv( 3436): (44
12-08 15:47:21.025 I/res_cache( 3436): _resolv_cache_lookup: lookup
12-08 15:47:21.025 I/res_cache( 3436): _resolv_cache_lookup: FOUND IN CACHE entry=0xe86d3180
12-08 15:47:21.036 E/ResolverController( 3436): No valid NAT64 prefix (100, <unspecified>/0)
12-08 15:47:21.090 D/RemoteControlSvc( 4867): HID report notification val 0000, properties 12
12-08 15:47:21.100 E/AutofillManagerServiceImpl( 3755): Bad service name: com.google.android.gms/.autofill.service.AutofillService
12-08 15:47:21.477 E/Clearcut-EventLogger( 8477): Unexpected log parameter shown_channel_count
12-08 15:47:21.483 I/lowmemorykiller( 3514):  com.google.android.tvlauncher processs, pid 8477 is persistent
12-08 15:47:21.483 I/lowmemorykiller( 3514):  score_adj for id 8477, corrected from 0 to -800 
12-08 15:47:21.484 I/lowmemorykiller( 3514):  com.android.providers.tv processs, pid 5273 is persistent
12-08 15:47:21.484 I/lowmemorykiller( 3514):  score_adj for id 5273, corrected from 0 to -800 
12-08 15:47:21.552 I/GoogleInputMethodService( 8774): GoogleInputMethodService.onFinishInput():3466 
12-08 15:47:21.553 I/GoogleInputMethodService( 8774): GoogleInputMethodService.onStartInput():2045 
12-08 15:47:21.564 I/DeviceUnlockedTag( 8774): DeviceUnlockedTag.notifyDeviceLockStatusChanged():38 Notify device unlocked.
12-08 15:47:21.586 I/bcm-gr  ( 8517): unreg (ST:0xef528520): cm:U::s-blk:0x5b8c::s-addr:2f8390000::p-blk:0x5b94::p-addr:2f8391000::1920x1080::sz:8294400::use:0x900:0x1:0x2::act:8517
12-08 15:47:21.586 I/bcm-gr  ( 8517): unreg (ST:0xef528a60): cm:U::s-blk:0x5c4c::s-addr:2fa338000::p-blk:0x5c54::p-addr:2fa339000::1920x1080::sz:8294400::use:0x900:0x1:0x2::act:8517
12-08 15:47:21.586 I/bcm-gr  ( 8517): unreg (ST:0xef5289f0): cm:U::s-blk:0x5c08::s-addr:2fab22000::p-blk:0x5c10::p-addr:2fab23000::1920x1080::sz:8294400::use:0x900:0x1:0x2::act:8517
12-08 15:47:21.588 I/chatty  ( 3515): uid=1000(system) Binder:3515_4 expire 2 lines
12-08 15:47:21.633 D/BluetoothGatt( 9408): onConnectionUpdated() - Device=74:9E:A5:02:2A:4A interval=9 latency=99 timeout=500 status=0
12-08 15:47:21.634 D/BluetoothGatt( 4867): onConnectionUpdated() - Device=74:9E:A5:02:2A:4A interval=9 latency=99 timeout=500 status=0
12-08 15:47:21.747 I/chatty  ( 6479): uid=10052 com.android.vending:background expire 1 line
12-08 15:47:21.747 I/chatty  ( 9165): uid=10052(com.android.vending) expire 1 line
12-08 15:47:21.750 I/chatty  ( 6479): uid=10052 com.android.vending:background expire 2 lines
12-08 15:47:21.880 I/bcm-gr  ( 3458): unreg (ST:0xe986c150): cm:T::s-blk:0x5c28::s-addr:2f8390000::p-blk:0x5c30::p-addr:2f8391000::1920x1080::sz:8294400::use:0x900:0x1:0x2::act:3458
12-08 15:47:21.880 I/bcm-gr  ( 3458): unreg (ST:0xe986c230): cm:T::s-blk:0x5ca0::s-addr:2fa338000::p-blk:0x5ca8::p-addr:2fa339000::1920x1080::sz:8294400::use:0x900:0x1:0x2::act:3458
12-08 15:47:21.880 I/bcm-gr  ( 3458): unreg (ST:0xe986c1c0): cm:T::s-blk:0x5c70::s-addr:2fab22000::p-blk:0x5c78::p-addr:2fab23000::1920x1080::sz:8294400::use:0x900:0x1:0x2::act:3458
12-08 15:47:21.895 I/chatty  ( 3515): uid=1000(system) /system/bin/surfaceflinger expire 1 line
12-08 15:47:21.910 I/PhenotypeModule( 8774): PhenotypeModule.receiveBroadcast():388 onReceive() urgent = false
12-08 15:47:21.919 I/PhenotypeModule( 8774): PhenotypeModule.maybeFetchAndUpdate():169 maybeFetchAndUpdate: forceRefresh=true
12-08 15:47:21.936 D/RemoteControlSvc( 4867): HID report notification val FF06, properties 12
12-08 15:47:21.970 I/GoogleInputMethodService( 8774): GoogleInputMethodService.onFinishInput():3466 
12-08 15:47:21.970 I/GoogleInputMethodService( 8774): GoogleInputMethodService.onStartInput():2045 
12-08 15:47:21.977 I/DeviceUnlockedTag( 8774): DeviceUnlockedTag.notifyDeviceLockStatusChanged():38 Notify device unlocked.
12-08 15:47:22.012 W/ConfigurationUpdatedRec( 9543): Received update for unknown package com.google.android.gms.icing.mdd#com.google.android.katniss; known packages [assistant_auto_tng_libraries_device#com.google.android.katniss, com.google.android.apps.search.assistant.device#com.google.android.katniss, com.google.android.libraries.search.device#com.google.android.katniss, com.google.android.apps.search.transcription.device#com.google.android.katniss, com.google.android.apps.search.transcription.uidevice#com.google.android.katniss]
12-08 15:47:22.028 I/PhenotypeBackgroundRecv( 8774): Successfully stored update snapshot for com.google.android.gms.icing.mdd#com.google.android.inputmethod.latin
12-08 15:47:22.132 D/RemoteControlSvc( 4867): HID report notification val 0000, properties 12
12-08 15:47:22.161 D/AudioFlinger( 3511): mixer(0xf1800c40) throttle end: throttle time(16)
12-08 15:47:22.308 I/PhenotypeModule( 8774): PhenotypeModule.handlePhenotypeConfigurationUpdatesInternal():365 Latency of updating configurations from phenotype (experiment v4): 34
12-08 15:47:22.308 I/PhenotypeModule( 8774): PhenotypeModule.handlePhenotypeConfigurationUpdates():264 Latency of updating configurations from phenotype (ExperimentV4): 34
12-08 15:47:22.311 I/PhenotypeModule( 8774): PhenotypeModule.lambda$fetchAndUpdate$1():221 fetchAndUpdate() : Success, hasFlags=true, flagCount=9, lastFetchStatus=December 8, 3:47 PM {reason=2, isFullFetch=true, success=true, isEmpty=false, isDelta=false, fetchedFlagsCount=9, deletedFlagsCount=362, updatedFlagsCount=0, totalTime=391}
12-08 15:47:22.342 D/RemoteControlSvc( 4867): HID report notification val FF05, properties 12
12-08 15:47:22.380 W/ActivityManager( 3755): Background start not allowed: service Intent { cmp=com.google.android.play.games/com.google.android.gms.games.pano.recommendation.GamesRecommendationsService } to com.google.android.play.games/com.google.android.gms.games.pano.recommendation.GamesRecommendationsService from pid=-1 uid=10061 pkg=com.google.android.play.games startFg?=false
12-08 15:47:22.381 I/chatty  ( 9365): uid=10045 com.google.android.gms.persistent expire 22 lines
12-08 15:47:22.406 I/cwmpd   ( 3632): APP_TRACE: pt=1289564055, last=1638936855, next=1638951255, now=1638949642, tmo=1613
12-08 15:47:22.446 D/RemoteControlSvc( 4867): HID report notification val 0000, properties 12
12-08 15:47:22.456 I/ActivityTaskManager( 3755): START u0 {act=android.settings.SETTINGS cmp=com.android.tv.settings/.MainSettings} from uid 10046
12-08 15:47:22.489 I/chatty  ( 3755): uid=1000(system) Binder:3755_9 expire 4 lines
12-08 15:47:22.493 I/chatty  ( 4338): uid=1000(system) com.android.tv.settings expire 5 lines
12-08 15:47:22.501 D/AudioFlinger( 3511): mixer(0xf1800c40) throttle end: throttle time(19)
12-08 15:47:22.508 I/lowmemorykiller( 3514):  com.google.android.tvlauncher processs, pid 8477 is persistent
12-08 15:47:22.508 I/lowmemorykiller( 3514):  score_adj for id 8477, corrected from 100 to -800 
12-08 15:47:22.509 I/lowmemorykiller( 3514):  com.android.providers.tv processs, pid 5273 is persistent
12-08 15:47:22.509 I/lowmemorykiller( 3514):  score_adj for id 5273, corrected from 100 to -800 
12-08 15:47:22.518 W/SearchSettings( 9543): No need to verify Assistant settings as user is not signed in or is not opted in to assistant.
12-08 15:47:22.544 I/chatty  ( 9365): uid=10045 com.google.android.gms.persistent expire 44 lines
12-08 15:47:22.546 I/nxserver( 3283):  roid.tvlauncher processs, pid 8477 is persistent persistent
12-08 15:47:22.546 I/nxserver( 3283):  score_adj for pid 8477, corrected from 1 to -15 
12-08 15:47:22.547 D/nxserver( 3283): free BHPA = 980 , or V2 215, nbcalls 195
12-08 15:47:22.694 I/bcm-gr  ( 3515):   reg (ST:0xf3c26b20): cm:T::s-blk:0x6400::s-addr:2f8390000::p-blk:0x6408::p-addr:2f8391000::1920x1080::sz:8294400::use:0x900:0x1:0x2::act:3515
12-08 15:47:22.695 I/chatty  ( 4338): uid=1000(system) RenderThread expire 3 lines
12-08 15:47:22.702 I/bcm-gr  ( 3457): alloc (ST:0xeaf27070): cm:T::s-blk:0x6424::s-addr:2fa338000::p-blk:0x6428::p-addr:2fa339000::1920x1080::sz:8294400::use:0x900:0x1:0x2
12-08 15:47:22.702 I/bcm-gr  ( 3457):  free (ST:0xeaf27070): cm:T::s-blk:0x6424::s-addr:2fa338000::p-blk:0x6428::p-addr:2fa339000::1920x1080::sz:8294400::use:0x900:0x1
12-08 15:47:22.703 I/bcm-gr  ( 3515):   reg (ST:0xf3c26d50): cm:T::s-blk:0x643c::s-addr:2fa338000::p-blk:0x6444::p-addr:2fa339000::1920x1080::sz:8294400::use:0x900:0x1:0x2::act:3515
12-08 15:47:22.713 I/bcm-gr  ( 3457): alloc (ST:0xeaf27070): cm:T::s-blk:0x644c::s-addr:2fab22000::p-blk:0x6450::p-addr:2fab23000::1920x1080::sz:8294400::use:0x900:0x1:0x2
12-08 15:47:22.715 I/bcm-gr  ( 3457):  free (ST:0xeaf27070): cm:T::s-blk:0x644c::s-addr:2fab22000::p-blk:0x6450::p-addr:2fab23000::1920x1080::sz:8294400::use:0x900:0x1
12-08 15:47:22.716 I/bcm-gr  ( 3515):   reg (ST:0xf3c26dc0): cm:T::s-blk:0x6464::s-addr:2fab22000::p-blk:0x646c::p-addr:2fab23000::1920x1080::sz:8294400::use:0x900:0x1:0x2::act:3515
12-08 15:47:22.841 D/AudioFlinger( 3511): mixer(0xf1800c40) throttle end: throttle time(19)
12-08 15:47:23.045 I/GoogleInputMethodService( 8774): GoogleInputMethodService.onFinishInput():3466 
12-08 15:47:23.045 I/GoogleInputMethodService( 8774): GoogleInputMethodService.onStartInput():2045 
12-08 15:47:23.048 I/DeviceUnlockedTag( 8774): DeviceUnlockedTag.notifyDeviceLockStatusChanged():38 Notify device unlocked.
12-08 15:47:23.085 D/Zygote  ( 3439): Forked child process 10183
12-08 15:47:23.089 W/ActivityManager( 3755): Slow operation: 98ms so far, now at startProcess: returned from zygote!
12-08 15:47:23.089 W/ActivityManager( 3755): Slow operation: 99ms so far, now at startProcess: done updating battery stats
12-08 15:47:23.090 W/ActivityManager( 3755): Slow operation: 99ms so far, now at startProcess: building log message
12-08 15:47:23.090 I/ActivityManager( 3755): Start proc 10183:com.android.settings.intelligence/u0a43 for service {com.android.settings.intelligence/com.android.settings.intelligence.suggestions.SuggestionService}
12-08 15:47:23.090 W/ActivityManager( 3755): Slow operation: 99ms so far, now at startProcess: starting to update pids map
12-08 15:47:23.091 W/ActivityManager( 3755): Slow operation: 100ms so far, now at startProcess: done updating pids map
12-08 15:47:23.111 E/gs.intelligenc(10183): Not starting debugger since process cannot load the jdwp agent.
12-08 15:47:23.239 I/chatty  ( 3755): uid=1000(system) android.anim expire 1 line
12-08 15:47:23.257 I/bcm-gr  ( 3458):   reg (ST:0xe986c150): cm:T::s-blk:0x64a0::s-addr:2f8390000::p-blk:0x64a8::p-addr:2f8391000::1920x1080::sz:8294400::use:0x900:0x1:0x2::act:3458
12-08 15:47:23.266 I/chatty  ( 3755): uid=1000(system) Binder:3755_11 expire 1 line
