12-08 15:38:00.765 W/ActivityManager( 3755): Slow operation: 244ms so far, now at startProcess: starting to update pids map
12-08 15:38:00.770 W/ActivityManager( 3755): Slow operation: 249ms so far, now at startProcess: done updating pids map
12-08 15:38:00.778 I/BackupManagerService( 3755): Found stale backup journal, scheduling
12-08 15:38:00.890 I/chatty  ( 3755): uid=1000(system) backup-0 identical 33 lines
12-08 15:38:00.890 I/BackupManagerService( 3755): Found stale backup journal, scheduling
12-08 15:38:00.919 W/ContextImpl( 5504): Calling a method in the system process without a qualified user: android.app.ContextImpl.bindService:1649 android.content.ContextWrapper.bindService:705 com.google.android.tv.assistant.led.AssistantLedService.onCreate:67 android.app.ActivityThread.handleCreateService:3953 android.app.ActivityThread.access$1500:219 
12-08 15:38:00.931 D/NsdService( 3755): mdnssd [start-service]
12-08 15:38:00.934 I/BackupManagerService( 3755): Found stale backup journal, scheduling
12-08 15:38:00.934 I/BackupManagerService( 3755): Found stale backup journal, scheduling
12-08 15:38:00.959 W/ActivityManager( 3755): Slow operation: 54ms so far, now at attachApplicationLocked: after mServices.attachApplicationLocked
12-08 15:38:01.038 I/BackupManagerService( 3755): Found stale backup journal, scheduling
12-08 15:38:01.141 I/chatty  ( 3755): uid=1000(system) backup-0 identical 31 lines
12-08 15:38:01.141 I/BackupManagerService( 3755): Found stale backup journal, scheduling
12-08 15:38:01.144 D/NsdService( 3755): New client listening to asynchronous messages
12-08 15:38:01.148 D/NsdService( 3755): New client, channel: com.android.internal.util.AsyncChannel@9fa539f messenger: android.os.Messenger@10a3cec
12-08 15:38:01.157 D/NsdService( 3755): Register service
12-08 15:38:01.157 D/NsdService( 3755): registerService: 2 name: qqqqqqqqq, type: _androidtvremote2._tcp., host: null, port: 6466, txtRecord: bt=64:12:36:1E:66:0D
12-08 15:38:01.157 D/NsdService( 3755): mdnssd [register, 2, qqqqqqqqq, _androidtvremote2._tcp., 6466, FGJ0PTY0OjEyOjM2OjFFOjY2OjBE]
12-08 15:38:01.162 D/NsdService( 3755): Register 2 2
12-08 15:38:01.168 I/BackupManagerService( 3755): Found stale backup journal, scheduling
12-08 15:38:01.337 I/chatty  ( 3755): uid=1000(system) backup-0 identical 64 lines
12-08 15:38:01.337 I/BackupManagerService( 3755): Found stale backup journal, scheduling
12-08 15:38:01.338 W/ActivityManager( 3755): Slow operation: 72ms so far, now at startProcess: returned from zygote!
12-08 15:38:01.339 W/ActivityManager( 3755): Slow operation: 72ms so far, now at startProcess: done updating battery stats
12-08 15:38:01.339 W/ActivityManager( 3755): Slow operation: 72ms so far, now at startProcess: building log message
12-08 15:38:01.339 I/ActivityManager( 3755): Start proc 5619:com.android.tv.common/u0a6 for content provider {com.android.tv/com.android.tv.common.CommonPreferenceProvider}
12-08 15:38:01.339 W/ActivityManager( 3755): Slow operation: 72ms so far, now at startProcess: starting to update pids map
12-08 15:38:01.339 W/ActivityManager( 3755): Slow operation: 73ms so far, now at startProcess: done updating pids map
12-08 15:38:01.383 I/BackupManagerService( 3755): Found stale backup journal, scheduling
12-08 15:38:01.785 I/chatty  ( 3755): uid=1000(system) backup-0 identical 240 lines
12-08 15:38:01.785 I/BackupManagerService( 3755): Found stale backup journal, scheduling
12-08 15:38:01.922 W/PackageParser( 5120): Unknown element under <manifest>: queries at /data/user_de/0/com.google.android.gms/app_chimera/m/00000008/AdsDynamite.apk Binary XML file line #11
12-08 15:38:01.933 I/SystemConfig( 5120): Adding association: com.google.android.as <- com.android.providers.contacts
12-08 15:38:01.933 I/SystemConfig( 5120): Adding association: com.google.android.as <- com.android.providers.media
12-08 15:38:01.933 I/SystemConfig( 5120): Adding association: com.google.android.as <- com.android.providers.telephony
12-08 15:38:01.933 I/SystemConfig( 5120): Adding association: com.google.android.as <- com.android.systemui
12-08 15:38:01.933 I/SystemConfig( 5120): Adding association: com.google.android.as <- com.google.android.gms
12-08 15:38:01.933 I/SystemConfig( 5120): Adding association: com.google.android.as <- com.google.android.gsf
12-08 15:38:01.961 D/ConnectivityService( 3755): NetworkAgentInfo [WIFI () - 100] validation passed
12-08 15:38:01.964 D/ConnectivityService( 3755): Setting DNS servers for network 100 to [/192.168.1.1]
12-08 15:38:01.965 D/DnsManager( 3755): setDnsConfigurationForNetwork(100, [192.168.1.1], [], 1800, 25, 8, 64, 0, 0, , [192.168.1.1])
12-08 15:38:02.007 W/SystemConfig( 5120): No directory /product/etc/sysconfig, skipping
12-08 15:38:02.033 W/SystemConfig( 5120): No directory /product_services/etc/sysconfig, skipping
12-08 15:38:02.033 W/SystemConfig( 5120): No directory /product_services/etc/permissions, skipping
12-08 15:38:02.182 W/BroadcastQueue( 3755): Background execution not allowed: receiving Intent { act=android.bluetooth.device.action.UUID flg=0x10 (has extras) } to com.google.android.gms/.chimera.GmsIntentOperationService$PersistentTrustedReceiver
12-08 15:38:02.184 W/BroadcastQueue( 3755): Background execution not allowed: receiving Intent { act=android.bluetooth.adapter.action.STATE_CHANGED flg=0x4000010 (has extras) } to com.google.android.gms/.chimera.GmsIntentOperationService$PersistentTrustedReceiver
12-08 15:38:02.185 W/BroadcastQueue( 3755): Background execution not allowed: receiving Intent { act=android.bluetooth.device.action.UUID flg=0x10 (has extras) } to com.google.android.gms/.chimera.GmsIntentOperationService$PersistentTrustedReceiver
12-08 15:38:02.193 W/BroadcastQueue( 3755): Background execution not allowed: receiving Intent { act=android.bluetooth.device.action.UUID flg=0x10 (has extras) } to com.google.android.gms/.chimera.GmsIntentOperationService$PersistentTrustedReceiver
12-08 15:38:02.214 W/PackageParser( 5120): Unknown element under <manifest>: queries at /data/user_de/0/com.google.android.gms/app_chimera/m/00000010/dl-AdsFdrDynamite.integ_214106404000000.apk Binary XML file line #11
12-08 15:38:02.244 W/BroadcastQueue( 3755): Background execution not allowed: receiving Intent { act=android.intent.action.DROPBOX_ENTRY_ADDED flg=0x10 (has extras) } to com.google.android.gms/.stats.service.DropBoxEntryAddedReceiver
12-08 15:38:02.254 W/BroadcastQueue( 3755): Background execution not allowed: receiving Intent { act=android.intent.action.DROPBOX_ENTRY_ADDED flg=0x10 (has extras) } to com.google.android.gms/.chimera.GmsIntentOperationService$PersistentTrustedReceiver
12-08 15:38:02.312 I/UsageStatsService( 3755): Time changed in UsageStats by 10 seconds
12-08 15:38:02.312 I/UsageStatsService( 3755): User[0] Flushing usage stats to disk
12-08 15:38:02.322 I/ActivityManager( 3755): Start proc 5711:com.android.externalstorage/u0a13 for broadcast {com.android.externalstorage/com.android.externalstorage.MountReceiver}
12-08 15:38:02.422 I/UsageStatsDatabase( 3755): Time changed by +10s143ms. files deleted: 0 files moved: 4
12-08 15:38:02.433 I/UsageStatsService( 3755): User[0] Rollover scheduled @ 2021-12-09 15:32:43(1639035163978)
12-08 15:38:02.662 I/DropBoxManagerService( 3755): add tag=SYSTEM_BOOT isTagEnabled=true flags=0x2
12-08 15:38:02.667 I/BootReceiver( 3755): Copying audit failures to DropBox
12-08 15:38:02.673 I/BootReceiver( 3755): Checking for fsck errors
12-08 15:38:02.674 I/BootReceiver( 3755): fs_stat, partition:hwcfg_ro stat:0x3
12-08 15:38:02.676 I/BootReceiver( 3755): fs_stat, partition:hwcfg stat:0x3
12-08 15:38:02.678 I/BootReceiver( 3755): fs_stat, partition:cache stat:0x3
12-08 15:38:02.689 V/ActivityManager( 3755): Attempted to start a foreground service (com.technicolor.android.dtvinput/.setup.InstallerService) with a broken notification (no icon: Notification(channel=NotificationStub pri=0 contentView=null vibrate=null sound=null defaults=0x0 flags=0x40 color=0x00000000 vis=PRIVATE))
12-08 15:38:02.828 W/ActivityManager( 3755): Slow operation: 107ms so far, now at startProcess: returned from zygote!
12-08 15:38:02.828 W/ActivityManager( 3755): Slow operation: 107ms so far, now at startProcess: done updating battery stats
12-08 15:38:02.828 W/ActivityManager( 3755): Slow operation: 107ms so far, now at startProcess: building log message
12-08 15:38:02.828 I/ActivityManager( 3755): Start proc 5755:android.process.media/u0a2 for content provider {com.android.providers.downloads/com.android.providers.downloads.DownloadProvider}
12-08 15:38:02.828 W/ActivityManager( 3755): Slow operation: 108ms so far, now at startProcess: starting to update pids map
12-08 15:38:02.829 W/ActivityManager( 3755): Slow operation: 108ms so far, now at startProcess: done updating pids map
12-08 15:38:03.060 W/ContextImpl( 4890): Calling a method in the system process without a qualified user: android.app.ContextImpl.startService:1570 android.content.ContextWrapper.startService:669 android.content.ContextWrapper.startService:669 com.technicolor.dm.DmBroadCast.onReceive:66 android.app.ActivityThread.handleReceiver:3788 
12-08 15:38:03.113 W/ContextImpl( 4890): Calling a method in the system process without a qualified user: android.app.ContextImpl.startService:1570 android.content.ContextWrapper.startService:669 android.content.ContextWrapper.startService:669 com.technicolor.dm.DmBroadCast.onReceive:78 android.app.ActivityThread.handleReceiver:3788 
12-08 15:38:03.120 W/ContextImpl( 4890): Calling a method in the system process without a qualified user: android.app.ContextImpl.startService:1570 android.content.ContextWrapper.startService:669 android.content.ContextWrapper.startService:669 com.technicolor.dm.DmBroadCast.onReceive:86 android.app.ActivityThread.handleReceiver:3788 
12-08 15:38:03.147 W/ContextImpl( 4890): Calling a method in the system process without a qualified user: android.app.ContextImpl.startService:1570 android.content.ContextWrapper.startService:669 android.content.ContextWrapper.startService:669 com.technicolor.dm.DmBroadCast.onReceive:90 android.app.ActivityThread.handleReceiver:3788 
12-08 15:38:03.171 W/ContextImpl( 4890): Calling a method in the system process without a qualified user: android.app.ContextImpl.startService:1570 android.content.ContextWrapper.startService:669 android.content.ContextWrapper.startService:669 com.technicolor.dm.DmBroadCast.onReceive:94 android.app.ActivityThread.handleReceiver:3788 
12-08 15:38:03.179 W/ContextImpl( 4890): Calling a method in the system process without a qualified user: android.app.ContextImpl.startService:1570 android.content.ContextWrapper.startService:669 android.content.ContextWrapper.startService:669 com.technicolor.dm.DmBroadCast.onReceive:98 android.app.ActivityThread.handleReceiver:3788 
12-08 15:38:03.182 W/ContextImpl( 4890): Calling a method in the system process without a qualified user: android.app.ContextImpl.startService:1570 android.content.ContextWrapper.startService:669 android.content.ContextWrapper.startService:669 com.technicolor.dm.DmBroadCast.onReceive:102 android.app.ActivityThread.handleReceiver:3788 
12-08 15:38:03.190 W/ContextImpl( 4890): Calling a method in the system process without a qualified user: android.app.ContextImpl.startService:1570 android.content.ContextWrapper.startService:669 android.content.ContextWrapper.startService:669 com.technicolor.dm.DmBroadCast.onReceive:106 android.app.ActivityThread.handleReceiver:3788 
12-08 15:38:03.198 W/ContextImpl( 4890): Calling a method in the system process without a qualified user: android.app.ContextImpl.sendBroadcast:1045 android.content.ContextWrapper.sendBroadcast:448 com.technicolor.dm.DmBroadCast.populateNetflixEsn:189 com.technicolor.dm.DmBroadCast.onReceive:110 android.app.ActivityThread.handleReceiver:3788 
12-08 15:38:03.200 I/ActivityManager( 3755): Start proc 5799:com.google.android.webview:webview_service/u0a58 for service {com.google.android.webview/org.chromium.android_webview.services.VariationsSeedServer}
12-08 15:38:03.200 W/ActivityManager( 3755): Slow operation: 51ms so far, now at startProcess: done updating pids map
12-08 15:38:03.222 W/ContextImpl( 4978): Calling a method in the system process without a qualified user: android.app.ContextImpl.startService:1570 android.content.ContextWrapper.startService:669 android.content.ContextWrapper.startService:669 com.technicolor.onetouchplay.BootCompleteReceiver.onReceive:15 android.app.ActivityThread.handleReceiver:3788 
12-08 15:38:03.230 W/KeyphraseEnrollmentInfo( 4810): No enrollment application supports the given keyphrase/locale: 'Ok Google'/en_US
12-08 15:38:03.286 W/ContextImpl( 4966): Calling a method in the system process without a qualified user: android.app.ContextImpl.startService:1570 android.content.ContextWrapper.startService:669 android.content.ContextWrapper.startService:669 com.technicolor.awzdcontroller.BootCompleteReceiver.onReceive:20 android.app.ActivityThread.handleReceiver:3788 
12-08 15:38:03.300 W/ContextImpl( 4338): Calling a method in the system process without a qualified user: android.app.ContextImpl.startService:1570 android.content.ContextWrapper.startService:669 android.content.ContextWrapper.startService:669 com.android.tv.settings.users.UserSwitchListenerService$BootReceiver.onReceive:50 android.app.ActivityThread.handleReceiver:3788 
12-08 15:38:03.319 D/ConnectivityService( 3755): requestNetwork for uid/pid:1000/4890 NetworkRequest [ TRACK_DEFAULT id=15, [ Capabilities: INTERNET&NOT_RESTRICTED&TRUSTED Uid: 1000] ]
12-08 15:38:03.355 W/ContextImpl( 4890): Calling a method in the system process without a qualified user: android.app.ContextImpl.startService:1570 android.content.ContextWrapper.startService:669 com.technicolor.dm.HdmiListenerService.onStartCommand:90 android.app.ActivityThread.handleServiceArgs:4087 android.app.ActivityThread.access$1800:219 
12-08 15:38:03.372 D/NsdService( 3755): Native daemon message SERVICE_REGISTERED: 606 2 "qqqqqqqqq"
12-08 15:38:03.399 W/ActivityManager( 3755): Slow operation: 79ms so far, now at startProcess: returned from zygote!
12-08 15:38:03.401 W/ActivityManager( 3755): Slow operation: 81ms so far, now at startProcess: done updating battery stats
12-08 15:38:03.401 W/ActivityManager( 3755): Slow operation: 81ms so far, now at startProcess: building log message
12-08 15:38:03.401 I/ActivityManager( 3755): Start proc 5828:com.google.android.play.games/u0a61 for broadcast {com.google.android.play.games/com.google.android.gms.games.pano.recommendation.GamesPanoBroadcastReceiver}
12-08 15:38:03.401 W/ActivityManager( 3755): Slow operation: 81ms so far, now at startProcess: starting to update pids map
12-08 15:38:03.402 W/ActivityManager( 3755): Slow operation: 81ms so far, now at startProcess: done updating pids map
12-08 15:38:03.470 W/ActivityManager( 3755): Slow operation: 109ms so far, now at startProcess: returned from zygote!
12-08 15:38:03.471 W/ActivityManager( 3755): Slow operation: 109ms so far, now at startProcess: done updating battery stats
12-08 15:38:03.471 W/ActivityManager( 3755): Slow operation: 109ms so far, now at startProcess: building log message
12-08 15:38:03.471 I/ActivityManager( 3755): Start proc 5855:com.technicolor.tv.settings.device.display/1000 for service {com.technicolor.tv.settings.device.display/com.technicolor.tv.settings.device.display.resolution.FtiResolutionSettingsService}
12-08 15:38:03.506 W/ActivityManager( 3755): Slow operation: 109ms so far, now at startProcess: starting to update pids map
12-08 15:38:03.507 W/ActivityManager( 3755): Slow operation: 146ms so far, now at startProcess: done updating pids map
12-08 15:38:03.685 I/ActivityManager( 3755): Start proc 5902:com.google.android.apps.mediashell/u0a53 for service {com.google.android.apps.mediashell/com.google.android.apps.mediashell.LocalGrpcAuthService}
12-08 15:38:03.703 E/PackageManager( 3755): Optimistic bind failed.
12-08 15:38:03.703 E/PackageManager( 3755): java.util.concurrent.TimeoutException: [Optimistic Bind] Didn't bind to resolver in time!
12-08 15:38:03.703 E/PackageManager( 3755): 	at com.android.server.pm.InstantAppResolverConnection.waitForBindLocked(InstantAppResolverConnection.java:161)
12-08 15:38:03.703 E/PackageManager( 3755): 	at com.android.server.pm.InstantAppResolverConnection.bind(InstantAppResolverConnection.java:226)
12-08 15:38:03.703 E/PackageManager( 3755): 	at com.android.server.pm.InstantAppResolverConnection.lambda$optimisticBind$0$InstantAppResolverConnection(InstantAppResolverConnection.java:256)
12-08 15:38:03.703 E/PackageManager( 3755): 	at com.android.server.pm.-$$Lambda$InstantAppResolverConnection$D-JKXi4qrYjnPQMOwj8UtfZenps.run(Unknown Source:2)
12-08 15:38:03.703 E/PackageManager( 3755): 	at android.os.Handler.handleCallback(Handler.java:883)
12-08 15:38:03.703 E/PackageManager( 3755): 	at android.os.Handler.dispatchMessage(Handler.java:100)
12-08 15:38:03.703 E/PackageManager( 3755): 	at android.os.Looper.loop(Looper.java:214)
12-08 15:38:03.703 E/PackageManager( 3755): 	at android.os.HandlerThread.run(HandlerThread.java:67)
12-08 15:38:03.800 W/PackageParser( 5120): Unknown element under <manifest>: queries at /data/user_de/0/com.google.android.gms/app_chimera/m/00000008/AdsDynamite.apk Binary XML file line #11
12-08 15:38:03.968 W/ActivityManager( 3755): Slow operation: 185ms so far, now at startProcess: returned from zygote!
12-08 15:38:03.969 W/ActivityManager( 3755): Slow operation: 185ms so far, now at startProcess: done updating battery stats
12-08 15:38:03.969 W/ActivityManager( 3755): Slow operation: 185ms so far, now at startProcess: building log message
12-08 15:38:03.969 I/ActivityManager( 3755): Start proc 5951:com.google.android.webview:sandboxed_process0:org.chromium.content.app.SandboxedProcessService0:0/u0ai9000 for  {com.google.android.katniss/org.chromium.content.app.SandboxedProcessService0:0}
12-08 15:38:03.969 W/ActivityManager( 3755): Slow operation: 185ms so far, now at startProcess: starting to update pids map
12-08 15:38:03.969 W/ActivityManager( 3755): Slow operation: 185ms so far, now at startProcess: done updating pids map
12-08 15:38:04.191 W/PackageParser( 5120): Unknown element under <manifest>: queries at /data/user_de/0/com.google.android.gms/app_chimera/m/00000010/dl-AdsFdrDynamite.integ_214106404000000.apk Binary XML file line #11
12-08 15:38:04.217 W/ActivityThread( 4890): ClassLoader.getResourceAsStream: The class loader returned by Thread.getContextClassLoader() may fail for processes that host multiple applications. You should explicitly specify a context class loader. For example: Thread.setContextClassLoader(getClass().getClassLoader());
12-08 15:38:04.460 W/PackageParser( 5120): Unknown element under <manifest>: queries at /data/user_de/0/com.google.android.gms/app_chimera/m/00000008/AdsDynamite.apk Binary XML file line #11
12-08 15:38:05.111 W/PackageParser( 5120): Unknown element under <manifest>: queries at /data/user_de/0/com.google.android.gms/app_chimera/m/00000010/dl-AdsFdrDynamite.integ_214106404000000.apk Binary XML file line #11
12-08 15:38:05.796 W/ActivityManager( 3755): Slow operation: 94ms so far, now at startProcess: returned from zygote!
12-08 15:38:05.796 W/ActivityManager( 3755): Slow operation: 94ms so far, now at startProcess: done updating battery stats
12-08 15:38:05.797 W/ActivityManager( 3755): Slow operation: 94ms so far, now at startProcess: building log message
12-08 15:38:05.797 I/ActivityManager( 3755): Start proc 6093:com.netflix.ninja/u0a30 for broadcast {com.netflix.ninja/com.netflix.ninja.BootCompleteReceiver}
12-08 15:38:05.797 W/ActivityManager( 3755): Slow operation: 94ms so far, now at startProcess: starting to update pids map
12-08 15:38:05.797 W/ActivityManager( 3755): Slow operation: 95ms so far, now at startProcess: done updating pids map
12-08 15:38:05.963 E/ActivityThread( 4515): Failed to find provider info for instantapp-dev-manager
12-08 15:38:06.350 W/ActivityManager( 3755): Unable to start service Intent { act=com.google.android.gms.nearby.discovery:ACTION_PERMISSION_CHANGE cmp=com.google.android.gms/.nearby.discovery.service.DiscoveryService } U=0: not found
12-08 15:38:06.354 W/ActivityManager( 3755): Unable to start service Intent { act=com.google.android.gms.nearby.discovery:ACTION_PERMISSION_CHANGE cmp=com.google.android.gms/.nearby.discovery.service.DiscoveryService } U=0: not found
12-08 15:38:06.374 D/ConnectivityService( 3755): requestNetwork for uid/pid:10030/6093 NetworkRequest [ TRACK_DEFAULT id=18, [ Capabilities: INTERNET&NOT_RESTRICTED&TRUSTED Uid: 10030] ]
12-08 15:38:06.655 W/ActivityManager( 3755): Slow operation: 52ms so far, now at startProcess: returned from zygote!
12-08 15:38:06.655 W/ActivityManager( 3755): Slow operation: 52ms so far, now at startProcess: done updating battery stats
12-08 15:38:06.655 W/ActivityManager( 3755): Slow operation: 52ms so far, now at startProcess: building log message
12-08 15:38:06.655 I/ActivityManager( 3755): Start proc 6155:com.technicolor.globalkey/1000 for broadcast {com.technicolor.globalkey/com.technicolor.globalkey.Receiver}
12-08 15:38:06.655 W/ActivityManager( 3755): Slow operation: 53ms so far, now at startProcess: starting to update pids map
12-08 15:38:06.656 W/ActivityManager( 3755): Slow operation: 53ms so far, now at startProcess: done updating pids map
12-08 15:38:06.946 I/ActivityManager( 3755): Start proc 6178:com.technicolor.tv.remotepairing/1000 for broadcast {com.technicolor.tv.remotepairing/com.technicolor.tv.remotepairing.NotificationReceiver}
12-08 15:38:07.304 W/ActivityManager( 3755): Slow operation: 56ms so far, now at startProcess: done updating battery stats
12-08 15:38:07.304 W/ActivityManager( 3755): Slow operation: 56ms so far, now at startProcess: building log message
12-08 15:38:07.304 I/ActivityManager( 3755): Start proc 6201:com.amazon.amazonvideo.livingroom/u0a35 for broadcast {com.amazon.amazonvideo.livingroom/com.amazon.primevideo.receiver.BootUpReceiver}
12-08 15:38:07.304 W/ActivityManager( 3755): Slow operation: 56ms so far, now at startProcess: starting to update pids map
12-08 15:38:07.307 W/ActivityManager( 3755): Slow operation: 58ms so far, now at startProcess: done updating pids map
12-08 15:38:07.379 W/ProcessStats( 3755): Tracking association SourceState{7169896 com.google.android.tvlauncher/10046 Top #787} whose proc state 1 is better than process ProcessState{749da55 com.google.android.gms.persistent/10045 pkg=com.google.android.gms} proc state 2 (1445 skipped)
12-08 15:38:07.925 D/ConnectivityService( 3755): Returning BLOCKED NetworkInfo to uid=10035
12-08 15:38:08.099 W/ActivityManager( 3755): Slow operation: 52ms so far, now at startProcess: returned from zygote!
12-08 15:38:08.099 W/ActivityManager( 3755): Slow operation: 52ms so far, now at startProcess: done updating battery stats
12-08 15:38:08.099 W/ActivityManager( 3755): Slow operation: 52ms so far, now at startProcess: building log message
12-08 15:38:08.099 I/ActivityManager( 3755): Start proc 6271:com.android.dynsystem/1000 for broadcast {com.android.dynsystem/com.android.dynsystem.BootCompletedReceiver}
12-08 15:38:08.099 W/ActivityManager( 3755): Slow operation: 53ms so far, now at startProcess: starting to update pids map
12-08 15:38:08.099 W/ActivityManager( 3755): Slow operation: 53ms so far, now at startProcess: done updating pids map
12-08 15:38:08.172 V/NotificationListeners( 3755): enabling notification listener for 0: ComponentInfo{com.google.android.tvrecommendations/com.google.android.tvrecommendations.NotificationsService}
12-08 15:38:08.172 V/NotificationListeners( 3755): Not registering ComponentInfo{com.google.android.tvrecommendations/com.google.android.tvrecommendations.NotificationsService} is already bound
12-08 15:38:08.302 D/DynamicSystemService( 3755): GsiService is not ready, wait for 64ms
12-08 15:38:08.367 D/DynamicSystemService( 3755): GsiService is not ready, wait for 128ms
12-08 15:38:08.466 W/libprocessgroup( 6292): Attribute LowCapacityCPUs is already defined
12-08 15:38:08.467 W/libprocessgroup( 6292): Attribute HighCapacityCPUs is already defined
12-08 15:38:08.467 W/libprocessgroup( 6292): Attribute MaxCapacityCPUs is already defined
12-08 15:38:08.467 W/libprocessgroup( 6292): Attribute MemLimit is already defined
12-08 15:38:08.467 W/libprocessgroup( 6292): Attribute MemSoftLimit is already defined
12-08 15:38:08.467 W/libprocessgroup( 6292): Attribute MemSwappiness is already defined
12-08 15:38:08.467 W/libprocessgroup( 6292): Attribute STuneBoost is already defined
12-08 15:38:08.467 W/libprocessgroup( 6292): Attribute STunePreferIdle is already defined
12-08 15:38:08.467 W/libprocessgroup( 6292): Attribute UClampMin is already defined
12-08 15:38:08.467 W/libprocessgroup( 6292): Attribute UClampMax is already defined
12-08 15:38:08.508 W/DynamicSystemService( 3755): gsiservice died; reconnecting
12-08 15:38:08.771 W/ActivityManager( 3755): Slow operation: 58ms so far, now at startProcess: returned from zygote!
12-08 15:38:08.772 W/ActivityManager( 3755): Slow operation: 58ms so far, now at startProcess: done updating battery stats
12-08 15:38:08.772 W/ActivityManager( 3755): Slow operation: 58ms so far, now at startProcess: building log message
12-08 15:38:08.772 I/ActivityManager( 3755): Start proc 6302:com.android.vending/u0a52 for broadcast {com.android.vending/com.google.android.finsky.boothandler.BootCompletedReceiver}
12-08 15:38:08.772 W/ActivityManager( 3755): Slow operation: 58ms so far, now at startProcess: starting to update pids map
12-08 15:38:08.772 W/ActivityManager( 3755): Slow operation: 59ms so far, now at startProcess: done updating pids map
12-08 15:38:09.679 I/WatchlistLoggingHandler( 3755): Milliseconds spent on tryAggregateRecords(): 32215
12-08 15:38:09.871 D/ConnectivityService( 3755): requestNetwork for uid/pid:10045/4515 NetworkRequest [ TRACK_DEFAULT id=19, [ Capabilities: INTERNET&NOT_RESTRICTED&TRUSTED Uid: 10045] ]
12-08 15:38:10.335 D/ConnectivityService( 3755): requestNetwork for uid/pid:10052/6302 NetworkRequest [ TRACK_DEFAULT id=21, [ Capabilities: INTERNET&NOT_RESTRICTED&TRUSTED Uid: 10052] ]
12-08 15:38:10.683 D/AdbDebuggingManager( 3755): Received connected key message: QAAAAD2hwsHrwVOgeVsQ8Y/3uR0y4uhxuP5jbqk0B1IgANeQzk1sOKDNDXMe8E3szVRnc12LEiCTdtsK3dmxDuivhvwIIKnhwE7w39+DBH3BNmBxMlC/Lhil9FvFER8qJx5WBpMaqG0+VkagVZACBAZ8vK51AkkkFoqbeCMKl4DhwhWu0O2q0XJU2QtC44P8UNSf4yZM/ByC9d51/It3CRj6ZjcfTAKLZLuas8htgJv3qXs0CUGQp+ylehOstVrTd3j52lnMjvAM6BLcRTxYTfpUVgfV+NNJ2WSSzEOp/3wbgfsf/Hl0DMIGmC8IisSRkp1+nxGiShF56qYTjCJzHhnuBi6mr/m0SHdDFVAj5CNsK2PZ3ZfJY/9tr78OruvyqGgjfqXn8M8NhSM0snTM9hTv0761LdkJEHR+eccqVeWwS07znCckxEUmRUn6JxYvbVA5e65EuCAENHTU1dZ1fFb/d1sz3zu/7jOAOpxpkfeAgz6Bn/FzNfXyRHgoRILizkcuRB/NoIly3vbrtTNbmt0ETFPSx+o+GC6ckpyNr/VVZ78EznlrwKMoEkwJN+NR6yBe7kB17dp3XMfuNuHqJaci0rboLDqCsgPiU3DJoi4z7In3Zss0yfB8nq9UOBJJJ3Ig1bSiZPLFLYyzusu4p+fwBO3gNjPwmi7yhVTfVqraIa2puL2jFQEAAQA= yeyua@DESKTOP-MQU5K5O
12-08 15:38:10.683 D/AdbDebuggingManager( 3755): Logging key QAAAAD2hwsHrwVOgeVsQ8Y/3uR0y4uhxuP5jbqk0B1IgANeQzk1sOKDNDXMe8E3szVRnc12LEiCTdtsK3dmxDuivhvwIIKnhwE7w39+DBH3BNmBxMlC/Lhil9FvFER8qJx5WBpMaqG0+VkagVZACBAZ8vK51AkkkFoqbeCMKl4DhwhWu0O2q0XJU2QtC44P8UNSf4yZM/ByC9d51/It3CRj6ZjcfTAKLZLuas8htgJv3qXs0CUGQp+ylehOstVrTd3j52lnMjvAM6BLcRTxYTfpUVgfV+NNJ2WSSzEOp/3wbgfsf/Hl0DMIGmC8IisSRkp1+nxGiShF56qYTjCJzHhnuBi6mr/m0SHdDFVAj5CNsK2PZ3ZfJY/9tr78OruvyqGgjfqXn8M8NhSM0snTM9hTv0761LdkJEHR+eccqVeWwS07znCckxEUmRUn6JxYvbVA5e65EuCAENHTU1dZ1fFb/d1sz3zu/7jOAOpxpkfeAgz6Bn/FzNfXyRHgoRILizkcuRB/NoIly3vbrtTNbmt0ETFPSx+o+GC6ckpyNr/VVZ78EznlrwKMoEkwJN+NR6yBe7kB17dp3XMfuNuHqJaci0rboLDqCsgPiU3DJoi4z7In3Zss0yfB8nq9UOBJJJ3Ig1bSiZPLFLYyzusu4p+fwBO3gNjPwmi7yhVTfVqraIa2puL2jFQEAAQA= yeyua@DESKTOP-MQU5K5O, state = 4, alwaysAllow = true, lastConnectionTime = 1638949090683, authWindow = 604800000
12-08 15:38:10.697 W/ActivityManager( 3755): Slow operation: 58ms so far, now at startProcess: returned from zygote!
12-08 15:38:10.697 W/ActivityManager( 3755): Slow operation: 58ms so far, now at startProcess: done updating battery stats
12-08 15:38:10.697 W/ActivityManager( 3755): Slow operation: 59ms so far, now at startProcess: building log message
12-08 15:38:10.697 I/ActivityManager( 3755): Start proc 6417:com.broadcom.customizer/1000 for broadcast {com.broadcom.customizer/com.broadcom.customizer.BootCompletedReceiver}
12-08 15:38:10.697 W/ActivityManager( 3755): Slow operation: 59ms so far, now at startProcess: starting to update pids map
12-08 15:38:10.697 W/ActivityManager( 3755): Slow operation: 59ms so far, now at startProcess: done updating pids map
12-08 15:38:10.822 W/ContextImpl( 6417): Calling a method in the system process without a qualified user: android.app.ContextImpl.startService:1570 android.content.ContextWrapper.startService:669 android.content.ContextWrapper.startService:669 com.broadcom.customizer.BootCompletedReceiver.onReceive:76 android.app.ActivityThread.handleReceiver:3788 
12-08 15:38:10.857 I/ActivityManager( 3755): Start proc 6455:com.broadcom.nrdphelper/u0a2 for broadcast {com.broadcom.nrdphelper/com.broadcom.nrdphelper.BootCompletedReceiver}
12-08 15:38:11.001 I/ActivityManager( 3755): Start proc 6479:com.android.vending:background/u0a52 for service {com.android.vending/com.google.android.finsky.ipcservers.background.BackgroundGrpcServerAndroidService}
12-08 15:38:11.003 V/SettingsProvider( 3755): Notifying for 0: content://settings/global/nrdp_platform_capabilities
12-08 15:38:11.448 E/SensorNotificationService( 3755): Invalid local geomagnetic field, ignore.
12-08 15:38:11.611 D/ConnectivityService( 3755): requestNetwork for uid/pid:10052/6479 NetworkRequest [ TRACK_DEFAULT id=23, [ Capabilities: INTERNET&NOT_RESTRICTED&TRUSTED Uid: 10052] ]
12-08 15:38:12.763 W/ActivityManager( 3755): Unable to start service Intent { act=com.google.android.gms.auth.key.retrieval.service.START pkg=com.google.android.gms } U=0: not found
12-08 15:38:12.769 W/ActivityManager( 3755): Unbind failed: could not find connection for android.os.BinderProxy@9219eb4
12-08 15:38:13.268 W/Looper  ( 3755): Slow dispatch took 1790ms android.fg h=android.os.Handler c=java.util.concurrent.FutureTask@5e1825f m=0
12-08 15:38:13.330 D/ConnectivityService( 3755): requestNetwork for uid/pid:10053/5902 NetworkRequest [ TRACK_DEFAULT id=24, [ Capabilities: INTERNET&NOT_RESTRICTED&TRUSTED Uid: 10053] ]
12-08 15:38:13.531 W/ActivityManager( 3755): Slow operation: 66ms so far, now at startProcess: returned from zygote!
12-08 15:38:13.531 W/ActivityManager( 3755): Slow operation: 67ms so far, now at startProcess: done updating battery stats
12-08 15:38:13.532 W/ActivityManager( 3755): Slow operation: 67ms so far, now at startProcess: building log message
12-08 15:38:13.532 I/ActivityManager( 3755): Start proc 6655:com.google.android.onetimeinitializer/u0a42 for broadcast {com.google.android.onetimeinitializer/com.google.android.onetimeinitializer.OneTimeInitializerReceiver}
12-08 15:38:13.532 W/ActivityManager( 3755): Slow operation: 67ms so far, now at startProcess: starting to update pids map
12-08 15:38:13.533 W/ActivityManager( 3755): Slow operation: 69ms so far, now at startProcess: done updating pids map
12-08 15:38:13.685 W/Looper  ( 3755): Slow delivery took 1704ms android.fg h=android.os.Handler c=java.util.concurrent.FutureTask@c6bbd5b m=0
12-08 15:38:13.685 W/Looper  ( 3755): Slow dispatch took 411ms android.fg h=android.os.Handler c=java.util.concurrent.FutureTask@c6bbd5b m=0
12-08 15:38:13.686 W/Looper  ( 3755): Drained
12-08 15:38:13.739 I/ActivityManager( 3755): Start proc 6683:com.google.android.packageinstaller/u0a7 for broadcast {com.google.android.packageinstaller/com.android.packageinstaller.TemporaryFileManager}
12-08 15:38:13.963 I/ActivityManager( 3755): Start proc 6707:com.google.android.partnersetup/u0a51 for broadcast {com.google.android.partnersetup/com.google.android.partnersetup.GooglePartnerSetup}
12-08 15:38:14.436 W/ActivityManager( 3755): Slow operation: 55ms so far, now at startProcess: returned from zygote!
12-08 15:38:14.437 W/ActivityManager( 3755): Slow operation: 56ms so far, now at startProcess: done updating battery stats
12-08 15:38:14.437 W/ActivityManager( 3755): Slow operation: 56ms so far, now at startProcess: building log message
12-08 15:38:14.437 I/ActivityManager( 3755): Start proc 6741:com.google.android.permissioncontroller/u0a20 for broadcast {com.google.android.permissioncontroller/com.android.packageinstaller.permission.service.LocationAccessCheck$SetupPeriodicBackgroundLocationAccessCheck}
12-08 15:38:14.437 W/ActivityManager( 3755): Slow operation: 56ms so far, now at startProcess: starting to update pids map
12-08 15:38:14.437 W/ActivityManager( 3755): Slow operation: 56ms so far, now at startProcess: done updating pids map
12-08 15:38:14.727 W/BroadcastQueue( 3755): Permission Denial: receiving Intent { act=android.intent.action.BOOT_COMPLETED flg=0x89000010 (has extras) } to com.google.android.syncadapters.calendar/com.google.android.libraries.internal.growth.growthkit.inject.GrowthKitBootCompletedBroadcastReceiver requires android.permission.RECEIVE_BOOT_COMPLETED due to sender null (uid 1000)
12-08 15:38:14.797 W/ActivityManager( 3755): Slow operation: 67ms so far, now at startProcess: returned from zygote!
12-08 15:38:14.797 W/ActivityManager( 3755): Slow operation: 68ms so far, now at startProcess: done updating battery stats
12-08 15:38:14.800 W/ActivityManager( 3755): Slow operation: 71ms so far, now at startProcess: building log message
12-08 15:38:14.800 I/ActivityManager( 3755): Start proc 6778:com.google.android.tts/u0a62 for broadcast {com.google.android.tts/androidx.work.impl.background.systemalarm.RescheduleReceiver}
12-08 15:38:14.801 W/ActivityManager( 3755): Slow operation: 71ms so far, now at startProcess: starting to update pids map
12-08 15:38:14.801 W/ActivityManager( 3755): Slow operation: 71ms so far, now at startProcess: done updating pids map
12-08 15:38:15.362 D/ConnectivityService( 3755): requestNetwork for uid/pid:10052/6479 NetworkRequest [ TRACK_DEFAULT id=26, [ Capabilities: INTERNET&NOT_RESTRICTED&TRUSTED Uid: 10052] ]
12-08 15:38:16.583 W/ActivityManager( 3755): Slow operation: 60ms so far, now at startProcess: returned from zygote!
12-08 15:38:16.583 W/ActivityManager( 3755): Slow operation: 61ms so far, now at startProcess: done updating battery stats
12-08 15:38:16.583 W/ActivityManager( 3755): Slow operation: 61ms so far, now at startProcess: building log message
12-08 15:38:16.583 I/ActivityManager( 3755): Start proc 6909:com.google.android.tungsten.setupwraith/u0a54 for broadcast {com.google.android.tungsten.setupwraith/com.google.android.tvsetup.app.BootCompletedReceiver}
12-08 15:38:16.583 W/ActivityManager( 3755): Slow operation: 61ms so far, now at startProcess: starting to update pids map
12-08 15:38:16.585 W/ActivityManager( 3755): Slow operation: 62ms so far, now at startProcess: done updating pids map
12-08 15:38:16.609 D/ConnectivityService( 3755): Returning BLOCKED NetworkInfo to uid=10062
12-08 15:38:17.147 D/ConnectivityService( 3755): Returning BLOCKED NetworkInfo to uid=10054
12-08 15:38:17.259 W/ContextImpl( 4890): Calling a method in the system process without a qualified user: android.app.ContextImpl.bindService:1649 android.content.ContextWrapper.bindService:705 com.technicolor.dm.datamodel.tr135.Device.Services.STBService.Components.HDMI.HDMI.populateHdmiDetails:266 com.technicolor.dm.datamodel.tr135.Device.Services.STBService.Components.HDMI.HDMI.populateDatamodel:76 java.lang.reflect.Method.invoke:-2 
12-08 15:38:17.270 I/ActivityManager( 3755): Killing 4408:com.google.android.ext.services/u0a18 (adj 995): empty #17
12-08 15:38:17.376 V/SettingsProvider( 3755): Notifying for 0: content://settings/secure/enabled_notification_listeners
12-08 15:38:17.381 V/SettingsProvider( 3755): Notifying for 0: content://settings/secure/enabled_notification_listeners
12-08 15:38:17.447 W/ActivityManager( 3755): Slow operation: 87ms so far, now at startProcess: returned from zygote!
12-08 15:38:17.447 W/ActivityManager( 3755): Slow operation: 88ms so far, now at startProcess: done updating battery stats
12-08 15:38:17.448 W/ActivityManager( 3755): Slow operation: 88ms so far, now at startProcess: building log message
12-08 15:38:17.448 I/ActivityManager( 3755): Start proc 6955:com.google.android.youtube.tv/u0a59 for broadcast {com.google.android.youtube.tv/com.google.android.libraries.youtube.tv.recommendations.RecommendationsScheduler$Receiver}
12-08 15:38:17.448 W/ActivityManager( 3755): Slow operation: 88ms so far, now at startProcess: starting to update pids map
12-08 15:38:17.448 W/ActivityManager( 3755): Slow operation: 89ms so far, now at startProcess: done updating pids map
12-08 15:38:17.490 W/ProcessStats( 3755): Tracking association SourceState{7169896 com.google.android.tvlauncher/10046 Top #1130} whose proc state 1 is better than process ProcessState{749da55 com.google.android.gms.persistent/10045 pkg=com.google.android.gms} proc state 2 (363 skipped)
12-08 15:38:17.806 I/ActivityManager( 3755): Start proc 6988:com.google.android.ext.services/u0a18 for service {com.google.android.ext.services/android.ext.services.storage.CacheQuotaServiceImpl}
12-08 15:38:18.031 I/ActivityManager( 3755): Killing 5033:com.android.keychain/1000 (adj 995): empty #17
12-08 15:38:18.136 D/ConnectivityService( 3755): Returning BLOCKED NetworkInfo to uid=10059
12-08 15:38:18.335 D/ConnectivityService( 3755): requestNetwork for uid/pid:10059/6955 NetworkRequest [ TRACK_DEFAULT id=28, [ Capabilities: INTERNET&NOT_RESTRICTED&TRUSTED Uid: 10059] ]
12-08 15:38:18.349 I/ActivityManager( 3755): Killing 5408:com.android.localtransport/1000 (adj 995): empty #17
12-08 15:38:18.406 W/ActivityManager( 3755): Slow operation: 59ms so far, now at startProcess: returned from zygote!
12-08 15:38:18.406 W/ActivityManager( 3755): Slow operation: 60ms so far, now at startProcess: done updating battery stats
12-08 15:38:18.407 W/ActivityManager( 3755): Slow operation: 60ms so far, now at startProcess: building log message
12-08 15:38:18.407 I/ActivityManager( 3755): Start proc 7056:com.technicolor.NtpTimeSync/1000 for broadcast {com.technicolor.NtpTimeSync/com.technicolor.NtpTimeSync.ConnectionChangeReceiver}
12-08 15:38:18.408 W/ActivityManager( 3755): Slow operation: 61ms so far, now at startProcess: starting to update pids map
12-08 15:38:18.423 W/ActivityManager( 3755): Slow operation: 76ms so far, now at startProcess: done updating pids map
12-08 15:38:18.532 W/ContextImpl( 7056): Calling a method in the system process without a qualified user: android.app.ContextImpl.startService:1570 android.content.ContextWrapper.startService:669 android.content.ContextWrapper.startService:669 com.technicolor.NtpTimeSync.ConnectionChangeReceiver.onReceive:21 android.app.ActivityThread.handleReceiver:3788 
12-08 15:38:18.557 W/ContextImpl( 4839): Calling a method in the system process without a qualified user: android.app.ContextImpl.startService:1570 android.content.ContextWrapper.startService:669 android.content.ContextWrapper.startService:669 com.technicolor.android.hddtemperaturemonitor.BootcompleteReceiver.onReceive:22 android.app.ActivityThread.handleReceiver:3788 
12-08 15:38:18.558 V/ActivityManager( 3755): Attempted to start a foreground service (com.technicolor.android.cas.provider/.service.StartProviderService) with a broken notification (no icon: Notification(channel=NotificationStub pri=0 contentView=null vibrate=null sound=null defaults=0x0 flags=0x40 color=0x00000000 vis=PRIVATE))
12-08 15:38:18.624 W/ActivityManager( 3755): Slow operation: 51ms so far, now at startProcess: returned from zygote!
12-08 15:38:18.625 W/ActivityManager( 3755): Slow operation: 51ms so far, now at startProcess: done updating battery stats
12-08 15:38:18.625 W/ActivityManager( 3755): Slow operation: 51ms so far, now at startProcess: building log message
12-08 15:38:18.625 I/ActivityManager( 3755): Start proc 7084:com.technicolor.android.provider/1000 for broadcast {com.technicolor.android.provider/com.technicolor.android.provider.tables.mass_storage.AutoStarter}
12-08 15:38:18.625 W/ActivityManager( 3755): Slow operation: 51ms so far, now at startProcess: starting to update pids map
12-08 15:38:18.627 W/ActivityManager( 3755): Slow operation: 53ms so far, now at startProcess: done updating pids map
12-08 15:38:18.775 I/ActivityManager( 3755): Killing 5167:com.technicolor.leanbacklauncher.partnercustomizer/u0a32 (adj 995): empty #17
12-08 15:38:18.797 W/ContextImpl( 7084): Calling a method in the system process without a qualified user: android.app.ContextImpl.startService:1570 android.content.ContextWrapper.startService:669 android.content.ContextWrapper.startService:669 com.technicolor.android.provider.tables.mass_storage.AutoStarter.onReceive:15 android.app.ActivityThread.handleReceiver:3788 
12-08 15:38:18.879 W/ActivityManager( 3755): Slow operation: 73ms so far, now at startProcess: returned from zygote!
12-08 15:38:18.879 W/ActivityManager( 3755): Slow operation: 73ms so far, now at startProcess: done updating battery stats
12-08 15:38:18.880 W/ActivityManager( 3755): Slow operation: 73ms so far, now at startProcess: building log message
12-08 15:38:18.880 I/ActivityManager( 3755): Start proc 7109:com.technicolor.zwavereceiver/1000 for broadcast {com.technicolor.zwavereceiver/com.technicolor.zwavereceiver.ServiceAutoStarter}
12-08 15:38:18.880 W/ActivityManager( 3755): Slow operation: 73ms so far, now at startProcess: starting to update pids map
12-08 15:38:18.880 W/ActivityManager( 3755): Slow operation: 73ms so far, now at startProcess: done updating pids map
12-08 15:38:19.188 W/ContextImpl( 7109): Calling a method in the system process without a qualified user: android.app.ContextImpl.startService:1570 android.content.ContextWrapper.startService:669 android.content.ContextWrapper.startService:669 com.technicolor.zwavereceiver.ServiceAutoStarter.onReceive:38 android.app.ActivityThread.handleReceiver:3788 
12-08 15:38:19.195 I/ActivityManager( 3755): Finished processing BOOT_COMPLETED for u0
12-08 15:38:19.233 I/ActivityManager( 3755): Start proc 7143:com.technicolor.android.BootupTraceQR/1000 for broadcast {com.technicolor.android.BootupTraceQR/com.technicolor.android.BootupTraceQR.UsbReceiver}
12-08 15:38:19.350 W/ActivityManager( 3755): Unable to start service Intent { act=com.google.android.libraries.cast.tv.warg.service.START pkg=com.google.android.libraries.cast.tv.warg.service (has extras) } U=0: not found
12-08 15:38:19.371 I/ActivityManager( 3755): Killing 5711:com.android.externalstorage/u0a13 (adj 995): empty #17
12-08 15:38:19.557 I/ActivityManager( 3755): Start proc 7174:com.technicolor.android.usblogservice/1000 for broadcast {com.technicolor.android.usblogservice/com.technicolor.android.usblogservice.UsbLogService$MediaMountedReceiver}
12-08 15:38:19.696 W/ContextImpl( 7174): Calling a method in the system process without a qualified user: android.app.ContextImpl.startService:1570 android.content.ContextWrapper.startService:669 android.content.ContextWrapper.startService:669 com.technicolor.android.usblogservice.UsbLogService$MediaMountedReceiver.onReceive:232 android.app.ActivityThread.handleReceiver:3788 
12-08 15:38:19.900 I/ActivityManager( 3755): Killing 4666:com.google.android.marvin.talkback/u0a64 (adj 985): empty #17
12-08 15:38:19.972 W/ContextImpl( 7174): Calling a method in the system process without a qualified user: android.app.ContextImpl.startService:1570 android.content.ContextWrapper.startService:669 android.content.ContextWrapper.startService:669 com.technicolor.android.usblogservice.UsbLogService$MediaMountedReceiver.onReceive:232 android.app.ActivityThread.handleReceiver:3788 
12-08 15:38:20.257 W/BroadcastQueue( 3755): Background execution not allowed: receiving Intent { act=android.location.PROVIDERS_CHANGED flg=0x10 (has extras) } to com.google.android.gms/.chimera.GmsIntentOperationService$PersistentTrustedReceiver
12-08 15:38:20.270 W/BroadcastQueue( 3755): Background execution not allowed: receiving Intent { act=android.location.PROVIDERS_CHANGED flg=0x10 (has extras) } to com.google.android.gms/.chimera.GmsIntentOperationService$PersistentTrustedReceiver
12-08 15:38:20.480 W/BroadcastQueue( 3755): Background execution not allowed: receiving Intent { act=android.intent.action.DROPBOX_ENTRY_ADDED flg=0x10 (has extras) } to com.google.android.gms/.stats.service.DropBoxEntryAddedReceiver
12-08 15:38:20.482 W/BroadcastQueue( 3755): Background execution not allowed: receiving Intent { act=android.intent.action.DROPBOX_ENTRY_ADDED flg=0x10 (has extras) } to com.google.android.gms/.chimera.GmsIntentOperationService$PersistentTrustedReceiver
12-08 15:38:20.529 W/BroadcastQueue( 3755): Background execution not allowed: receiving Intent { act=com.google.android.location.internal.server.ACTION_RESTARTED flg=0x10 (has extras) } to com.google.android.gms/.chimera.GmsIntentOperationService$PersistentInternalReceiver
12-08 15:38:21.004 W/BroadcastQueue( 3755): Background execution not allowed: receiving Intent { act=android.speech.action.GET_LANGUAGE_DETAILS flg=0x10 } to com.google.android.katniss/com.google.android.apps.tvsearch.app.recognizer.IntentApiReceiver
12-08 15:38:21.245 W/ActivityManager( 3755): Slow operation: 110ms so far, now at startProcess: returned from zygote!
12-08 15:38:21.245 W/ActivityManager( 3755): Slow operation: 111ms so far, now at startProcess: done updating battery stats
12-08 15:38:21.246 W/ActivityManager( 3755): Slow operation: 112ms so far, now at startProcess: building log message
12-08 15:38:21.246 I/ActivityManager( 3755): Start proc 7244:com.google.android.gms.unstable/u0a45 for service {com.google.android.gms/com.google.android.gms.droidguard.DroidGuardService}
12-08 15:38:21.246 W/ActivityManager( 3755): Slow operation: 112ms so far, now at startProcess: starting to update pids map
12-08 15:38:21.248 W/ActivityManager( 3755): Slow operation: 113ms so far, now at startProcess: done updating pids map
12-08 15:38:21.376 W/ActivityManager( 3755): Unable to start service Intent { cmp=com.google.android.gms/.fido.fido2.pollux.CableAuthenticatorService } U=0: not found
12-08 15:38:21.392 W/ActivityManager( 3755): Unable to start service Intent { cmp=com.google.android.gms/.fido.authenticator.service.AuthenticatorService } U=0: not found
12-08 15:38:21.641 W/ActivityManager( 3755): Unable to start service Intent { act=com.google.android.gms.auth.key.retrieval.service.START pkg=com.google.android.gms } U=0: not found
12-08 15:38:21.642 W/ActivityManager( 3755): Unbind failed: could not find connection for android.os.BinderProxy@e0b7aee
12-08 15:38:22.147 I/DropBoxManagerService( 3755): add tag=event_log isTagEnabled=true flags=0x2
12-08 15:38:22.161 W/BroadcastQueue( 3755): Background execution not allowed: receiving Intent { act=android.intent.action.DROPBOX_ENTRY_ADDED flg=0x10 (has extras) } to com.google.android.gms/.stats.service.DropBoxEntryAddedReceiver
12-08 15:38:22.161 W/BroadcastQueue( 3755): Background execution not allowed: receiving Intent { act=android.intent.action.DROPBOX_ENTRY_ADDED flg=0x10 (has extras) } to com.google.android.gms/.chimera.GmsIntentOperationService$PersistentTrustedReceiver
12-08 15:38:22.246 I/ActivityManager( 3755): Waited long enough for: ServiceRecord{5996f7d u0 com.technicolor.tv.remotepairing/.RemotePairingService}
12-08 15:38:22.845 W/ActivityManager( 3755): Unable to start service Intent { act=com.google.android.gms.nearby.discovery:ACTION_INIT_MESSAGES_PATH cmp=com.google.android.gms/.nearby.discovery.service.DiscoveryService } U=0: not found
12-08 15:38:22.938 I/ActivityManager( 3755): Killing 5619:com.android.tv.common/u0a6 (adj 995): empty #17
12-08 15:38:23.018 I/ActivityManager( 3755): Killing 5828:com.google.android.play.games/u0a61 (adj 985): empty #17
12-08 15:38:23.243 W/PackageParser( 5120): Unknown element under <manifest>: queries at /data/user_de/0/com.google.android.gms/app_chimera/m/00000008/AdsDynamite.apk Binary XML file line #11
12-08 15:38:23.526 W/PackageParser( 5120): Unknown element under <manifest>: queries at /data/user_de/0/com.google.android.gms/app_chimera/m/00000010/dl-AdsFdrDynamite.integ_214106404000000.apk Binary XML file line #11
12-08 15:38:25.828 I/ActivityManager( 3755): Waited long enough for: ServiceRecord{2f74d85 u0 com.broadcom.customizer/.HdmiAudioPlugService}
12-08 15:38:26.012 I/ActivityManager( 3755): Waited long enough for: ServiceRecord{7017adf u0 com.broadcom.nrdphelper/.HdmiAudioPlugService}
12-08 15:38:26.335 I/DropBoxManagerService( 3755): add tag=keymaster isTagEnabled=true flags=0x0
12-08 15:38:27.287 D/ConnectivityService( 3755): requestNetwork for uid/pid:10045/5120 NetworkRequest [ TRACK_DEFAULT id=29, [ Capabilities: INTERNET&NOT_RESTRICTED&TRUSTED Uid: 10045] ]
12-08 15:38:27.569 W/ProcessStats( 3755): Tracking association SourceState{7169896 com.google.android.tvlauncher/10046 Top #1652} whose proc state 1 is better than process ProcessState{749da55 com.google.android.gms.persistent/10045 pkg=com.google.android.gms} proc state 2 (530 skipped)
12-08 15:38:28.053 E/WifiService( 3755): Permission violation - getConfiguredNetworks not allowed for uid=10044, packageName=com.google.android.tvrecommendations, reason=java.lang.SecurityException: UID 10044 has no location permission
12-08 15:38:28.065 I/chatty  ( 3755): uid=1000(system) Binder:3755_6 identical 1 line
12-08 15:38:28.069 E/WifiService( 3755): Permission violation - getConfiguredNetworks not allowed for uid=10044, packageName=com.google.android.tvrecommendations, reason=java.lang.SecurityException: UID 10044 has no location permission
